aligned0=T
aligned2=T
unaligned2=F
regOk2=T
regOk3=F
regOk8=F
fpRegOk3=T
fpRegOk4=F
regImmReg=T
regImmXorMinus1=T
regImmXorOther=T
arithBinopOk=T
arithBinopTwoRegBad=F
arithShiftOk=T
arithShiftWidth=F
arithDivOk=F
arithAddCarryOk=F
arithAddCarryBad=F
arithLongDivBad=F
fpLessOk=T
fpFmaBad=F
fpAbsTwoReg=F
cmpOk=T
addrOffsetOk=T
hwOffsetOk=T
byteOffsetOk=F
jumpOffsetOk=F
jumpOffsetUnaligned=F
instConstOk=T
instArithOk=F
instFpOk=T
instMemLoadOk=T
instMemHwOk=T
instMemByteOk=T
stackAddrLoad=T
stackAddrHw=T
stackAddrByte=T
signedHighLeZero=T
unsignedHighLeZero=F
signedOffsetBounds=F
asmOkInstConst=T
asmOkJump=T
asmOkJumpCmp=T
asmOkCallNone=F
asmOkJumpReg=F
asmOkLoc=T
