return=Return [Const 7w]
missing_global=Call NONE «f» []
empty_one_global=Call NONE «f» []
extra_names_global=Call (SOME ([4; 5],NONE)) «f» []
missing_names_global=Call (SOME ([4],NONE)) «f» []
pair_load=Return
  (Load (Var 0)::
     if n2w (dimindex (:word64) DIV 8 MOD dimword (:word64)) = 0w then
       [Load (Var 0)]
     else
       [Load
          (Op Add
             [Var 0;
              Const (n2w (dimindex (:word64) DIV 8 MOD dimword (:word64)))])])
pair_store=Dec 3 (Var 0)
  (Dec 4 (Var 1)
     (Dec 5 (Var 2)
        (Seq (Store (Var 3) (Var 4))
           (nested_seq
              (if
                 n2w (dimindex (:word64) DIV 8 MOD dimword (:word64)) = 0w
               then
                 [Store (Var 3) (Var 5)]
               else
                 [Store
                    (Op Add
                       [Var 3;
                        Const
                          (n2w
                             (dimindex (:word64) DIV 8 MOD dimword (:word64)))])
                    (Var 5)])))))
fixed_stride64=([Const (n2w (dimindex (:word64) DIV 8))],One)
