divide_DIV_0_0_0=T
divide_DIV_0_0_1=T
divide_DIV_0_0_2=T
divide_DIV_0_0_7=T
divide_DIV_0_1_0=T
divide_DIV_0_1_1=T
divide_DIV_0_1_2=T
divide_DIV_0_1_7=T
divide_DIV_0_2_0=T
divide_DIV_0_2_1=T
divide_DIV_0_2_2=T
divide_DIV_0_2_7=T
divide_DIV_0_3_0=T
divide_DIV_0_3_1=T
divide_DIV_0_3_2=T
divide_DIV_0_3_7=T
divide_DIV_0_4_0=T
divide_DIV_0_4_1=T
divide_DIV_0_4_2=T
divide_DIV_0_4_7=T
divide_DIV_0_5_0=T
divide_DIV_0_5_1=T
divide_DIV_0_5_2=T
divide_DIV_0_5_7=T
divide_DIV_0_6_0=T
divide_DIV_0_6_1=T
divide_DIV_0_6_2=T
divide_DIV_0_6_7=T
divide_DIV_0_7_0=T
divide_DIV_0_7_1=T
divide_DIV_0_7_2=T
divide_DIV_0_7_7=T
divide_DIV_0_8_0=T
divide_DIV_0_8_1=T
divide_DIV_0_8_2=T
divide_DIV_0_8_7=T
divide_DIV_0_9_0=T
divide_DIV_0_9_1=T
divide_DIV_0_9_2=T
divide_DIV_0_9_7=T
divide_DIV_0_10_0=T
divide_DIV_0_10_1=T
divide_DIV_0_10_2=T
divide_DIV_0_10_7=T
divide_DIV_0_11_0=T
divide_DIV_0_11_1=T
divide_DIV_0_11_2=T
divide_DIV_0_11_7=T
divide_DIV_0_12_0=T
divide_DIV_0_12_1=T
divide_DIV_0_12_2=T
divide_DIV_0_12_7=T
divide_DIV_0_13_0=T
divide_DIV_0_13_1=T
divide_DIV_0_13_2=T
divide_DIV_0_13_7=T
divide_DIV_0_14_0=T
divide_DIV_0_14_1=T
divide_DIV_0_14_2=T
divide_DIV_0_14_7=T
divide_DIV_2_0_0=T
divide_DIV_2_0_1=T
divide_DIV_2_0_2=T
divide_DIV_2_0_7=T
divide_DIV_2_1_0=T
divide_DIV_2_1_1=T
divide_DIV_2_1_2=T
divide_DIV_2_1_7=T
divide_DIV_2_2_0=T
divide_DIV_2_2_1=T
divide_DIV_2_2_2=T
divide_DIV_2_2_7=T
divide_DIV_2_3_0=T
divide_DIV_2_3_1=T
divide_DIV_2_3_2=T
divide_DIV_2_3_7=T
divide_DIV_2_4_0=T
divide_DIV_2_4_1=T
divide_DIV_2_4_2=T
divide_DIV_2_4_7=T
divide_DIV_2_5_0=T
divide_DIV_2_5_1=T
divide_DIV_2_5_2=T
divide_DIV_2_5_7=T
divide_DIV_2_6_0=T
divide_DIV_2_6_1=T
divide_DIV_2_6_2=T
divide_DIV_2_6_7=T
divide_DIV_2_7_0=T
divide_DIV_2_7_1=T
divide_DIV_2_7_2=T
divide_DIV_2_7_7=T
divide_DIV_2_8_0=T
divide_DIV_2_8_1=T
divide_DIV_2_8_2=T
divide_DIV_2_8_7=T
divide_DIV_2_9_0=T
divide_DIV_2_9_1=T
divide_DIV_2_9_2=T
divide_DIV_2_9_7=T
divide_DIV_2_10_0=T
divide_DIV_2_10_1=T
divide_DIV_2_10_2=T
divide_DIV_2_10_7=T
divide_DIV_2_11_0=T
divide_DIV_2_11_1=T
divide_DIV_2_11_2=T
divide_DIV_2_11_7=T
divide_DIV_2_12_0=T
divide_DIV_2_12_1=T
divide_DIV_2_12_2=T
divide_DIV_2_12_7=T
divide_DIV_2_13_0=T
divide_DIV_2_13_1=T
divide_DIV_2_13_2=T
divide_DIV_2_13_7=T
divide_DIV_2_14_0=T
divide_DIV_2_14_1=T
divide_DIV_2_14_2=T
divide_DIV_2_14_7=T
divide_DIV_3_0_0=T
divide_DIV_3_0_1=T
divide_DIV_3_0_2=T
divide_DIV_3_0_7=T
divide_DIV_3_1_0=T
divide_DIV_3_1_1=T
divide_DIV_3_1_2=T
divide_DIV_3_1_7=T
divide_DIV_3_2_0=T
divide_DIV_3_2_1=T
divide_DIV_3_2_2=T
divide_DIV_3_2_7=T
divide_DIV_3_3_0=T
divide_DIV_3_3_1=T
divide_DIV_3_3_2=T
divide_DIV_3_3_7=T
divide_DIV_3_4_0=T
divide_DIV_3_4_1=T
divide_DIV_3_4_2=T
divide_DIV_3_4_7=T
divide_DIV_3_5_0=T
divide_DIV_3_5_1=T
divide_DIV_3_5_2=T
divide_DIV_3_5_7=T
divide_DIV_3_6_0=T
divide_DIV_3_6_1=T
divide_DIV_3_6_2=T
divide_DIV_3_6_7=T
divide_DIV_3_7_0=T
divide_DIV_3_7_1=T
divide_DIV_3_7_2=T
divide_DIV_3_7_7=T
divide_DIV_3_8_0=T
divide_DIV_3_8_1=T
divide_DIV_3_8_2=T
divide_DIV_3_8_7=T
divide_DIV_3_9_0=T
divide_DIV_3_9_1=T
divide_DIV_3_9_2=T
divide_DIV_3_9_7=T
divide_DIV_3_10_0=T
divide_DIV_3_10_1=T
divide_DIV_3_10_2=T
divide_DIV_3_10_7=T
divide_DIV_3_11_0=T
divide_DIV_3_11_1=T
divide_DIV_3_11_2=T
divide_DIV_3_11_7=T
divide_DIV_3_12_0=T
divide_DIV_3_12_1=T
divide_DIV_3_12_2=T
divide_DIV_3_12_7=T
divide_DIV_3_13_0=T
divide_DIV_3_13_1=T
divide_DIV_3_13_2=T
divide_DIV_3_13_7=T
divide_DIV_3_14_0=T
divide_DIV_3_14_1=T
divide_DIV_3_14_2=T
divide_DIV_3_14_7=T
divide_REM_0_0_0=T
divide_REM_0_0_1=T
divide_REM_0_0_2=T
divide_REM_0_0_7=T
divide_REM_0_1_0=T
divide_REM_0_1_1=T
divide_REM_0_1_2=T
divide_REM_0_1_7=T
divide_REM_0_2_0=T
divide_REM_0_2_1=T
divide_REM_0_2_2=T
divide_REM_0_2_7=T
divide_REM_0_3_0=T
divide_REM_0_3_1=T
divide_REM_0_3_2=T
divide_REM_0_3_7=T
divide_REM_0_4_0=T
divide_REM_0_4_1=T
divide_REM_0_4_2=T
divide_REM_0_4_7=T
divide_REM_0_5_0=T
divide_REM_0_5_1=T
divide_REM_0_5_2=T
divide_REM_0_5_7=T
divide_REM_0_6_0=T
divide_REM_0_6_1=T
divide_REM_0_6_2=T
divide_REM_0_6_7=T
divide_REM_0_7_0=T
divide_REM_0_7_1=T
divide_REM_0_7_2=T
divide_REM_0_7_7=T
divide_REM_0_8_0=T
divide_REM_0_8_1=T
divide_REM_0_8_2=T
divide_REM_0_8_7=T
divide_REM_0_9_0=T
divide_REM_0_9_1=T
divide_REM_0_9_2=T
divide_REM_0_9_7=T
divide_REM_0_10_0=T
divide_REM_0_10_1=T
divide_REM_0_10_2=T
divide_REM_0_10_7=T
divide_REM_0_11_0=T
divide_REM_0_11_1=T
divide_REM_0_11_2=T
divide_REM_0_11_7=T
divide_REM_0_12_0=T
divide_REM_0_12_1=T
divide_REM_0_12_2=T
divide_REM_0_12_7=T
divide_REM_0_13_0=T
divide_REM_0_13_1=T
divide_REM_0_13_2=T
divide_REM_0_13_7=T
divide_REM_0_14_0=T
divide_REM_0_14_1=T
divide_REM_0_14_2=T
divide_REM_0_14_7=T
divide_REM_2_0_0=T
divide_REM_2_0_1=T
divide_REM_2_0_2=T
divide_REM_2_0_7=T
divide_REM_2_1_0=T
divide_REM_2_1_1=T
divide_REM_2_1_2=T
divide_REM_2_1_7=T
divide_REM_2_2_0=T
divide_REM_2_2_1=T
divide_REM_2_2_2=T
divide_REM_2_2_7=T
divide_REM_2_3_0=T
divide_REM_2_3_1=T
divide_REM_2_3_2=T
divide_REM_2_3_7=T
divide_REM_2_4_0=T
divide_REM_2_4_1=T
divide_REM_2_4_2=T
divide_REM_2_4_7=T
divide_REM_2_5_0=T
divide_REM_2_5_1=T
divide_REM_2_5_2=T
divide_REM_2_5_7=T
divide_REM_2_6_0=T
divide_REM_2_6_1=T
divide_REM_2_6_2=T
divide_REM_2_6_7=T
divide_REM_2_7_0=T
divide_REM_2_7_1=T
divide_REM_2_7_2=T
divide_REM_2_7_7=T
divide_REM_2_8_0=T
divide_REM_2_8_1=T
divide_REM_2_8_2=T
divide_REM_2_8_7=T
divide_REM_2_9_0=T
divide_REM_2_9_1=T
divide_REM_2_9_2=T
divide_REM_2_9_7=T
divide_REM_2_10_0=T
divide_REM_2_10_1=T
divide_REM_2_10_2=T
divide_REM_2_10_7=T
divide_REM_2_11_0=T
divide_REM_2_11_1=T
divide_REM_2_11_2=T
divide_REM_2_11_7=T
divide_REM_2_12_0=T
divide_REM_2_12_1=T
divide_REM_2_12_2=T
divide_REM_2_12_7=T
divide_REM_2_13_0=T
divide_REM_2_13_1=T
divide_REM_2_13_2=T
divide_REM_2_13_7=T
divide_REM_2_14_0=T
divide_REM_2_14_1=T
divide_REM_2_14_2=T
divide_REM_2_14_7=T
divide_REM_3_0_0=T
divide_REM_3_0_1=T
divide_REM_3_0_2=T
divide_REM_3_0_7=T
divide_REM_3_1_0=T
divide_REM_3_1_1=T
divide_REM_3_1_2=T
divide_REM_3_1_7=T
divide_REM_3_2_0=T
divide_REM_3_2_1=T
divide_REM_3_2_2=T
divide_REM_3_2_7=T
divide_REM_3_3_0=T
divide_REM_3_3_1=T
divide_REM_3_3_2=T
divide_REM_3_3_7=T
divide_REM_3_4_0=T
divide_REM_3_4_1=T
divide_REM_3_4_2=T
divide_REM_3_4_7=T
divide_REM_3_5_0=T
divide_REM_3_5_1=T
divide_REM_3_5_2=T
divide_REM_3_5_7=T
divide_REM_3_6_0=T
divide_REM_3_6_1=T
divide_REM_3_6_2=T
divide_REM_3_6_7=T
divide_REM_3_7_0=T
divide_REM_3_7_1=T
divide_REM_3_7_2=T
divide_REM_3_7_7=T
divide_REM_3_8_0=T
divide_REM_3_8_1=T
divide_REM_3_8_2=T
divide_REM_3_8_7=T
divide_REM_3_9_0=T
divide_REM_3_9_1=T
divide_REM_3_9_2=T
divide_REM_3_9_7=T
divide_REM_3_10_0=T
divide_REM_3_10_1=T
divide_REM_3_10_2=T
divide_REM_3_10_7=T
divide_REM_3_11_0=T
divide_REM_3_11_1=T
divide_REM_3_11_2=T
divide_REM_3_11_7=T
divide_REM_3_12_0=T
divide_REM_3_12_1=T
divide_REM_3_12_2=T
divide_REM_3_12_7=T
divide_REM_3_13_0=T
divide_REM_3_13_1=T
divide_REM_3_13_2=T
divide_REM_3_13_7=T
divide_REM_3_14_0=T
divide_REM_3_14_1=T
divide_REM_3_14_2=T
divide_REM_3_14_7=T
divide_DIVU_0_0_0=T
divide_DIVU_0_0_1=T
divide_DIVU_0_0_2=T
divide_DIVU_0_0_7=T
divide_DIVU_0_1_0=T
divide_DIVU_0_1_1=T
divide_DIVU_0_1_2=T
divide_DIVU_0_1_7=T
divide_DIVU_0_2_0=T
divide_DIVU_0_2_1=T
divide_DIVU_0_2_2=T
divide_DIVU_0_2_7=T
divide_DIVU_0_3_0=T
divide_DIVU_0_3_1=T
divide_DIVU_0_3_2=T
divide_DIVU_0_3_7=T
divide_DIVU_0_4_0=T
divide_DIVU_0_4_1=T
divide_DIVU_0_4_2=T
divide_DIVU_0_4_7=T
divide_DIVU_0_5_0=T
divide_DIVU_0_5_1=T
divide_DIVU_0_5_2=T
divide_DIVU_0_5_7=T
divide_DIVU_0_6_0=T
divide_DIVU_0_6_1=T
divide_DIVU_0_6_2=T
divide_DIVU_0_6_7=T
divide_DIVU_0_7_0=T
divide_DIVU_0_7_1=T
divide_DIVU_0_7_2=T
divide_DIVU_0_7_7=T
divide_DIVU_0_8_0=T
divide_DIVU_0_8_1=T
divide_DIVU_0_8_2=T
divide_DIVU_0_8_7=T
divide_DIVU_0_9_0=T
divide_DIVU_0_9_1=T
divide_DIVU_0_9_2=T
divide_DIVU_0_9_7=T
divide_DIVU_0_10_0=T
divide_DIVU_0_10_1=T
divide_DIVU_0_10_2=T
divide_DIVU_0_10_7=T
divide_DIVU_0_11_0=T
divide_DIVU_0_11_1=T
divide_DIVU_0_11_2=T
divide_DIVU_0_11_7=T
divide_DIVU_0_12_0=T
divide_DIVU_0_12_1=T
divide_DIVU_0_12_2=T
divide_DIVU_0_12_7=T
divide_DIVU_0_13_0=T
divide_DIVU_0_13_1=T
divide_DIVU_0_13_2=T
divide_DIVU_0_13_7=T
divide_DIVU_0_14_0=T
divide_DIVU_0_14_1=T
divide_DIVU_0_14_2=T
divide_DIVU_0_14_7=T
divide_DIVU_2_0_0=T
divide_DIVU_2_0_1=T
divide_DIVU_2_0_2=T
divide_DIVU_2_0_7=T
divide_DIVU_2_1_0=T
divide_DIVU_2_1_1=T
divide_DIVU_2_1_2=T
divide_DIVU_2_1_7=T
divide_DIVU_2_2_0=T
divide_DIVU_2_2_1=T
divide_DIVU_2_2_2=T
divide_DIVU_2_2_7=T
divide_DIVU_2_3_0=T
divide_DIVU_2_3_1=T
divide_DIVU_2_3_2=T
divide_DIVU_2_3_7=T
divide_DIVU_2_4_0=T
divide_DIVU_2_4_1=T
divide_DIVU_2_4_2=T
divide_DIVU_2_4_7=T
divide_DIVU_2_5_0=T
divide_DIVU_2_5_1=T
divide_DIVU_2_5_2=T
divide_DIVU_2_5_7=T
divide_DIVU_2_6_0=T
divide_DIVU_2_6_1=T
divide_DIVU_2_6_2=T
divide_DIVU_2_6_7=T
divide_DIVU_2_7_0=T
divide_DIVU_2_7_1=T
divide_DIVU_2_7_2=T
divide_DIVU_2_7_7=T
divide_DIVU_2_8_0=T
divide_DIVU_2_8_1=T
divide_DIVU_2_8_2=T
divide_DIVU_2_8_7=T
divide_DIVU_2_9_0=T
divide_DIVU_2_9_1=T
divide_DIVU_2_9_2=T
divide_DIVU_2_9_7=T
divide_DIVU_2_10_0=T
divide_DIVU_2_10_1=T
divide_DIVU_2_10_2=T
divide_DIVU_2_10_7=T
divide_DIVU_2_11_0=T
divide_DIVU_2_11_1=T
divide_DIVU_2_11_2=T
divide_DIVU_2_11_7=T
divide_DIVU_2_12_0=T
divide_DIVU_2_12_1=T
divide_DIVU_2_12_2=T
divide_DIVU_2_12_7=T
divide_DIVU_2_13_0=T
divide_DIVU_2_13_1=T
divide_DIVU_2_13_2=T
divide_DIVU_2_13_7=T
divide_DIVU_2_14_0=T
divide_DIVU_2_14_1=T
divide_DIVU_2_14_2=T
divide_DIVU_2_14_7=T
divide_DIVU_3_0_0=T
divide_DIVU_3_0_1=T
divide_DIVU_3_0_2=T
divide_DIVU_3_0_7=T
divide_DIVU_3_1_0=T
divide_DIVU_3_1_1=T
divide_DIVU_3_1_2=T
divide_DIVU_3_1_7=T
divide_DIVU_3_2_0=T
divide_DIVU_3_2_1=T
divide_DIVU_3_2_2=T
divide_DIVU_3_2_7=T
divide_DIVU_3_3_0=T
divide_DIVU_3_3_1=T
divide_DIVU_3_3_2=T
divide_DIVU_3_3_7=T
divide_DIVU_3_4_0=T
divide_DIVU_3_4_1=T
divide_DIVU_3_4_2=T
divide_DIVU_3_4_7=T
divide_DIVU_3_5_0=T
divide_DIVU_3_5_1=T
divide_DIVU_3_5_2=T
divide_DIVU_3_5_7=T
divide_DIVU_3_6_0=T
divide_DIVU_3_6_1=T
divide_DIVU_3_6_2=T
divide_DIVU_3_6_7=T
divide_DIVU_3_7_0=T
divide_DIVU_3_7_1=T
divide_DIVU_3_7_2=T
divide_DIVU_3_7_7=T
divide_DIVU_3_8_0=T
divide_DIVU_3_8_1=T
divide_DIVU_3_8_2=T
divide_DIVU_3_8_7=T
divide_DIVU_3_9_0=T
divide_DIVU_3_9_1=T
divide_DIVU_3_9_2=T
divide_DIVU_3_9_7=T
divide_DIVU_3_10_0=T
divide_DIVU_3_10_1=T
divide_DIVU_3_10_2=T
divide_DIVU_3_10_7=T
divide_DIVU_3_11_0=T
divide_DIVU_3_11_1=T
divide_DIVU_3_11_2=T
divide_DIVU_3_11_7=T
divide_DIVU_3_12_0=T
divide_DIVU_3_12_1=T
divide_DIVU_3_12_2=T
divide_DIVU_3_12_7=T
divide_DIVU_3_13_0=T
divide_DIVU_3_13_1=T
divide_DIVU_3_13_2=T
divide_DIVU_3_13_7=T
divide_DIVU_3_14_0=T
divide_DIVU_3_14_1=T
divide_DIVU_3_14_2=T
divide_DIVU_3_14_7=T
divide_REMU_0_0_0=T
divide_REMU_0_0_1=T
divide_REMU_0_0_2=T
divide_REMU_0_0_7=T
divide_REMU_0_1_0=T
divide_REMU_0_1_1=T
divide_REMU_0_1_2=T
divide_REMU_0_1_7=T
divide_REMU_0_2_0=T
divide_REMU_0_2_1=T
divide_REMU_0_2_2=T
divide_REMU_0_2_7=T
divide_REMU_0_3_0=T
divide_REMU_0_3_1=T
divide_REMU_0_3_2=T
divide_REMU_0_3_7=T
divide_REMU_0_4_0=T
divide_REMU_0_4_1=T
divide_REMU_0_4_2=T
divide_REMU_0_4_7=T
divide_REMU_0_5_0=T
divide_REMU_0_5_1=T
divide_REMU_0_5_2=T
divide_REMU_0_5_7=T
divide_REMU_0_6_0=T
divide_REMU_0_6_1=T
divide_REMU_0_6_2=T
divide_REMU_0_6_7=T
divide_REMU_0_7_0=T
divide_REMU_0_7_1=T
divide_REMU_0_7_2=T
divide_REMU_0_7_7=T
divide_REMU_0_8_0=T
divide_REMU_0_8_1=T
divide_REMU_0_8_2=T
divide_REMU_0_8_7=T
divide_REMU_0_9_0=T
divide_REMU_0_9_1=T
divide_REMU_0_9_2=T
divide_REMU_0_9_7=T
divide_REMU_0_10_0=T
divide_REMU_0_10_1=T
divide_REMU_0_10_2=T
divide_REMU_0_10_7=T
divide_REMU_0_11_0=T
divide_REMU_0_11_1=T
divide_REMU_0_11_2=T
divide_REMU_0_11_7=T
divide_REMU_0_12_0=T
divide_REMU_0_12_1=T
divide_REMU_0_12_2=T
divide_REMU_0_12_7=T
divide_REMU_0_13_0=T
divide_REMU_0_13_1=T
divide_REMU_0_13_2=T
divide_REMU_0_13_7=T
divide_REMU_0_14_0=T
divide_REMU_0_14_1=T
divide_REMU_0_14_2=T
divide_REMU_0_14_7=T
divide_REMU_2_0_0=T
divide_REMU_2_0_1=T
divide_REMU_2_0_2=T
divide_REMU_2_0_7=T
divide_REMU_2_1_0=T
divide_REMU_2_1_1=T
divide_REMU_2_1_2=T
divide_REMU_2_1_7=T
divide_REMU_2_2_0=T
divide_REMU_2_2_1=T
divide_REMU_2_2_2=T
divide_REMU_2_2_7=T
divide_REMU_2_3_0=T
divide_REMU_2_3_1=T
divide_REMU_2_3_2=T
divide_REMU_2_3_7=T
divide_REMU_2_4_0=T
divide_REMU_2_4_1=T
divide_REMU_2_4_2=T
divide_REMU_2_4_7=T
divide_REMU_2_5_0=T
divide_REMU_2_5_1=T
divide_REMU_2_5_2=T
divide_REMU_2_5_7=T
divide_REMU_2_6_0=T
divide_REMU_2_6_1=T
divide_REMU_2_6_2=T
divide_REMU_2_6_7=T
divide_REMU_2_7_0=T
divide_REMU_2_7_1=T
divide_REMU_2_7_2=T
divide_REMU_2_7_7=T
divide_REMU_2_8_0=T
divide_REMU_2_8_1=T
divide_REMU_2_8_2=T
divide_REMU_2_8_7=T
divide_REMU_2_9_0=T
divide_REMU_2_9_1=T
divide_REMU_2_9_2=T
divide_REMU_2_9_7=T
divide_REMU_2_10_0=T
divide_REMU_2_10_1=T
divide_REMU_2_10_2=T
divide_REMU_2_10_7=T
divide_REMU_2_11_0=T
divide_REMU_2_11_1=T
divide_REMU_2_11_2=T
divide_REMU_2_11_7=T
divide_REMU_2_12_0=T
divide_REMU_2_12_1=T
divide_REMU_2_12_2=T
divide_REMU_2_12_7=T
divide_REMU_2_13_0=T
divide_REMU_2_13_1=T
divide_REMU_2_13_2=T
divide_REMU_2_13_7=T
divide_REMU_2_14_0=T
divide_REMU_2_14_1=T
divide_REMU_2_14_2=T
divide_REMU_2_14_7=T
divide_REMU_3_0_0=T
divide_REMU_3_0_1=T
divide_REMU_3_0_2=T
divide_REMU_3_0_7=T
divide_REMU_3_1_0=T
divide_REMU_3_1_1=T
divide_REMU_3_1_2=T
divide_REMU_3_1_7=T
divide_REMU_3_2_0=T
divide_REMU_3_2_1=T
divide_REMU_3_2_2=T
divide_REMU_3_2_7=T
divide_REMU_3_3_0=T
divide_REMU_3_3_1=T
divide_REMU_3_3_2=T
divide_REMU_3_3_7=T
divide_REMU_3_4_0=T
divide_REMU_3_4_1=T
divide_REMU_3_4_2=T
divide_REMU_3_4_7=T
divide_REMU_3_5_0=T
divide_REMU_3_5_1=T
divide_REMU_3_5_2=T
divide_REMU_3_5_7=T
divide_REMU_3_6_0=T
divide_REMU_3_6_1=T
divide_REMU_3_6_2=T
divide_REMU_3_6_7=T
divide_REMU_3_7_0=T
divide_REMU_3_7_1=T
divide_REMU_3_7_2=T
divide_REMU_3_7_7=T
divide_REMU_3_8_0=T
divide_REMU_3_8_1=T
divide_REMU_3_8_2=T
divide_REMU_3_8_7=T
divide_REMU_3_9_0=T
divide_REMU_3_9_1=T
divide_REMU_3_9_2=T
divide_REMU_3_9_7=T
divide_REMU_3_10_0=T
divide_REMU_3_10_1=T
divide_REMU_3_10_2=T
divide_REMU_3_10_7=T
divide_REMU_3_11_0=T
divide_REMU_3_11_1=T
divide_REMU_3_11_2=T
divide_REMU_3_11_7=T
divide_REMU_3_12_0=T
divide_REMU_3_12_1=T
divide_REMU_3_12_2=T
divide_REMU_3_12_7=T
divide_REMU_3_13_0=T
divide_REMU_3_13_1=T
divide_REMU_3_13_2=T
divide_REMU_3_13_7=T
divide_REMU_3_14_0=T
divide_REMU_3_14_1=T
divide_REMU_3_14_2=T
divide_REMU_3_14_7=T
divide_DIVW_0_0_0=T
divide_DIVW_0_0_1=T
divide_DIVW_0_0_2=T
divide_DIVW_0_0_7=T
divide_DIVW_0_1_0=T
divide_DIVW_0_1_1=T
divide_DIVW_0_1_2=T
divide_DIVW_0_1_7=T
divide_DIVW_0_2_0=T
divide_DIVW_0_2_1=T
divide_DIVW_0_2_2=T
divide_DIVW_0_2_7=T
divide_DIVW_0_3_0=T
divide_DIVW_0_3_1=T
divide_DIVW_0_3_2=T
divide_DIVW_0_3_7=T
divide_DIVW_0_4_0=T
divide_DIVW_0_4_1=T
divide_DIVW_0_4_2=T
divide_DIVW_0_4_7=T
divide_DIVW_0_5_0=T
divide_DIVW_0_5_1=T
divide_DIVW_0_5_2=T
divide_DIVW_0_5_7=T
divide_DIVW_0_6_0=T
divide_DIVW_0_6_1=T
divide_DIVW_0_6_2=T
divide_DIVW_0_6_7=T
divide_DIVW_0_7_0=T
divide_DIVW_0_7_1=T
divide_DIVW_0_7_2=T
divide_DIVW_0_7_7=T
divide_DIVW_0_8_0=T
divide_DIVW_0_8_1=T
divide_DIVW_0_8_2=T
divide_DIVW_0_8_7=T
divide_DIVW_0_9_0=T
divide_DIVW_0_9_1=T
divide_DIVW_0_9_2=T
divide_DIVW_0_9_7=T
divide_DIVW_0_10_0=T
divide_DIVW_0_10_1=T
divide_DIVW_0_10_2=T
divide_DIVW_0_10_7=T
divide_DIVW_0_11_0=T
divide_DIVW_0_11_1=T
divide_DIVW_0_11_2=T
divide_DIVW_0_11_7=T
divide_DIVW_0_12_0=T
divide_DIVW_0_12_1=T
divide_DIVW_0_12_2=T
divide_DIVW_0_12_7=T
divide_DIVW_0_13_0=T
divide_DIVW_0_13_1=T
divide_DIVW_0_13_2=T
divide_DIVW_0_13_7=T
divide_DIVW_0_14_0=T
divide_DIVW_0_14_1=T
divide_DIVW_0_14_2=T
divide_DIVW_0_14_7=T
divide_DIVW_2_0_0=T
divide_DIVW_2_0_1=T
divide_DIVW_2_0_2=T
divide_DIVW_2_0_7=T
divide_DIVW_2_1_0=T
divide_DIVW_2_1_1=T
divide_DIVW_2_1_2=T
divide_DIVW_2_1_7=T
divide_DIVW_2_2_0=T
divide_DIVW_2_2_1=T
divide_DIVW_2_2_2=T
divide_DIVW_2_2_7=T
divide_DIVW_2_3_0=T
divide_DIVW_2_3_1=T
divide_DIVW_2_3_2=T
divide_DIVW_2_3_7=T
divide_DIVW_2_4_0=T
divide_DIVW_2_4_1=T
divide_DIVW_2_4_2=T
divide_DIVW_2_4_7=T
divide_DIVW_2_5_0=T
divide_DIVW_2_5_1=T
divide_DIVW_2_5_2=T
divide_DIVW_2_5_7=T
divide_DIVW_2_6_0=T
divide_DIVW_2_6_1=T
divide_DIVW_2_6_2=T
divide_DIVW_2_6_7=T
divide_DIVW_2_7_0=T
divide_DIVW_2_7_1=T
divide_DIVW_2_7_2=T
divide_DIVW_2_7_7=T
divide_DIVW_2_8_0=T
divide_DIVW_2_8_1=T
divide_DIVW_2_8_2=T
divide_DIVW_2_8_7=T
divide_DIVW_2_9_0=T
divide_DIVW_2_9_1=T
divide_DIVW_2_9_2=T
divide_DIVW_2_9_7=T
divide_DIVW_2_10_0=T
divide_DIVW_2_10_1=T
divide_DIVW_2_10_2=T
divide_DIVW_2_10_7=T
divide_DIVW_2_11_0=T
divide_DIVW_2_11_1=T
divide_DIVW_2_11_2=T
divide_DIVW_2_11_7=T
divide_DIVW_2_12_0=T
divide_DIVW_2_12_1=T
divide_DIVW_2_12_2=T
divide_DIVW_2_12_7=T
divide_DIVW_2_13_0=T
divide_DIVW_2_13_1=T
divide_DIVW_2_13_2=T
divide_DIVW_2_13_7=T
divide_DIVW_2_14_0=T
divide_DIVW_2_14_1=T
divide_DIVW_2_14_2=T
divide_DIVW_2_14_7=T
divide_DIVW_3_0_0=T
divide_DIVW_3_0_1=T
divide_DIVW_3_0_2=T
divide_DIVW_3_0_7=T
divide_DIVW_3_1_0=T
divide_DIVW_3_1_1=T
divide_DIVW_3_1_2=T
divide_DIVW_3_1_7=T
divide_DIVW_3_2_0=T
divide_DIVW_3_2_1=T
divide_DIVW_3_2_2=T
divide_DIVW_3_2_7=T
divide_DIVW_3_3_0=T
divide_DIVW_3_3_1=T
divide_DIVW_3_3_2=T
divide_DIVW_3_3_7=T
divide_DIVW_3_4_0=T
divide_DIVW_3_4_1=T
divide_DIVW_3_4_2=T
divide_DIVW_3_4_7=T
divide_DIVW_3_5_0=T
divide_DIVW_3_5_1=T
divide_DIVW_3_5_2=T
divide_DIVW_3_5_7=T
divide_DIVW_3_6_0=T
divide_DIVW_3_6_1=T
divide_DIVW_3_6_2=T
divide_DIVW_3_6_7=T
divide_DIVW_3_7_0=T
divide_DIVW_3_7_1=T
divide_DIVW_3_7_2=T
divide_DIVW_3_7_7=T
divide_DIVW_3_8_0=T
divide_DIVW_3_8_1=T
divide_DIVW_3_8_2=T
divide_DIVW_3_8_7=T
divide_DIVW_3_9_0=T
divide_DIVW_3_9_1=T
divide_DIVW_3_9_2=T
divide_DIVW_3_9_7=T
divide_DIVW_3_10_0=T
divide_DIVW_3_10_1=T
divide_DIVW_3_10_2=T
divide_DIVW_3_10_7=T
divide_DIVW_3_11_0=T
divide_DIVW_3_11_1=T
divide_DIVW_3_11_2=T
divide_DIVW_3_11_7=T
divide_DIVW_3_12_0=T
divide_DIVW_3_12_1=T
divide_DIVW_3_12_2=T
divide_DIVW_3_12_7=T
divide_DIVW_3_13_0=T
divide_DIVW_3_13_1=T
divide_DIVW_3_13_2=T
divide_DIVW_3_13_7=T
divide_DIVW_3_14_0=T
divide_DIVW_3_14_1=T
divide_DIVW_3_14_2=T
divide_DIVW_3_14_7=T
divide_REMW_0_0_0=T
divide_REMW_0_0_1=T
divide_REMW_0_0_2=T
divide_REMW_0_0_7=T
divide_REMW_0_1_0=T
divide_REMW_0_1_1=T
divide_REMW_0_1_2=T
divide_REMW_0_1_7=T
divide_REMW_0_2_0=T
divide_REMW_0_2_1=T
divide_REMW_0_2_2=T
divide_REMW_0_2_7=T
divide_REMW_0_3_0=T
divide_REMW_0_3_1=T
divide_REMW_0_3_2=T
divide_REMW_0_3_7=T
divide_REMW_0_4_0=T
divide_REMW_0_4_1=T
divide_REMW_0_4_2=T
divide_REMW_0_4_7=T
divide_REMW_0_5_0=T
divide_REMW_0_5_1=T
divide_REMW_0_5_2=T
divide_REMW_0_5_7=T
divide_REMW_0_6_0=T
divide_REMW_0_6_1=T
divide_REMW_0_6_2=T
divide_REMW_0_6_7=T
divide_REMW_0_7_0=T
divide_REMW_0_7_1=T
divide_REMW_0_7_2=T
divide_REMW_0_7_7=T
divide_REMW_0_8_0=T
divide_REMW_0_8_1=T
divide_REMW_0_8_2=T
divide_REMW_0_8_7=T
divide_REMW_0_9_0=T
divide_REMW_0_9_1=T
divide_REMW_0_9_2=T
divide_REMW_0_9_7=T
divide_REMW_0_10_0=T
divide_REMW_0_10_1=T
divide_REMW_0_10_2=T
divide_REMW_0_10_7=T
divide_REMW_0_11_0=T
divide_REMW_0_11_1=T
divide_REMW_0_11_2=T
divide_REMW_0_11_7=T
divide_REMW_0_12_0=T
divide_REMW_0_12_1=T
divide_REMW_0_12_2=T
divide_REMW_0_12_7=T
divide_REMW_0_13_0=T
divide_REMW_0_13_1=T
divide_REMW_0_13_2=T
divide_REMW_0_13_7=T
divide_REMW_0_14_0=T
divide_REMW_0_14_1=T
divide_REMW_0_14_2=T
divide_REMW_0_14_7=T
divide_REMW_2_0_0=T
divide_REMW_2_0_1=T
divide_REMW_2_0_2=T
divide_REMW_2_0_7=T
divide_REMW_2_1_0=T
divide_REMW_2_1_1=T
divide_REMW_2_1_2=T
divide_REMW_2_1_7=T
divide_REMW_2_2_0=T
divide_REMW_2_2_1=T
divide_REMW_2_2_2=T
divide_REMW_2_2_7=T
divide_REMW_2_3_0=T
divide_REMW_2_3_1=T
divide_REMW_2_3_2=T
divide_REMW_2_3_7=T
divide_REMW_2_4_0=T
divide_REMW_2_4_1=T
divide_REMW_2_4_2=T
divide_REMW_2_4_7=T
divide_REMW_2_5_0=T
divide_REMW_2_5_1=T
divide_REMW_2_5_2=T
divide_REMW_2_5_7=T
divide_REMW_2_6_0=T
divide_REMW_2_6_1=T
divide_REMW_2_6_2=T
divide_REMW_2_6_7=T
divide_REMW_2_7_0=T
divide_REMW_2_7_1=T
divide_REMW_2_7_2=T
divide_REMW_2_7_7=T
divide_REMW_2_8_0=T
divide_REMW_2_8_1=T
divide_REMW_2_8_2=T
divide_REMW_2_8_7=T
divide_REMW_2_9_0=T
divide_REMW_2_9_1=T
divide_REMW_2_9_2=T
divide_REMW_2_9_7=T
divide_REMW_2_10_0=T
divide_REMW_2_10_1=T
divide_REMW_2_10_2=T
divide_REMW_2_10_7=T
divide_REMW_2_11_0=T
divide_REMW_2_11_1=T
divide_REMW_2_11_2=T
divide_REMW_2_11_7=T
divide_REMW_2_12_0=T
divide_REMW_2_12_1=T
divide_REMW_2_12_2=T
divide_REMW_2_12_7=T
divide_REMW_2_13_0=T
divide_REMW_2_13_1=T
divide_REMW_2_13_2=T
divide_REMW_2_13_7=T
divide_REMW_2_14_0=T
divide_REMW_2_14_1=T
divide_REMW_2_14_2=T
divide_REMW_2_14_7=T
divide_REMW_3_0_0=T
divide_REMW_3_0_1=T
divide_REMW_3_0_2=T
divide_REMW_3_0_7=T
divide_REMW_3_1_0=T
divide_REMW_3_1_1=T
divide_REMW_3_1_2=T
divide_REMW_3_1_7=T
divide_REMW_3_2_0=T
divide_REMW_3_2_1=T
divide_REMW_3_2_2=T
divide_REMW_3_2_7=T
divide_REMW_3_3_0=T
divide_REMW_3_3_1=T
divide_REMW_3_3_2=T
divide_REMW_3_3_7=T
divide_REMW_3_4_0=T
divide_REMW_3_4_1=T
divide_REMW_3_4_2=T
divide_REMW_3_4_7=T
divide_REMW_3_5_0=T
divide_REMW_3_5_1=T
divide_REMW_3_5_2=T
divide_REMW_3_5_7=T
divide_REMW_3_6_0=T
divide_REMW_3_6_1=T
divide_REMW_3_6_2=T
divide_REMW_3_6_7=T
divide_REMW_3_7_0=T
divide_REMW_3_7_1=T
divide_REMW_3_7_2=T
divide_REMW_3_7_7=T
divide_REMW_3_8_0=T
divide_REMW_3_8_1=T
divide_REMW_3_8_2=T
divide_REMW_3_8_7=T
divide_REMW_3_9_0=T
divide_REMW_3_9_1=T
divide_REMW_3_9_2=T
divide_REMW_3_9_7=T
divide_REMW_3_10_0=T
divide_REMW_3_10_1=T
divide_REMW_3_10_2=T
divide_REMW_3_10_7=T
divide_REMW_3_11_0=T
divide_REMW_3_11_1=T
divide_REMW_3_11_2=T
divide_REMW_3_11_7=T
divide_REMW_3_12_0=T
divide_REMW_3_12_1=T
divide_REMW_3_12_2=T
divide_REMW_3_12_7=T
divide_REMW_3_13_0=T
divide_REMW_3_13_1=T
divide_REMW_3_13_2=T
divide_REMW_3_13_7=T
divide_REMW_3_14_0=T
divide_REMW_3_14_1=T
divide_REMW_3_14_2=T
divide_REMW_3_14_7=T
divide_DIVUW_0_0_0=T
divide_DIVUW_0_0_1=T
divide_DIVUW_0_0_2=T
divide_DIVUW_0_0_7=T
divide_DIVUW_0_1_0=T
divide_DIVUW_0_1_1=T
divide_DIVUW_0_1_2=T
divide_DIVUW_0_1_7=T
divide_DIVUW_0_2_0=T
divide_DIVUW_0_2_1=T
divide_DIVUW_0_2_2=T
divide_DIVUW_0_2_7=T
divide_DIVUW_0_3_0=T
divide_DIVUW_0_3_1=T
divide_DIVUW_0_3_2=T
divide_DIVUW_0_3_7=T
divide_DIVUW_0_4_0=T
divide_DIVUW_0_4_1=T
divide_DIVUW_0_4_2=T
divide_DIVUW_0_4_7=T
divide_DIVUW_0_5_0=T
divide_DIVUW_0_5_1=T
divide_DIVUW_0_5_2=T
divide_DIVUW_0_5_7=T
divide_DIVUW_0_6_0=T
divide_DIVUW_0_6_1=T
divide_DIVUW_0_6_2=T
divide_DIVUW_0_6_7=T
divide_DIVUW_0_7_0=T
divide_DIVUW_0_7_1=T
divide_DIVUW_0_7_2=T
divide_DIVUW_0_7_7=T
divide_DIVUW_0_8_0=T
divide_DIVUW_0_8_1=T
divide_DIVUW_0_8_2=T
divide_DIVUW_0_8_7=T
divide_DIVUW_0_9_0=T
divide_DIVUW_0_9_1=T
divide_DIVUW_0_9_2=T
divide_DIVUW_0_9_7=T
divide_DIVUW_0_10_0=T
divide_DIVUW_0_10_1=T
divide_DIVUW_0_10_2=T
divide_DIVUW_0_10_7=T
divide_DIVUW_0_11_0=T
divide_DIVUW_0_11_1=T
divide_DIVUW_0_11_2=T
divide_DIVUW_0_11_7=T
divide_DIVUW_0_12_0=T
divide_DIVUW_0_12_1=T
divide_DIVUW_0_12_2=T
divide_DIVUW_0_12_7=T
divide_DIVUW_0_13_0=T
divide_DIVUW_0_13_1=T
divide_DIVUW_0_13_2=T
divide_DIVUW_0_13_7=T
divide_DIVUW_0_14_0=T
divide_DIVUW_0_14_1=T
divide_DIVUW_0_14_2=T
divide_DIVUW_0_14_7=T
divide_DIVUW_2_0_0=T
divide_DIVUW_2_0_1=T
divide_DIVUW_2_0_2=T
divide_DIVUW_2_0_7=T
divide_DIVUW_2_1_0=T
divide_DIVUW_2_1_1=T
divide_DIVUW_2_1_2=T
divide_DIVUW_2_1_7=T
divide_DIVUW_2_2_0=T
divide_DIVUW_2_2_1=T
divide_DIVUW_2_2_2=T
divide_DIVUW_2_2_7=T
divide_DIVUW_2_3_0=T
divide_DIVUW_2_3_1=T
divide_DIVUW_2_3_2=T
divide_DIVUW_2_3_7=T
divide_DIVUW_2_4_0=T
divide_DIVUW_2_4_1=T
divide_DIVUW_2_4_2=T
divide_DIVUW_2_4_7=T
divide_DIVUW_2_5_0=T
divide_DIVUW_2_5_1=T
divide_DIVUW_2_5_2=T
divide_DIVUW_2_5_7=T
divide_DIVUW_2_6_0=T
divide_DIVUW_2_6_1=T
divide_DIVUW_2_6_2=T
divide_DIVUW_2_6_7=T
divide_DIVUW_2_7_0=T
divide_DIVUW_2_7_1=T
divide_DIVUW_2_7_2=T
divide_DIVUW_2_7_7=T
divide_DIVUW_2_8_0=T
divide_DIVUW_2_8_1=T
divide_DIVUW_2_8_2=T
divide_DIVUW_2_8_7=T
divide_DIVUW_2_9_0=T
divide_DIVUW_2_9_1=T
divide_DIVUW_2_9_2=T
divide_DIVUW_2_9_7=T
divide_DIVUW_2_10_0=T
divide_DIVUW_2_10_1=T
divide_DIVUW_2_10_2=T
divide_DIVUW_2_10_7=T
divide_DIVUW_2_11_0=T
divide_DIVUW_2_11_1=T
divide_DIVUW_2_11_2=T
divide_DIVUW_2_11_7=T
divide_DIVUW_2_12_0=T
divide_DIVUW_2_12_1=T
divide_DIVUW_2_12_2=T
divide_DIVUW_2_12_7=T
divide_DIVUW_2_13_0=T
divide_DIVUW_2_13_1=T
divide_DIVUW_2_13_2=T
divide_DIVUW_2_13_7=T
divide_DIVUW_2_14_0=T
divide_DIVUW_2_14_1=T
divide_DIVUW_2_14_2=T
divide_DIVUW_2_14_7=T
divide_DIVUW_3_0_0=T
divide_DIVUW_3_0_1=T
divide_DIVUW_3_0_2=T
divide_DIVUW_3_0_7=T
divide_DIVUW_3_1_0=T
divide_DIVUW_3_1_1=T
divide_DIVUW_3_1_2=T
divide_DIVUW_3_1_7=T
divide_DIVUW_3_2_0=T
divide_DIVUW_3_2_1=T
divide_DIVUW_3_2_2=T
divide_DIVUW_3_2_7=T
divide_DIVUW_3_3_0=T
divide_DIVUW_3_3_1=T
divide_DIVUW_3_3_2=T
divide_DIVUW_3_3_7=T
divide_DIVUW_3_4_0=T
divide_DIVUW_3_4_1=T
divide_DIVUW_3_4_2=T
divide_DIVUW_3_4_7=T
divide_DIVUW_3_5_0=T
divide_DIVUW_3_5_1=T
divide_DIVUW_3_5_2=T
divide_DIVUW_3_5_7=T
divide_DIVUW_3_6_0=T
divide_DIVUW_3_6_1=T
divide_DIVUW_3_6_2=T
divide_DIVUW_3_6_7=T
divide_DIVUW_3_7_0=T
divide_DIVUW_3_7_1=T
divide_DIVUW_3_7_2=T
divide_DIVUW_3_7_7=T
divide_DIVUW_3_8_0=T
divide_DIVUW_3_8_1=T
divide_DIVUW_3_8_2=T
divide_DIVUW_3_8_7=T
divide_DIVUW_3_9_0=T
divide_DIVUW_3_9_1=T
divide_DIVUW_3_9_2=T
divide_DIVUW_3_9_7=T
divide_DIVUW_3_10_0=T
divide_DIVUW_3_10_1=T
divide_DIVUW_3_10_2=T
divide_DIVUW_3_10_7=T
divide_DIVUW_3_11_0=T
divide_DIVUW_3_11_1=T
divide_DIVUW_3_11_2=T
divide_DIVUW_3_11_7=T
divide_DIVUW_3_12_0=T
divide_DIVUW_3_12_1=T
divide_DIVUW_3_12_2=T
divide_DIVUW_3_12_7=T
divide_DIVUW_3_13_0=T
divide_DIVUW_3_13_1=T
divide_DIVUW_3_13_2=T
divide_DIVUW_3_13_7=T
divide_DIVUW_3_14_0=T
divide_DIVUW_3_14_1=T
divide_DIVUW_3_14_2=T
divide_DIVUW_3_14_7=T
divide_REMUW_0_0_0=T
divide_REMUW_0_0_1=T
divide_REMUW_0_0_2=T
divide_REMUW_0_0_7=T
divide_REMUW_0_1_0=T
divide_REMUW_0_1_1=T
divide_REMUW_0_1_2=T
divide_REMUW_0_1_7=T
divide_REMUW_0_2_0=T
divide_REMUW_0_2_1=T
divide_REMUW_0_2_2=T
divide_REMUW_0_2_7=T
divide_REMUW_0_3_0=T
divide_REMUW_0_3_1=T
divide_REMUW_0_3_2=T
divide_REMUW_0_3_7=T
divide_REMUW_0_4_0=T
divide_REMUW_0_4_1=T
divide_REMUW_0_4_2=T
divide_REMUW_0_4_7=T
divide_REMUW_0_5_0=T
divide_REMUW_0_5_1=T
divide_REMUW_0_5_2=T
divide_REMUW_0_5_7=T
divide_REMUW_0_6_0=T
divide_REMUW_0_6_1=T
divide_REMUW_0_6_2=T
divide_REMUW_0_6_7=T
divide_REMUW_0_7_0=T
divide_REMUW_0_7_1=T
divide_REMUW_0_7_2=T
divide_REMUW_0_7_7=T
divide_REMUW_0_8_0=T
divide_REMUW_0_8_1=T
divide_REMUW_0_8_2=T
divide_REMUW_0_8_7=T
divide_REMUW_0_9_0=T
divide_REMUW_0_9_1=T
divide_REMUW_0_9_2=T
divide_REMUW_0_9_7=T
divide_REMUW_0_10_0=T
divide_REMUW_0_10_1=T
divide_REMUW_0_10_2=T
divide_REMUW_0_10_7=T
divide_REMUW_0_11_0=T
divide_REMUW_0_11_1=T
divide_REMUW_0_11_2=T
divide_REMUW_0_11_7=T
divide_REMUW_0_12_0=T
divide_REMUW_0_12_1=T
divide_REMUW_0_12_2=T
divide_REMUW_0_12_7=T
divide_REMUW_0_13_0=T
divide_REMUW_0_13_1=T
divide_REMUW_0_13_2=T
divide_REMUW_0_13_7=T
divide_REMUW_0_14_0=T
divide_REMUW_0_14_1=T
divide_REMUW_0_14_2=T
divide_REMUW_0_14_7=T
divide_REMUW_2_0_0=T
divide_REMUW_2_0_1=T
divide_REMUW_2_0_2=T
divide_REMUW_2_0_7=T
divide_REMUW_2_1_0=T
divide_REMUW_2_1_1=T
divide_REMUW_2_1_2=T
divide_REMUW_2_1_7=T
divide_REMUW_2_2_0=T
divide_REMUW_2_2_1=T
divide_REMUW_2_2_2=T
divide_REMUW_2_2_7=T
divide_REMUW_2_3_0=T
divide_REMUW_2_3_1=T
divide_REMUW_2_3_2=T
divide_REMUW_2_3_7=T
divide_REMUW_2_4_0=T
divide_REMUW_2_4_1=T
divide_REMUW_2_4_2=T
divide_REMUW_2_4_7=T
divide_REMUW_2_5_0=T
divide_REMUW_2_5_1=T
divide_REMUW_2_5_2=T
divide_REMUW_2_5_7=T
divide_REMUW_2_6_0=T
divide_REMUW_2_6_1=T
divide_REMUW_2_6_2=T
divide_REMUW_2_6_7=T
divide_REMUW_2_7_0=T
divide_REMUW_2_7_1=T
divide_REMUW_2_7_2=T
divide_REMUW_2_7_7=T
divide_REMUW_2_8_0=T
divide_REMUW_2_8_1=T
divide_REMUW_2_8_2=T
divide_REMUW_2_8_7=T
divide_REMUW_2_9_0=T
divide_REMUW_2_9_1=T
divide_REMUW_2_9_2=T
divide_REMUW_2_9_7=T
divide_REMUW_2_10_0=T
divide_REMUW_2_10_1=T
divide_REMUW_2_10_2=T
divide_REMUW_2_10_7=T
divide_REMUW_2_11_0=T
divide_REMUW_2_11_1=T
divide_REMUW_2_11_2=T
divide_REMUW_2_11_7=T
divide_REMUW_2_12_0=T
divide_REMUW_2_12_1=T
divide_REMUW_2_12_2=T
divide_REMUW_2_12_7=T
divide_REMUW_2_13_0=T
divide_REMUW_2_13_1=T
divide_REMUW_2_13_2=T
divide_REMUW_2_13_7=T
divide_REMUW_2_14_0=T
divide_REMUW_2_14_1=T
divide_REMUW_2_14_2=T
divide_REMUW_2_14_7=T
divide_REMUW_3_0_0=T
divide_REMUW_3_0_1=T
divide_REMUW_3_0_2=T
divide_REMUW_3_0_7=T
divide_REMUW_3_1_0=T
divide_REMUW_3_1_1=T
divide_REMUW_3_1_2=T
divide_REMUW_3_1_7=T
divide_REMUW_3_2_0=T
divide_REMUW_3_2_1=T
divide_REMUW_3_2_2=T
divide_REMUW_3_2_7=T
divide_REMUW_3_3_0=T
divide_REMUW_3_3_1=T
divide_REMUW_3_3_2=T
divide_REMUW_3_3_7=T
divide_REMUW_3_4_0=T
divide_REMUW_3_4_1=T
divide_REMUW_3_4_2=T
divide_REMUW_3_4_7=T
divide_REMUW_3_5_0=T
divide_REMUW_3_5_1=T
divide_REMUW_3_5_2=T
divide_REMUW_3_5_7=T
divide_REMUW_3_6_0=T
divide_REMUW_3_6_1=T
divide_REMUW_3_6_2=T
divide_REMUW_3_6_7=T
divide_REMUW_3_7_0=T
divide_REMUW_3_7_1=T
divide_REMUW_3_7_2=T
divide_REMUW_3_7_7=T
divide_REMUW_3_8_0=T
divide_REMUW_3_8_1=T
divide_REMUW_3_8_2=T
divide_REMUW_3_8_7=T
divide_REMUW_3_9_0=T
divide_REMUW_3_9_1=T
divide_REMUW_3_9_2=T
divide_REMUW_3_9_7=T
divide_REMUW_3_10_0=T
divide_REMUW_3_10_1=T
divide_REMUW_3_10_2=T
divide_REMUW_3_10_7=T
divide_REMUW_3_11_0=T
divide_REMUW_3_11_1=T
divide_REMUW_3_11_2=T
divide_REMUW_3_11_7=T
divide_REMUW_3_12_0=T
divide_REMUW_3_12_1=T
divide_REMUW_3_12_2=T
divide_REMUW_3_12_7=T
divide_REMUW_3_13_0=T
divide_REMUW_3_13_1=T
divide_REMUW_3_13_2=T
divide_REMUW_3_13_7=T
divide_REMUW_3_14_0=T
divide_REMUW_3_14_1=T
divide_REMUW_3_14_2=T
divide_REMUW_3_14_7=T
divide_symbolic_DIV_0=T
divide_symbolic_DIV_1=T
divide_symbolic_REM_0=T
divide_symbolic_REM_1=T
divide_symbolic_DIVU_0=T
divide_symbolic_DIVU_1=T
divide_symbolic_REMU_0=T
divide_symbolic_REMU_1=T
divide_symbolic_DIVW_0=T
divide_symbolic_DIVW_1=T
divide_symbolic_REMW_0=T
divide_symbolic_REMW_1=T
divide_symbolic_DIVUW_0=T
divide_symbolic_DIVUW_1=T
divide_symbolic_REMUW_0=T
divide_symbolic_REMUW_1=T
divide_value_DIV_neg7_pos2=0xFFFFFFFFFFFFFFFDw
divide_value_DIV_pos7_neg2=0xFFFFFFFFFFFFFFFDw
divide_value_DIV_neg7_neg2=3w
divide_value_DIV_zero_divisor=0xFFFFFFFFFFFFFFFFw
divide_value_DIV_min_neg1=0x8000000000000000w
divide_value_DIV_types=:word5 # word5 # word5 -> riscv_state -> riscv_state
