mulh_hypotheses=((s :riscv_state).c_MCSR s.procID).mcpuid.ArchBase ≠ (1w :word2)
(rd :word5) ≠ (0w :word5)
mulh_statement=dfn'MULH ((rd :word5),(rs1 :word5),(rs2 :word5)) (s :riscv_state) =
s with
c_gpr :=
  s.c_gpr⦇
    s.procID ↦
      (s.c_gpr s.procID)⦇
        rd ↦
          (if (s.c_MCSR s.procID).mcpuid.ArchBase = (0w :word2) then
             (sw2sw
                (((63 :num) >< (32 :num))
                   ((if rs1 = (0w :word5) then (0w :word128)
                     else if
                       (s.c_MCSR s.procID).mcpuid.ArchBase = (0w :word2)
                     then
                       (sw2sw
                          (sw2sw
                             (((31 :num) >< (0 :num))
                                (s.c_gpr s.procID rs1) :word32) :word64) :
                        word128)
                     else (sw2sw (s.c_gpr s.procID rs1) :word128)) *
                    if rs2 = (0w :word5) then (0w :word128)
                    else if
                      (s.c_MCSR s.procID).mcpuid.ArchBase = (0w :word2)
                    then
                      (sw2sw
                         (sw2sw
                            (((31 :num) >< (0 :num)) (s.c_gpr s.procID rs2) :
                             word32) :word64) :word128)
                    else (sw2sw (s.c_gpr s.procID rs2) :word128)) :word32) :
              word64)
           else
             (sw2sw
                (((127 :num) >< (64 :num))
                   ((if rs1 = (0w :word5) then (0w :word128)
                     else if
                       (s.c_MCSR s.procID).mcpuid.ArchBase = (0w :word2)
                     then
                       (sw2sw
                          (sw2sw
                             (((31 :num) >< (0 :num))
                                (s.c_gpr s.procID rs1) :word32) :word64) :
                        word128)
                     else (sw2sw (s.c_gpr s.procID rs1) :word128)) *
                    if rs2 = (0w :word5) then (0w :word128)
                    else if
                      (s.c_MCSR s.procID).mcpuid.ArchBase = (0w :word2)
                    then
                      (sw2sw
                         (sw2sw
                            (((31 :num) >< (0 :num)) (s.c_gpr s.procID rs2) :
                             word32) :word64) :word128)
                    else (sw2sw (s.c_gpr s.procID rs2) :word128)) :word64) :
              word64))
      ⦈
  ⦈
mulhu_hypotheses=((s :riscv_state).c_MCSR s.procID).mcpuid.ArchBase ≠ (1w :word2)
(rd :word5) ≠ (0w :word5)
mulhu_statement=dfn'MULHU ((rd :word5),(rs1 :word5),(rs2 :word5)) (s :riscv_state) =
s with
c_gpr :=
  s.c_gpr⦇
    s.procID ↦
      (s.c_gpr s.procID)⦇
        rd ↦
          (if (s.c_MCSR s.procID).mcpuid.ArchBase = (0w :word2) then
             (w2w
                (((63 :num) >< (32 :num))
                   ((if rs1 = (0w :word5) then (0w :word128)
                     else if
                       (s.c_MCSR s.procID).mcpuid.ArchBase = (0w :word2)
                     then
                       (w2w
                          (((31 :num) >< (0 :num)) (s.c_gpr s.procID rs1) :
                           word32) :word128)
                     else (w2w (s.c_gpr s.procID rs1) :word128)) *
                    if rs2 = (0w :word5) then (0w :word128)
                    else if
                      (s.c_MCSR s.procID).mcpuid.ArchBase = (0w :word2)
                    then
                      (w2w
                         (((31 :num) >< (0 :num)) (s.c_gpr s.procID rs2) :
                          word32) :word128)
                    else (w2w (s.c_gpr s.procID rs2) :word128)) :word32) :
              word64)
           else
             (((127 :num) >< (64 :num))
                ((if rs1 = (0w :word5) then (0w :word128)
                  else if
                    (s.c_MCSR s.procID).mcpuid.ArchBase = (0w :word2)
                  then
                    (w2w
                       (((31 :num) >< (0 :num)) (s.c_gpr s.procID rs1) :
                        word32) :word128)
                  else (w2w (s.c_gpr s.procID rs1) :word128)) *
                 if rs2 = (0w :word5) then (0w :word128)
                 else if
                   (s.c_MCSR s.procID).mcpuid.ArchBase = (0w :word2)
                 then
                   (w2w
                      (((31 :num) >< (0 :num)) (s.c_gpr s.procID rs2) :word32) :
                    word128)
                 else (w2w (s.c_gpr s.procID rs2) :word128)) :word64))
      ⦈
  ⦈
mulhsu_hypotheses=((s :riscv_state).c_MCSR s.procID).mcpuid.ArchBase ≠ (1w :word2)
(rd :word5) ≠ (0w :word5)
mulhsu_statement=dfn'MULHSU ((rd :word5),(rs1 :word5),(rs2 :word5)) (s :riscv_state) =
s with
c_gpr :=
  s.c_gpr⦇
    s.procID ↦
      (s.c_gpr s.procID)⦇
        rd ↦
          (if (s.c_MCSR s.procID).mcpuid.ArchBase = (0w :word2) then
             (sw2sw
                (((63 :num) >< (32 :num))
                   ((if rs1 = (0w :word5) then (0w :word128)
                     else if
                       (s.c_MCSR s.procID).mcpuid.ArchBase = (0w :word2)
                     then
                       (sw2sw
                          (((31 :num) >< (0 :num)) (s.c_gpr s.procID rs1) :
                           word32) :word128)
                     else (sw2sw (s.c_gpr s.procID rs1) :word128)) *
                    if rs2 = (0w :word5) then (0w :word128)
                    else if
                      (s.c_MCSR s.procID).mcpuid.ArchBase = (0w :word2)
                    then
                      (w2w
                         (((31 :num) >< (0 :num)) (s.c_gpr s.procID rs2) :
                          word32) :word128)
                    else (w2w (s.c_gpr s.procID rs2) :word128)) :word32) :
              word64)
           else
             (((127 :num) >< (64 :num))
                ((if rs1 = (0w :word5) then (0w :word128)
                  else if
                    (s.c_MCSR s.procID).mcpuid.ArchBase = (0w :word2)
                  then
                    (sw2sw
                       (((31 :num) >< (0 :num)) (s.c_gpr s.procID rs1) :
                        word32) :word128)
                  else (sw2sw (s.c_gpr s.procID rs1) :word128)) *
                 if rs2 = (0w :word5) then (0w :word128)
                 else if
                   (s.c_MCSR s.procID).mcpuid.ArchBase = (0w :word2)
                 then
                   (w2w
                      (((31 :num) >< (0 :num)) (s.c_gpr s.procID rs2) :word32) :
                    word128)
                 else (w2w (s.c_gpr s.procID rs2) :word128)) :word64))
      ⦈
  ⦈
mulh_nop_hypotheses=((s :riscv_state).c_MCSR s.procID).mcpuid.ArchBase ≠ (1w :word2)
(rd :word5) = (0w :word5)
mulh_nop_statement=dfn'MULH ((rd :word5),(rs1 :word5),(rs2 :word5)) (s :riscv_state) = s
mulhu_nop_hypotheses=((s :riscv_state).c_MCSR s.procID).mcpuid.ArchBase ≠ (1w :word2)
(rd :word5) = (0w :word5)
mulhu_nop_statement=dfn'MULHU ((rd :word5),(rs1 :word5),(rs2 :word5)) (s :riscv_state) = s
mulhsu_nop_hypotheses=((s :riscv_state).c_MCSR s.procID).mcpuid.ArchBase ≠ (1w :word2)
(rd :word5) = (0w :word5)
mulhsu_nop_statement=dfn'MULHSU ((rd :word5),(rs1 :word5),(rs2 :word5)) (s :riscv_state) = s
source=HOL riscv_stepScript.sml high-multiply families via arithr [] over dfn'MULH/MULHU/MULHSU_def with the rd = 0w companions avoided; per-theorem Thm.hyp captured above; three mode queries, 128-bit intermediate products and literal per-operand signedness retained
