mul_hypotheses=(rd :word5) ≠ (0w :word5)
mul_statement=dfn'MUL ((rd :word5),(rs1 :word5),(rs2 :word5)) (s :riscv_state) =
s with
c_gpr :=
  s.c_gpr⦇
    s.procID ↦
      (s.c_gpr s.procID)⦇
        rd ↦
          (if rs1 = (0w :word5) then (0w :word64) else s.c_gpr s.procID rs1) *
          (if rs2 = (0w :word5) then (0w :word64) else s.c_gpr s.procID rs2)
      ⦈
  ⦈
div_hypotheses=(rd :word5) ≠ (0w :word5)
div_statement=dfn'DIV ((rd :word5),(rs1 :word5),(rs2 :word5)) (s :riscv_state) =
s with
c_gpr :=
  s.c_gpr⦇
    s.procID ↦
      (s.c_gpr s.procID)⦇
        rd ↦
          (if
             if rs2 = (0w :word5) then T
             else s.c_gpr s.procID rs2 = (0w :word64)
           then
             (0xFFFFFFFFFFFFFFFFw :word64)
           else
             (if rs1 = (0w :word5) then (0w :word64)
              else s.c_gpr s.procID rs1) /
             (if rs2 = (0w :word5) then (0w :word64)
              else s.c_gpr s.procID rs2))
      ⦈
  ⦈
rem_hypotheses=(rd :word5) ≠ (0w :word5)
rem_statement=dfn'REM ((rd :word5),(rs1 :word5),(rs2 :word5)) (s :riscv_state) =
s with
c_gpr :=
  s.c_gpr⦇
    s.procID ↦
      (s.c_gpr s.procID)⦇
        rd ↦
          (if
             if rs2 = (0w :word5) then T
             else s.c_gpr s.procID rs2 = (0w :word64)
           then
             if rs1 = (0w :word5) then (0w :word64) else s.c_gpr s.procID rs1
           else
             word_rem
               (if rs1 = (0w :word5) then (0w :word64)
                else s.c_gpr s.procID rs1)
               (if rs2 = (0w :word5) then (0w :word64)
                else s.c_gpr s.procID rs2))
      ⦈
  ⦈
remu_hypotheses=(rd :word5) ≠ (0w :word5)
remu_statement=dfn'REMU ((rd :word5),(rs1 :word5),(rs2 :word5)) (s :riscv_state) =
s with
c_gpr :=
  s.c_gpr⦇
    s.procID ↦
      (s.c_gpr s.procID)⦇
        rd ↦
          (if
             if rs2 = (0w :word5) then T
             else s.c_gpr s.procID rs2 = (0w :word64)
           then
             if rs1 = (0w :word5) then (0w :word64) else s.c_gpr s.procID rs1
           else
             word_mod
               (if rs1 = (0w :word5) then (0w :word64)
                else s.c_gpr s.procID rs1)
               (if rs2 = (0w :word5) then (0w :word64)
                else s.c_gpr s.procID rs2))
      ⦈
  ⦈
source=HOL riscv_stepScript.sml:874-886 mul/div/rem = arithr [] over dfn'MUL/DIV/REM/REMU_def with the rd = 0w companion avoided; per-theorem Thm.hyp captured above; DIVU (line 881) is unconditional with a double in32BitMode RV32 widening and is not ported here
