add_hypotheses=(rd :word5) ≠ (0w :word5)
add_statement=dfn'ADD ((rd :word5),(rs1 :word5),(rs2 :word5)) (s :riscv_state) =
s with
c_gpr :=
  s.c_gpr⦇
    s.procID ↦
      (s.c_gpr s.procID)⦇
        rd ↦
          (if rs1 = (0w :word5) then
             if rs2 = (0w :word5) then (0w :word64) else s.c_gpr s.procID rs2
           else if rs2 = (0w :word5) then s.c_gpr s.procID rs1
           else s.c_gpr s.procID rs1 + s.c_gpr s.procID rs2)
      ⦈
  ⦈
add_gen=∀(s :riscv_state) (rs2 :word5) (rs1 :word5) (rd :word5).
  rd ≠ (0w :word5) ⇒
  dfn'ADD (rd,rs1,rs2) s =
  s with
  c_gpr :=
    s.c_gpr⦇
      s.procID ↦
        (s.c_gpr s.procID)⦇
          rd ↦
            (if rs1 = (0w :word5) then
               if rs2 = (0w :word5) then (0w :word64)
               else s.c_gpr s.procID rs2
             else if rs2 = (0w :word5) then s.c_gpr s.procID rs1
             else s.c_gpr s.procID rs1 + s.c_gpr s.procID rs2)
        ⦈
    ⦈
sub_hypotheses=(rd :word5) ≠ (0w :word5)
sub_statement=dfn'SUB ((rd :word5),(rs1 :word5),(rs2 :word5)) (s :riscv_state) =
s with
c_gpr :=
  s.c_gpr⦇
    s.procID ↦
      (s.c_gpr s.procID)⦇
        rd ↦
          (if rs1 = (0w :word5) then (0w :word64) else s.c_gpr s.procID rs1) −
          (if rs2 = (0w :word5) then (0w :word64) else s.c_gpr s.procID rs2)
      ⦈
  ⦈
sub_gen=∀(s :riscv_state) (rs2 :word5) (rs1 :word5) (rd :word5).
  rd ≠ (0w :word5) ⇒
  dfn'SUB (rd,rs1,rs2) s =
  s with
  c_gpr :=
    s.c_gpr⦇
      s.procID ↦
        (s.c_gpr s.procID)⦇
          rd ↦
            (if rs1 = (0w :word5) then (0w :word64) else s.c_gpr s.procID rs1) −
            (if rs2 = (0w :word5) then (0w :word64) else s.c_gpr s.procID rs2)
        ⦈
    ⦈
and_hypotheses=(rd :word5) ≠ (0w :word5)
and_statement=dfn'AND ((rd :word5),(rs1 :word5),(rs2 :word5)) (s :riscv_state) =
s with
c_gpr :=
  s.c_gpr⦇
    s.procID ↦
      (s.c_gpr s.procID)⦇
        rd ↦
          (if rs1 = (0w :word5) then (0w :word64)
           else if rs2 = (0w :word5) then (0w :word64)
           else s.c_gpr s.procID rs1 && s.c_gpr s.procID rs2)
      ⦈
  ⦈
and_gen=∀(s :riscv_state) (rs2 :word5) (rs1 :word5) (rd :word5).
  rd ≠ (0w :word5) ⇒
  dfn'AND (rd,rs1,rs2) s =
  s with
  c_gpr :=
    s.c_gpr⦇
      s.procID ↦
        (s.c_gpr s.procID)⦇
          rd ↦
            (if rs1 = (0w :word5) then (0w :word64)
             else if rs2 = (0w :word5) then (0w :word64)
             else s.c_gpr s.procID rs1 && s.c_gpr s.procID rs2)
        ⦈
    ⦈
or_hypotheses=(rd :word5) ≠ (0w :word5)
or_statement=dfn'OR ((rd :word5),(rs1 :word5),(rs2 :word5)) (s :riscv_state) =
s with
c_gpr :=
  s.c_gpr⦇
    s.procID ↦
      (s.c_gpr s.procID)⦇
        rd ↦
          (if rs1 = (0w :word5) then
             if rs2 = (0w :word5) then (0w :word64) else s.c_gpr s.procID rs2
           else if rs2 = (0w :word5) then s.c_gpr s.procID rs1
           else s.c_gpr s.procID rs1 ‖ s.c_gpr s.procID rs2)
      ⦈
  ⦈
or_gen=∀(s :riscv_state) (rs2 :word5) (rs1 :word5) (rd :word5).
  rd ≠ (0w :word5) ⇒
  dfn'OR (rd,rs1,rs2) s =
  s with
  c_gpr :=
    s.c_gpr⦇
      s.procID ↦
        (s.c_gpr s.procID)⦇
          rd ↦
            (if rs1 = (0w :word5) then
               if rs2 = (0w :word5) then (0w :word64)
               else s.c_gpr s.procID rs2
             else if rs2 = (0w :word5) then s.c_gpr s.procID rs1
             else s.c_gpr s.procID rs1 ‖ s.c_gpr s.procID rs2)
        ⦈
    ⦈
xor_hypotheses=(rd :word5) ≠ (0w :word5)
xor_statement=dfn'XOR ((rd :word5),(rs1 :word5),(rs2 :word5)) (s :riscv_state) =
s with
c_gpr :=
  s.c_gpr⦇
    s.procID ↦
      (s.c_gpr s.procID)⦇
        rd ↦
          (if rs1 = (0w :word5) then
             if rs2 = (0w :word5) then (0w :word64) else s.c_gpr s.procID rs2
           else if rs2 = (0w :word5) then s.c_gpr s.procID rs1
           else s.c_gpr s.procID rs1 ⊕ s.c_gpr s.procID rs2)
      ⦈
  ⦈
xor_gen=∀(s :riscv_state) (rs2 :word5) (rs1 :word5) (rd :word5).
  rd ≠ (0w :word5) ⇒
  dfn'XOR (rd,rs1,rs2) s =
  s with
  c_gpr :=
    s.c_gpr⦇
      s.procID ↦
        (s.c_gpr s.procID)⦇
          rd ↦
            (if rs1 = (0w :word5) then
               if rs2 = (0w :word5) then (0w :word64)
               else s.c_gpr s.procID rs2
             else if rs2 = (0w :word5) then s.c_gpr s.procID rs1
             else s.c_gpr s.procID rs1 ⊕ s.c_gpr s.procID rs2)
        ⦈
    ⦈
gpr_op_type=:word64 -> word64 -> word64
source=HOL riscv_stepScript.sml:858-866 class evaluator over dfn'ADD/SUB/AND/OR/XOR_def; per-theorem Thm.hyp captured above (each register ALU write theorem carries the sole hypothesis rd <> 0w), plus GEN_ALL(DISCH_ALL) typed statements
