slliw_hypotheses=((s :riscv_state).c_MCSR s.procID).mcpuid.ArchBase ≠ (0w :word2)
((s :riscv_state).c_MCSR s.procID).mcpuid.ArchBase ≠ (1w :word2)
(rd :word5) ≠ (0w :word5)
slliw_statement=dfn'SLLIW ((rd :word5),(rs1 :word5),(imm :word5)) (s :riscv_state) =
s with
c_gpr :=
  s.c_gpr⦇
    s.procID ↦
      (s.c_gpr s.procID)⦇
        rd ↦
          (if rs1 = (0w :word5) then (0w :word64)
           else
             (sw2sw
                ((((31 :num) >< (0 :num)) (s.c_gpr s.procID rs1) :word32) ≪
                 w2n imm) :word64))
      ⦈
  ⦈
srliw_hypotheses=((s :riscv_state).c_MCSR s.procID).mcpuid.ArchBase ≠ (0w :word2)
((s :riscv_state).c_MCSR s.procID).mcpuid.ArchBase ≠ (1w :word2)
(rd :word5) ≠ (0w :word5)
srliw_statement=dfn'SRLIW ((rd :word5),(rs1 :word5),(imm :word5)) (s :riscv_state) =
s with
c_gpr :=
  s.c_gpr⦇
    s.procID ↦
      (s.c_gpr s.procID)⦇
        rd ↦
          (if rs1 = (0w :word5) then (0w :word64)
           else
             (sw2sw
                ((((31 :num) >< (0 :num)) (s.c_gpr s.procID rs1) :word32) ⋙
                 w2n imm) :word64))
      ⦈
  ⦈
sraiw_hypotheses=((s :riscv_state).c_MCSR s.procID).mcpuid.ArchBase ≠ (0w :word2)
((s :riscv_state).c_MCSR s.procID).mcpuid.ArchBase ≠ (1w :word2)
(rd :word5) ≠ (0w :word5)
sraiw_statement=dfn'SRAIW ((rd :word5),(rs1 :word5),(imm :word5)) (s :riscv_state) =
s with
c_gpr :=
  s.c_gpr⦇
    s.procID ↦
      (s.c_gpr s.procID)⦇
        rd ↦
          (sw2sw
             ((if rs1 = (0w :word5) then (0w :word32)
               else (((31 :num) >< (0 :num)) (s.c_gpr s.procID rs1) :word32)) ≫
              w2n imm) :word64)
      ⦈
  ⦈
sllw_hypotheses=((s :riscv_state).c_MCSR s.procID).mcpuid.ArchBase ≠ (0w :word2)
((s :riscv_state).c_MCSR s.procID).mcpuid.ArchBase ≠ (1w :word2)
(rd :word5) ≠ (0w :word5)
sllw_statement=dfn'SLLW ((rd :word5),(rs1 :word5),(rs2 :word5)) (s :riscv_state) =
s with
c_gpr :=
  s.c_gpr⦇
    s.procID ↦
      (s.c_gpr s.procID)⦇
        rd ↦
          (sw2sw
             ((if rs1 = (0w :word5) then (0w :word32)
               else (((31 :num) >< (0 :num)) (s.c_gpr s.procID rs1) :word32)) <<~
              if rs2 = (0w :word5) then (0w :word32)
              else
                (w2w (((4 :num) >< (0 :num)) (s.c_gpr s.procID rs2) :word5) :
                 word32)) :word64)
      ⦈
  ⦈
srlw_hypotheses=((s :riscv_state).c_MCSR s.procID).mcpuid.ArchBase ≠ (0w :word2)
((s :riscv_state).c_MCSR s.procID).mcpuid.ArchBase ≠ (1w :word2)
(rd :word5) ≠ (0w :word5)
srlw_statement=dfn'SRLW ((rd :word5),(rs1 :word5),(rs2 :word5)) (s :riscv_state) =
s with
c_gpr :=
  s.c_gpr⦇
    s.procID ↦
      (s.c_gpr s.procID)⦇
        rd ↦
          (sw2sw
             ((if rs1 = (0w :word5) then (0w :word32)
               else (((31 :num) >< (0 :num)) (s.c_gpr s.procID rs1) :word32)) >>>~
              if rs2 = (0w :word5) then (0w :word32)
              else
                (w2w (((4 :num) >< (0 :num)) (s.c_gpr s.procID rs2) :word5) :
                 word32)) :word64)
      ⦈
  ⦈
sraw_hypotheses=((s :riscv_state).c_MCSR s.procID).mcpuid.ArchBase ≠ (0w :word2)
((s :riscv_state).c_MCSR s.procID).mcpuid.ArchBase ≠ (1w :word2)
(rd :word5) ≠ (0w :word5)
sraw_statement=dfn'SRAW ((rd :word5),(rs1 :word5),(rs2 :word5)) (s :riscv_state) =
s with
c_gpr :=
  s.c_gpr⦇
    s.procID ↦
      (s.c_gpr s.procID)⦇
        rd ↦
          (sw2sw
             ((if rs1 = (0w :word5) then (0w :word32)
               else (((31 :num) >< (0 :num)) (s.c_gpr s.procID rs1) :word32)) >>~
              if rs2 = (0w :word5) then (0w :word32)
              else
                (w2w (((4 :num) >< (0 :num)) (s.c_gpr s.procID rs2) :word5) :
                 word32)) :word64)
      ⦈
  ⦈
slliw_nop_hypotheses=((s :riscv_state).c_MCSR s.procID).mcpuid.ArchBase ≠ (0w :word2)
((s :riscv_state).c_MCSR s.procID).mcpuid.ArchBase ≠ (1w :word2)
(rd :word5) = (0w :word5)
slliw_nop_statement=dfn'SLLIW ((rd :word5),(rs1 :word5),(imm :word5)) (s :riscv_state) = s
srliw_nop_hypotheses=((s :riscv_state).c_MCSR s.procID).mcpuid.ArchBase ≠ (0w :word2)
((s :riscv_state).c_MCSR s.procID).mcpuid.ArchBase ≠ (1w :word2)
(rd :word5) = (0w :word5)
srliw_nop_statement=dfn'SRLIW ((rd :word5),(rs1 :word5),(imm :word5)) (s :riscv_state) = s
sraiw_nop_hypotheses=((s :riscv_state).c_MCSR s.procID).mcpuid.ArchBase ≠ (0w :word2)
((s :riscv_state).c_MCSR s.procID).mcpuid.ArchBase ≠ (1w :word2)
(rd :word5) = (0w :word5)
sraiw_nop_statement=dfn'SRAIW ((rd :word5),(rs1 :word5),(imm :word5)) (s :riscv_state) = s
sllw_nop_hypotheses=((s :riscv_state).c_MCSR s.procID).mcpuid.ArchBase ≠ (0w :word2)
((s :riscv_state).c_MCSR s.procID).mcpuid.ArchBase ≠ (1w :word2)
(rd :word5) = (0w :word5)
sllw_nop_statement=dfn'SLLW ((rd :word5),(rs1 :word5),(rs2 :word5)) (s :riscv_state) = s
srlw_nop_hypotheses=((s :riscv_state).c_MCSR s.procID).mcpuid.ArchBase ≠ (0w :word2)
((s :riscv_state).c_MCSR s.procID).mcpuid.ArchBase ≠ (1w :word2)
(rd :word5) = (0w :word5)
srlw_nop_statement=dfn'SRLW ((rd :word5),(rs1 :word5),(rs2 :word5)) (s :riscv_state) = s
sraw_nop_hypotheses=((s :riscv_state).c_MCSR s.procID).mcpuid.ArchBase ≠ (0w :word2)
((s :riscv_state).c_MCSR s.procID).mcpuid.ArchBase ≠ (1w :word2)
(rd :word5) = (0w :word5)
sraw_nop_statement=dfn'SRAW ((rd :word5),(rs1 :word5),(rs2 :word5)) (s :riscv_state) = s
source=HOL riscv_stepScript.sml:847-849 (immediate W shifts) and 870-872 (register W shifts) class evaluator over dfn'SLLIW/SRLIW/SRAIW_def and dfn'SLLW/SRLW/SRAW_def; per-theorem Thm.hyp captured above (each W-shift write theorem carries the RV32-exclusion, invalid-selector and rd <> 0w hypotheses), plus the rd = 0w companions
