beq_hypotheses=((s :riscv_state).c_MCSR s.procID).mcpuid.ArchBase ≠ (1w :word2)
beq_statement=dfn'BEQ ((rs1 :word5),(rs2 :word5),(offs :word12)) (s :riscv_state) =
s with
c_NextFetch :=
  s.c_NextFetch⦇
    s.procID ↦
      (if
         if (s.c_MCSR s.procID).mcpuid.ArchBase = (0w :word2) then
           if (s.c_MCSR s.procID).mcpuid.ArchBase = (0w :word2) then
             if rs1 = (0w :word5) then
               if rs2 = (0w :word5) then T
               else
                 (0w
                   :word64) =
                 (sw2sw
                    (((31 :num) >< (0 :num)) (s.c_gpr s.procID rs2) :word32) :
                  word64)
             else if rs2 = (0w :word5) then
               (sw2sw
                  (((31 :num) >< (0 :num)) (s.c_gpr s.procID rs1) :word32) :
                word64) =
               (0w
                 :word64)
             else
               (sw2sw
                  (((31 :num) >< (0 :num)) (s.c_gpr s.procID rs1) :word32) :
                word64) =
               (sw2sw
                  (((31 :num) >< (0 :num)) (s.c_gpr s.procID rs2) :word32) :
                word64)
           else if rs2 = (0w :word5) then
             if rs1 = (0w :word5) then T
             else
               (sw2sw
                  (((31 :num) >< (0 :num)) (s.c_gpr s.procID rs1) :word32) :
                word64) =
               (0w
                 :word64)
           else if rs1 = (0w :word5) then (0w :word64) = s.c_gpr s.procID rs2
           else
             (sw2sw
                (((31 :num) >< (0 :num)) (s.c_gpr s.procID rs1) :word32) :
              word64) =
             s.c_gpr s.procID rs2
         else if rs1 = (0w :word5) then
           if rs2 = (0w :word5) then T
           else if (s.c_MCSR s.procID).mcpuid.ArchBase = (0w :word2) then
             (0w
               :word64) =
             (sw2sw
                (((31 :num) >< (0 :num)) (s.c_gpr s.procID rs2) :word32) :
              word64)
           else (0w :word64) = s.c_gpr s.procID rs2
         else if rs2 = (0w :word5) then s.c_gpr s.procID rs1 = (0w :word64)
         else if (s.c_MCSR s.procID).mcpuid.ArchBase = (0w :word2) then
           s.c_gpr s.procID rs1 =
           (sw2sw (((31 :num) >< (0 :num)) (s.c_gpr s.procID rs2) :word32) :
            word64)
         else s.c_gpr s.procID rs1 = s.c_gpr s.procID rs2
       then
         SOME (BranchTo (s.c_PC s.procID + (sw2sw offs :word64) ≪ (1 :num)))
       else s.c_NextFetch s.procID)
  ⦈
bne_hypotheses=((s :riscv_state).c_MCSR s.procID).mcpuid.ArchBase ≠ (1w :word2)
bne_statement=dfn'BNE ((rs1 :word5),(rs2 :word5),(offs :word12)) (s :riscv_state) =
s with
c_NextFetch :=
  s.c_NextFetch⦇
    s.procID ↦
      (if
         ¬if (s.c_MCSR s.procID).mcpuid.ArchBase = (0w :word2) then
           if (s.c_MCSR s.procID).mcpuid.ArchBase = (0w :word2) then
             if rs1 = (0w :word5) then
               if rs2 = (0w :word5) then T
               else
                 (0w
                   :word64) =
                 (sw2sw
                    (((31 :num) >< (0 :num)) (s.c_gpr s.procID rs2) :word32) :
                  word64)
             else if rs2 = (0w :word5) then
               (sw2sw
                  (((31 :num) >< (0 :num)) (s.c_gpr s.procID rs1) :word32) :
                word64) =
               (0w
                 :word64)
             else
               (sw2sw
                  (((31 :num) >< (0 :num)) (s.c_gpr s.procID rs1) :word32) :
                word64) =
               (sw2sw
                  (((31 :num) >< (0 :num)) (s.c_gpr s.procID rs2) :word32) :
                word64)
           else if rs2 = (0w :word5) then
             if rs1 = (0w :word5) then T
             else
               (sw2sw
                  (((31 :num) >< (0 :num)) (s.c_gpr s.procID rs1) :word32) :
                word64) =
               (0w
                 :word64)
           else if rs1 = (0w :word5) then (0w :word64) = s.c_gpr s.procID rs2
           else
             (sw2sw
                (((31 :num) >< (0 :num)) (s.c_gpr s.procID rs1) :word32) :
              word64) =
             s.c_gpr s.procID rs2
         else if rs1 = (0w :word5) then
           if rs2 = (0w :word5) then T
           else if (s.c_MCSR s.procID).mcpuid.ArchBase = (0w :word2) then
             (0w
               :word64) =
             (sw2sw
                (((31 :num) >< (0 :num)) (s.c_gpr s.procID rs2) :word32) :
              word64)
           else (0w :word64) = s.c_gpr s.procID rs2
         else if rs2 = (0w :word5) then s.c_gpr s.procID rs1 = (0w :word64)
         else if (s.c_MCSR s.procID).mcpuid.ArchBase = (0w :word2) then
           s.c_gpr s.procID rs1 =
           (sw2sw (((31 :num) >< (0 :num)) (s.c_gpr s.procID rs2) :word32) :
            word64)
         else s.c_gpr s.procID rs1 = s.c_gpr s.procID rs2
       then
         SOME (BranchTo (s.c_PC s.procID + (sw2sw offs :word64) ≪ (1 :num)))
       else s.c_NextFetch s.procID)
  ⦈
blt_hypotheses=((s :riscv_state).c_MCSR s.procID).mcpuid.ArchBase ≠ (1w :word2)
blt_statement=dfn'BLT ((rs1 :word5),(rs2 :word5),(offs :word12)) (s :riscv_state) =
s with
c_NextFetch :=
  s.c_NextFetch⦇
    s.procID ↦
      (if
         (if rs1 = (0w :word5) then (0w :word64)
          else if (s.c_MCSR s.procID).mcpuid.ArchBase = (0w :word2) then
            (sw2sw (((31 :num) >< (0 :num)) (s.c_gpr s.procID rs1) :word32) :
             word64)
          else s.c_gpr s.procID rs1) <
         if rs2 = (0w :word5) then (0w :word64)
         else if (s.c_MCSR s.procID).mcpuid.ArchBase = (0w :word2) then
           (sw2sw (((31 :num) >< (0 :num)) (s.c_gpr s.procID rs2) :word32) :
            word64)
         else s.c_gpr s.procID rs2
       then
         SOME (BranchTo (s.c_PC s.procID + (sw2sw offs :word64) ≪ (1 :num)))
       else s.c_NextFetch s.procID)
  ⦈
bltu_hypotheses=((s :riscv_state).c_MCSR s.procID).mcpuid.ArchBase ≠ (1w :word2)
bltu_statement=dfn'BLTU ((rs1 :word5),(rs2 :word5),(offs :word12)) (s :riscv_state) =
s with
c_NextFetch :=
  s.c_NextFetch⦇
    s.procID ↦
      (if
         (if rs1 = (0w :word5) then (0w :word64)
          else if (s.c_MCSR s.procID).mcpuid.ArchBase = (0w :word2) then
            (sw2sw (((31 :num) >< (0 :num)) (s.c_gpr s.procID rs1) :word32) :
             word64)
          else s.c_gpr s.procID rs1) <₊
         if rs2 = (0w :word5) then (0w :word64)
         else if (s.c_MCSR s.procID).mcpuid.ArchBase = (0w :word2) then
           (sw2sw (((31 :num) >< (0 :num)) (s.c_gpr s.procID rs2) :word32) :
            word64)
         else s.c_gpr s.procID rs2
       then
         SOME (BranchTo (s.c_PC s.procID + (sw2sw offs :word64) ≪ (1 :num)))
       else s.c_NextFetch s.procID)
  ⦈
bge_hypotheses=((s :riscv_state).c_MCSR s.procID).mcpuid.ArchBase ≠ (1w :word2)
bge_statement=dfn'BGE ((rs1 :word5),(rs2 :word5),(offs :word12)) (s :riscv_state) =
s with
c_NextFetch :=
  s.c_NextFetch⦇
    s.procID ↦
      (if
         (if rs1 = (0w :word5) then (0w :word64)
          else if (s.c_MCSR s.procID).mcpuid.ArchBase = (0w :word2) then
            (sw2sw (((31 :num) >< (0 :num)) (s.c_gpr s.procID rs1) :word32) :
             word64)
          else s.c_gpr s.procID rs1) ≥
         if rs2 = (0w :word5) then (0w :word64)
         else if (s.c_MCSR s.procID).mcpuid.ArchBase = (0w :word2) then
           (sw2sw (((31 :num) >< (0 :num)) (s.c_gpr s.procID rs2) :word32) :
            word64)
         else s.c_gpr s.procID rs2
       then
         SOME (BranchTo (s.c_PC s.procID + (sw2sw offs :word64) ≪ (1 :num)))
       else s.c_NextFetch s.procID)
  ⦈
bgeu_hypotheses=((s :riscv_state).c_MCSR s.procID).mcpuid.ArchBase ≠ (1w :word2)
bgeu_statement=dfn'BGEU ((rs1 :word5),(rs2 :word5),(offs :word12)) (s :riscv_state) =
s with
c_NextFetch :=
  s.c_NextFetch⦇
    s.procID ↦
      (if
         (if rs1 = (0w :word5) then (0w :word64)
          else if (s.c_MCSR s.procID).mcpuid.ArchBase = (0w :word2) then
            (sw2sw (((31 :num) >< (0 :num)) (s.c_gpr s.procID rs1) :word32) :
             word64)
          else s.c_gpr s.procID rs1) ≥₊
         if rs2 = (0w :word5) then (0w :word64)
         else if (s.c_MCSR s.procID).mcpuid.ArchBase = (0w :word2) then
           (sw2sw (((31 :num) >< (0 :num)) (s.c_gpr s.procID rs2) :word32) :
            word64)
         else s.c_gpr s.procID rs2
       then
         SOME (BranchTo (s.c_PC s.procID + (sw2sw offs :word64) ≪ (1 :num)))
       else s.c_NextFetch s.procID)
  ⦈
source=HOL riscv_stepScript.sml:893-898 conditional branches BEQ/BNE/BLT/BLTU/BGE/BGEU = cbranch over dfn'BEQ/BNE/BLT/BLTU/BGE/BGEU_def with avoid []; the single per-theorem Thm.hyp is ArchBase <> 1w; every source branch is unconditional (no rd/alignment/run premise)
