skip=Skip
call_dest=Call NONE (SOME 3) [1; 2] NONE
call_last=Call NONE (SOME 9) [1] NONE
call_last_loc=NONE
call_empty=Skip
loc_value=SOME 7
assign_var_copy=SOME 7
assign_var_kill=NONE
assign_expr_kill=NONE
shmem_clears=NONE
load32_kill=NONE
loadbyte_keep=NONE
seq_clears=Seq (LocValue 2 8) (Assign 3 (Var 2))
if_clears=If Equal 0 (Reg 2) (LocValue 2 8) (Assign 3 (Var 2)) LN
loop_clears=Loop LN (LocValue 2 8) LN
mark_keeps=SOME 8
ffi_clears=NONE
primitive_deletes=NONE
longmul_deletes=NONE
div_deletes=NONE
fallback_keeps=SOME 7
