find_var_empty=0

find_var_hit=7

find_var_miss=0

find_var_ctxt_10=2

find_var_ctxt_11=4

find_var_ctxt_12=6

find_reg_imm_imm=Imm 5w

find_reg_imm_reg=Reg 0

find_reg_imm_ctxt=Reg 4

comp_exp_const=Const 7w

comp_exp_var=Var 6

comp_exp_lookup=Lookup (Temp 9w)

comp_exp_base_addr=Lookup CurrHeap

comp_exp_top_addr=Op Add [Lookup CurrHeap; ShiftN Lsl (Lookup HeapLength) 1]

comp_exp_nested_op=Op Add [Const 1w; Var 6]

to_num_set_empty=[]

to_num_set_ordered=[(3,()); (1,()); (2,())]

to_num_set_duplicate=[(3,()); (1,()); (2,())]

from_num_set_empty=[]

from_num_set_ordered=[3; 1; 2]

from_num_set_duplicate=[3; 1; 2]

mk_new_cutset_empty=[(0,())]

mk_new_cutset_mapped=[(0,()); (6,())]

mk_new_cutset_duplicate=[(0,()); (6,())]

comp_skip=(Skip,0,0)

comp_assign_const=(Assign 6 (Const 7w),0,0)

comp_seq_tick=(Seq Skip Tick,0,0)

comp_loop=(Seq Tick (Seq (Loop ⦕ 0; 6 ⦖ Skip ⦕ 0 ⦖) Tick),0,0)

comp_break=(Break 2,0,0)

comp_fail=(Skip,0,0)

comp_set_global=(Set (Temp 9w) (Const 7w),0,0)

comp_func_skip=Skip

comp_func_assign=Assign 4 (Const 3w)

comp_func_seq_assign=Seq (Assign 4 (Const 3w)) (Assign 6 (Var 4))

compile_prog_empty=[]

compile_prog_singleton=[(7,2,Skip)]

compile_prog_two=[(7,2,Skip); (8,1,Assign 2 (Const 3w))]

compile_empty=[]

compile_singleton=[(7,2,Skip)]
