return_41=SOME (Return (ValWord 41w))
return_mul_42=SOME (Return (ValWord 42w))
return_if_13=SOME (Return (ValWord 13w))
call_code_map_7=SOME (Return (ValWord 7w))
call_code_map_clock_9=(SOME (Return (ValWord 7w)),9)
call_assign_local_7=(NONE,SOME (ValWord 7w))
call_raises_exception_7=SOME (Exception «E» (ValWord 7w))
call_handles_exception_7=SOME (Return (ValWord 7w))
call_handles_struct_exception_7_8=SOME (Return (RStruct [ValWord 7w; ValWord 8w]))
recursive_call_code_map_7=SOME (Return (ValWord 7w))
recursive_call_code_map_clock_8=(SOME (Return (ValWord 7w)),8)
deccall_code_map_7=SOME (Return (ValWord 7w))
deccall_code_map_clock_9=(SOME (Return (ValWord 7w)),9)
nested_deccall_code_map_7=SOME (Return (ValWord 7w))
nested_deccall_code_map_clock_8=(SOME (Return (ValWord 7w)),8)
nested_call_code_map_7=SOME (Return (ValWord 7w))
call_struct_argument_7_8=SOME (Return (RStruct [ValWord 7w; ValWord 8w]))
call_record_first_field_7=SOME (Return (ValWord 7w))
call_record_middle_pair_7_8=SOME (Return (RStruct [ValWord 7w; ValWord 8w]))
call_constructed_record_middle_pair_7_8=SOME (Return (RStruct [ValWord 7w; ValWord 8w]))
call_struct_field_rfield_7_8=SOME (Return (RStruct [ValWord 7w; ValWord 8w]))
call_nested_struct_field_rfield_7_8=SOME (Return (RStruct [RStruct [ValWord 7w]; ValWord 8w]))
call_zero_clock_timeout=SOME TimeOut
call_zero_arg_const_7=SOME (Return (ValWord 7w))
recursive_call_timeout=SOME TimeOut
recursive_deccall_timeout=SOME TimeOut
return_clears_locals=(SOME (Return (ValWord 41w)),NONE)
return_shape_too_big=SOME Error
raise_clears_locals=(SOME (Exception «E» (ValWord 5w)),NONE)
raise_missing_exception=SOME Error
raise_shape_mismatch=SOME Error
dec_restores_locals=(SOME (Return (ValWord 9w)),SOME (ValWord 7w))
dec_shape_mismatch=SOME Error
nb_op_op8=1
nb_op_op16=2
nb_op_opW=0
nb_op_op32=4
lookup_kvar_local=SOME (ValWord 3w)
lookup_kvar_global=SOME (ValWord 4w)
lookup_kvar_missing=NONE
pan_sem_e2e_done=0
