total_assign_ok_result=NONE
total_assign_ok_local=SOME (ValWord 9w)
total_assign_bad_result=SOME Error
total_assign_bad_local=SOME (ValWord 3w)
total_return_ok_result=SOME (Return (ValWord 7w))
total_return_ok_local=NONE
total_return_bad_result=SOME Error
total_return_bad_local=SOME (ValWord 3w)
total_return_oversize_result=SOME Error
total_return_oversize_local=SOME (ValWord 3w)
total_raise_ok_result=SOME (Exception «E» (ValWord 4w))
total_raise_ok_local=NONE
total_raise_bad_result=SOME Error
total_raise_bad_local=SOME (ValWord 3w)
total_raise_shape_mismatch_result=SOME Error
total_raise_shape_mismatch_local=SOME (ValWord 3w)
total_raise_missing_shape_result=SOME Error
total_raise_oversize_result=SOME Error
total_raise_oversize_local=SOME (ValWord 3w)
total_if_assign_true_result=NONE
total_if_assign_true_local=SOME (ValWord 9w)
total_if_assign_false_result=NONE
total_if_assign_false_local=SOME (ValWord 3w)
total_seq_assign_return_result=SOME (Return (ValWord 7w))
total_seq_assign_return_local=NONE
total_seq_raise_stop_result=SOME (Exception «E» (ValWord 4w))
total_seq_raise_stop_local=NONE
