mem_load_byte_definition=∀m dm be w.
  mem_load_byte m dm be w =
  case m (byte_align w) of
    Word v => if byte_align w ∈ dm then SOME (get_byte w v be) else NONE
mem_load_32_definition=∀m dm be w.
  mem_load_32 m dm be w =
  if aligned 2 w then
    case m (byte_align w) of
      Word v =>
        if byte_align w ∈ dm then
          SOME
            (word_of_bytes be 0w
               [get_byte w v be; get_byte (w + 1w) v be;
                get_byte (w + 2w) v be; get_byte (w + 3w) v be])
        else NONE
  else NONE
byte_hit=SOME 2w
byte_miss=NONE
byte_big_endian=SOME 7w
load32_hit=SOME 0x4030201w
load32_unaligned=NONE
load32_domain_miss=NONE
load32_big_endian=SOME 0x8070605w
byte_hit_width8=SOME 165w
load32_hit_width8=SOME 0xA5A5A5A5w
