if_true_result=NONE
if_true_clock=5
if_true_locals=SOME (ValWord 9w)
if_false_result=NONE
if_false_clock=5
if_false_locals=SOME (ValWord 3w)
if_nonword_result=SOME Error
if_nonword_locals=SOME (ValWord 3w)
if_nonword_value_result=SOME Error
if_nonword_value_locals=SOME (ValWord 3w)
if_fail_result=SOME Error
if_fail_clock=5
if_fail_locals=SOME (ValWord 3w)
if_const_true_tick_clock=4
if_const_false_tick_clock=5
if_local_true_tick_clock=4
if_local_zero_tick_clock=5
if_op_add_true_tick_clock=4
if_op_sub_zero_tick_clock=5
exact_if_nonzero_result=NONE
exact_if_nonzero_clock=4
exact_if_zero_result=NONE
exact_if_zero_clock=5
exact_if_nonword_result=SOME Error
exact_if_nonword_local=SOME (ValWord 3w)
exact_if_failed_result=SOME Error
exact_if_failed_clock=5
exact_if_failed_local=SOME (ValWord 3w)
exact_if_assign_success_result=NONE
exact_if_assign_success_local=SOME (ValWord 9w)
exact_if_assign_failure_result=SOME Error
exact_if_assign_failure_local=SOME (ValWord 3w)
