flat_skip=(0,F,2)
flat_tick=(1,F,2)
flat_inst=(1,F,2)
flat_halt=(1,T,2)
flat_seq_tail=(3,F,2)
flat_seq_not_tail=(2,F,2)
flat_if_both_skip=(0,F,2)
flat_if_then_skip=(3,F,3)
flat_if_else_skip=(3,F,3)
flat_if_then_terminates=(4,F,3)
flat_if_else_terminates=(4,F,3)
flat_if_both_live=(6,F,4)
flat_loop_if=(9,F,6)
flat_raise=(1,T,2)
flat_return=(1,T,2)
flat_break=(1,T,2)
flat_continue=(1,T,2)
flat_raw_call=(1,T,2)
flat_call_none_label=(1,T,2)
flat_call_none_reg=(1,T,2)
flat_call_return=(4,F,2)
flat_call_handler=(8,F,3)
flat_jump_lower=(1,F,2)
flat_ffi=(3,F,3)
flat_loc_value=(1,F,2)
flat_install=(3,F,3)
flat_shared_memory=(1,F,2)
flat_code_buffer_write=(1,F,2)
flat_default=(0,F,2)
section_skip=Section 3 [Label 3 1 0]
section_seq=Section 3
  [Asm (Asmi (Inst Skip)) [] 0; Label 3 1 0; Asm (Asmi (Inst Skip)) [] 0;
   Label 3 2 0]
section_if=Section 3
  [LabAsm (JumpCmp Equal 1 (Reg 2) (Lab 3 2)) 0w [] 0;
   Asm (Asmi (Inst Skip)) [] 0; LabAsm (Jump (Lab 3 3)) 0w [] 0; Label 3 2 0;
   Asm (Asmi (Inst Skip)) [] 0; Label 3 3 0; Label 3 1 0]
