stack_rawcall_comp_no_shmemop_statement=∀i p. no_shmemop p ⇒ no_shmemop (comp i p)
stack_rawcall_comp_no_shmemop_statement_typed=∀(i :num sptree$num_map) (p :α prog). no_shmemop p ⇒ no_shmemop (comp i p :α prog)
stack_rawcall_comp_no_shmemop_statement_types=(i :num sptree$num_map)::num sptree$num_map;(p :α prog)::α prog;
stack_rawcall_comp_top_no_shmemop_statement=∀p. no_shmemop p ⇒ no_shmemop (comp_top i p)
stack_rawcall_comp_top_no_shmemop_statement_typed=∀(p :α prog). no_shmemop p ⇒ no_shmemop (comp_top (i :num sptree$num_map) p)
stack_rawcall_comp_top_no_shmemop_statement_types=(p :α prog)::α prog;(i :num sptree$num_map)::num sptree$num_map;
stack_rawcall_compile_no_shmemop_statement=∀prog. EVERY (λ(a,p). no_shmemop p) prog ⇒ EVERY (λ(a,p). no_shmemop p) (compile prog)
stack_rawcall_compile_no_shmemop_statement_typed=∀(prog :(num # α prog) list). EVERY (λ((a :num),(p :α prog)). no_shmemop p) prog ⇒ EVERY (λ((a :num),(p :α prog)). no_shmemop p) (compile prog :(num # α prog) list)
stack_rawcall_compile_no_shmemop_statement_types=(prog :(num # α prog) list)::(num # α prog) list;
stack_alloc_comp_no_shmemop_statement=∀n m p. no_shmemop p ⇒ no_shmemop (FST (comp n m p))
stack_alloc_comp_no_shmemop_statement_typed=∀(n :num) (m :num) (p :α prog). no_shmemop p ⇒ no_shmemop (FST (comp n m p :α prog # num))
stack_alloc_comp_no_shmemop_statement_types=(n :num)::num;(m :num)::num;(p :α prog)::α prog;
stack_alloc_prog_comp_no_shmemop_statement=∀prog. EVERY (λ(a,p). no_shmemop p) prog ⇒ EVERY (λ(a,p). no_shmemop p) (MAP prog_comp prog)
stack_alloc_prog_comp_no_shmemop_statement_typed=∀(prog :(num # α prog) list). EVERY (λ((a :num),(p :α prog)). no_shmemop p) prog ⇒ EVERY (λ((a :num),(p :α prog)). no_shmemop p) (MAP (prog_comp :num # α prog -> num # α prog) prog)
stack_alloc_prog_comp_no_shmemop_statement_types=(prog :(num # α prog) list)::(num # α prog) list;
stack_alloc_compile_no_shmemop_statement=EVERY (λ(a,p). no_shmemop p) prog ⇒ EVERY (λ(a,p). no_shmemop p) (compile data prog)
stack_alloc_compile_no_shmemop_statement_typed=EVERY (λ((a :num),(p :α prog)). no_shmemop p) (prog :(num # α prog) list) ⇒ EVERY (λ((a :num),(p :α prog)). no_shmemop p) (compile (data :data_to_word$config) prog :(num # α prog) list)
stack_alloc_compile_no_shmemop_statement_types=(data :data_to_word$config)::data_to_word$config;(prog :(num # α prog) list)::(num # α prog) list;
upshift_no_shmemop_statement=∀k n. no_shmemop (upshift k n)
upshift_no_shmemop_statement_typed=∀(k :num) (n :num). no_shmemop (upshift k n :α prog)
upshift_no_shmemop_statement_types=(k :num)::num;(n :num)::num;
downshift_no_shmemop_statement=∀k n. no_shmemop (downshift k n)
downshift_no_shmemop_statement_typed=∀(k :num) (n :num). no_shmemop (downshift k n :α prog)
downshift_no_shmemop_statement_types=(k :num)::num;(n :num)::num;
stack_free_no_shmemop_statement=∀k n. no_shmemop (stack_free k n)
stack_free_no_shmemop_statement_typed=∀(k :num) (n :num). no_shmemop (stack_free k n :α prog)
stack_free_no_shmemop_statement_types=(k :num)::num;(n :num)::num;
stack_alloc_no_shmemop_statement=∀jump k n. no_shmemop (stack_alloc jump k n)
stack_alloc_no_shmemop_statement_typed=∀(jump :bool) (k :num) (n :num). no_shmemop (stack_alloc jump k n :α prog)
stack_alloc_no_shmemop_statement_types=(jump :bool)::bool;(k :num)::num;(n :num)::num;
stack_remove_comp_no_shmemop_statement=∀jump off k p. no_shmemop p ⇒ no_shmemop (comp jump off k p)
stack_remove_comp_no_shmemop_statement_typed=∀(jump :bool) (off :α word # α word) (k :num) (p :α prog). no_shmemop p ⇒ no_shmemop (comp jump off k p :α prog)
stack_remove_comp_no_shmemop_statement_types=(jump :bool)::bool;(off :α word # α word)::α word # α word;(k :num)::num;(p :α prog)::α prog;
stack_remove_prog_comp_no_shmemop_statement=∀p. no_shmemop p ⇒ no_shmemop (SND (prog_comp jump off k (n,p)))
stack_remove_prog_comp_no_shmemop_statement_typed=∀(p :α prog). no_shmemop p ⇒ no_shmemop (SND (prog_comp (jump :bool) (off :α word # α word) (k :num) ((n :β),p) :β # α prog))
stack_remove_prog_comp_no_shmemop_statement_types=(p :α prog)::α prog;(n :β)::β;(k :num)::num;(off :α word # α word)::α word # α word;(jump :bool)::bool;
stack_remove_compile_no_shmemop_statement=EVERY (λ(a,p). no_shmemop p) prog ⇒ EVERY (λ(a,p). no_shmemop p) (compile jump offset gckind mh sp loc prog)
stack_remove_compile_no_shmemop_statement_typed=EVERY (λ((a :num),(p :α prog)). no_shmemop p) (prog :(num # α prog) list) ⇒ EVERY (λ((a :num),(p :α prog)). no_shmemop p) (compile (jump :bool) (offset :α word # α word) (gckind :bool) (mh :num) (sp :num) (loc :num) prog :(num # α prog) list)
stack_remove_compile_no_shmemop_statement_types=(loc :num)::num;(sp :num)::num;(mh :num)::num;(gckind :bool)::bool;(offset :α word # α word)::α word # α word;(jump :bool)::bool;(prog :(num # α prog) list)::(num # α prog) list;
stack_names_comp_no_shmemop_statement=∀f p. no_shmemop p ⇒ no_shmemop (comp f p)
stack_names_comp_no_shmemop_statement_typed=∀(f :num sptree$num_map) (p :α prog). no_shmemop p ⇒ no_shmemop (comp f p :α prog)
stack_names_comp_no_shmemop_statement_types=(f :num sptree$num_map)::num sptree$num_map;(p :α prog)::α prog;
stack_names_prog_comp_no_shmemop_statement=∀prog. EVERY (λ(a,p). no_shmemop p) prog ⇒ EVERY (λ(a,p). no_shmemop p) (MAP (prog_comp f) prog)
stack_names_prog_comp_no_shmemop_statement_typed=∀(prog :(α # β prog) list). EVERY (λ((a :α),(p :β prog)). no_shmemop p) prog ⇒ EVERY (λ((a :α),(p :β prog)). no_shmemop p) (MAP (prog_comp (f :num sptree$num_map) :α # β prog -> α # β prog) prog)
stack_names_prog_comp_no_shmemop_statement_types=(prog :(α # β prog) list)::(α # β prog) list;(f :num sptree$num_map)::num sptree$num_map;
stack_names_compile_no_shmemop_statement=EVERY (λ(a,p). no_shmemop p) prog ⇒ EVERY (λ(a,p). no_shmemop p) (compile names prog)
stack_names_compile_no_shmemop_statement_typed=EVERY (λ((a :α),(p :β prog)). no_shmemop p) (prog :(α # β prog) list) ⇒ EVERY (λ((a :α),(p :β prog)). no_shmemop p) (compile (names :num sptree$num_map) prog :(α # β prog) list)
stack_names_compile_no_shmemop_statement_types=(names :num sptree$num_map)::num sptree$num_map;(prog :(α # β prog) list)::(α # β prog) list;
flatten_no_share_mem_inst_statement=∀t p n m cs bs. no_shmemop p ⇒ EVERY (λln. ∀op re a inst len. ln ≠ Asm (ShareMem op re a) inst len) (append (FST (flatten t p n m cs bs)))
flatten_no_share_mem_inst_statement_typed=∀(t :bool) (p :α prog) (n :num) (m :num) (cs :num list) (bs :num list). no_shmemop p ⇒ EVERY (λ(ln :α line). ∀(op :memop) (re :num) (a :α addr) (inst :word8 list) (len :num). ln ≠ Asm (ShareMem op re a) inst len) (append (FST (flatten t p n m cs bs)))
flatten_no_share_mem_inst_statement_types=(t :bool)::bool;(p :α prog)::α prog;(n :num)::num;(m :num)::num;(cs :num list)::num list;(bs :num list)::num list;
asm_fetch_aux_no_share_mem_inst_CONS_statement=∀xs. EVERY (λln. ∀op re a inst len. ln ≠ Asm (ShareMem op re a) inst len) xs ∧ no_share_mem_inst ls ⇒ no_share_mem_inst (Section k xs::ls)
asm_fetch_aux_no_share_mem_inst_CONS_statement_typed=∀(xs :α line list). EVERY (λ(ln :α line). ∀(op :memop) (re :num) (a :α addr) (inst :word8 list) (len :num). ln ≠ Asm (ShareMem op re a) inst len) xs ∧ no_share_mem_inst (ls :α sec list) ⇒ no_share_mem_inst (Section (k :num) xs::ls)
asm_fetch_aux_no_share_mem_inst_CONS_statement_types=(xs :α line list)::α line list;(k :num)::num;(ls :α sec list)::α sec list;
prog_to_section_no_share_mem_inst_statement=∀prog. EVERY (λ(a,p). no_shmemop p) prog ⇒ no_share_mem_inst (MAP prog_to_section prog)
prog_to_section_no_share_mem_inst_statement_typed=∀(prog :(num # α prog) list). EVERY (λ((a :num),(p :α prog)). no_shmemop p) prog ⇒ no_share_mem_inst (MAP (prog_to_section :num # α prog -> α sec) prog)
prog_to_section_no_share_mem_inst_statement_types=(prog :(num # α prog) list)::(num # α prog) list;
compile_no_share_mem_inst_statement=∀prog prog'. EVERY (λ(a,p). no_shmemop p) prog ∧ compile stack_conf data_conf max_heap sp offset prog = prog' ⇒ no_share_mem_inst prog'
compile_no_share_mem_inst_statement_typed=∀(prog :(num # α prog) list) (prog' :α sec list). EVERY (λ((a :num),(p :α prog)). no_shmemop p) prog ∧ (compile (stack_conf :stack_to_lab$config) (data_conf :data_to_word$config) (max_heap :num) (sp :num) (offset :α word # α word) prog :α sec list) = prog' ⇒ no_share_mem_inst prog'
compile_no_share_mem_inst_statement_types=(prog :(num # α prog) list)::(num # α prog) list;(prog' :α sec list)::α sec list;(offset :α word # α word)::α word # α word;(sp :num)::num;(max_heap :num)::num;(data_conf :data_to_word$config)::data_to_word$config;(stack_conf :stack_to_lab$config)::stack_to_lab$config;
stack_remove_prog_comp_no_shmemop_MAP_statement=EVERY (λ(a,p). no_shmemop p) prog ⇒ EVERY (λ(a,p). no_shmemop p) (MAP (prog_comp jump offset sp) prog)
stack_remove_prog_comp_no_shmemop_MAP_statement_typed=EVERY (λ((a :α),(p :β prog)). no_shmemop p) (prog :(α # β prog) list) ⇒ EVERY (λ((a :α),(p :β prog)). no_shmemop p) (MAP (prog_comp (jump :bool) (offset :β word # β word) (sp :num) :α # β prog -> α # β prog) prog)
stack_remove_prog_comp_no_shmemop_MAP_statement_types=(sp :num)::num;(offset :β word # β word)::β word # β word;(jump :bool)::bool;(prog :(α # β prog) list)::(α # β prog) list;
compile_no_stubs_no_share_mem_inst_statement=EVERY (λ(a,p). no_shmemop p) prog ∧ compile_no_stubs f jump offset sp prog = prog' ⇒ no_share_mem_inst prog'
compile_no_stubs_no_share_mem_inst_statement_typed=EVERY (λ((a :num),(p :α prog)). no_shmemop p) (prog :(num # α prog) list) ∧ compile_no_stubs (f :num sptree$num_map) (jump :bool) (offset :α word # α word) (sp :num) prog = (prog' :α sec list) ⇒ no_share_mem_inst prog'
compile_no_stubs_no_share_mem_inst_statement_types=(prog' :α sec list)::α sec list;(sp :num)::num;(offset :α word # α word)::α word # α word;(jump :bool)::bool;(f :num sptree$num_map)::num sptree$num_map;(prog :(num # α prog) list)::(num # α prog) list;
