fpLess_typed=∀(r :num) (lens :num list) (k :num) (f' :num) (f :num) (d2 :num) (d1 :num) (ac :α asm_config) (s :(α, num # β, γ) state) (t :(α, β, γ) stackSem$state) (s' :(α, num # β, γ) state). inst (FP (FPLess r d1 d2) :α inst) s = SOME s' ∧ every_var_inst is_phy_var (FP (FPLess r d1 d2) :α inst) ∧ max_var_inst (FP (FPLess r d1 d2) :α inst) < (2 :num) * f' + (2 :num) * k ∧ inst_arg_convention (FP (FPLess r d1 d2) :α inst) ∧ state_rel ac k f f' s t lens (0 :num) ⇒ ∃(t' :(α, β, γ) stackSem$state). (evaluate (wInst (FP (FPLess r d1 d2) :α inst) (k,f,f'),t) :α stackSem$result option # (α, β, γ) stackSem$state) = ((NONE :α stackSem$result option),t') ∧ state_rel ac k f f' s' t' lens (0 :num) ∧ LENGTH t'.stack = LENGTH t.stack ∧ t'.stack_space = t.stack_space
fpLess_proved=T
fpLess_hypotheses=0
fpLessEqual_typed=∀(r :num) (lens :num list) (k :num) (f' :num) (f :num) (d2 :num) (d1 :num) (ac :α asm_config) (s :(α, num # β, γ) state) (t :(α, β, γ) stackSem$state) (s' :(α, num # β, γ) state). inst (FP (FPLessEqual r d1 d2) :α inst) s = SOME s' ∧ every_var_inst is_phy_var (FP (FPLessEqual r d1 d2) :α inst) ∧ max_var_inst (FP (FPLessEqual r d1 d2) :α inst) < (2 :num) * f' + (2 :num) * k ∧ inst_arg_convention (FP (FPLessEqual r d1 d2) :α inst) ∧ state_rel ac k f f' s t lens (0 :num) ⇒ ∃(t' :(α, β, γ) stackSem$state). (evaluate (wInst (FP (FPLessEqual r d1 d2) :α inst) (k,f,f'),t) :α stackSem$result option # (α, β, γ) stackSem$state) = ((NONE :α stackSem$result option),t') ∧ state_rel ac k f f' s' t' lens (0 :num) ∧ LENGTH t'.stack = LENGTH t.stack ∧ t'.stack_space = t.stack_space
fpLessEqual_proved=T
fpLessEqual_hypotheses=0
fpEqual_typed=∀(r :num) (lens :num list) (k :num) (f' :num) (f :num) (d2 :num) (d1 :num) (ac :α asm_config) (s :(α, num # β, γ) state) (t :(α, β, γ) stackSem$state) (s' :(α, num # β, γ) state). inst (FP (FPEqual r d1 d2) :α inst) s = SOME s' ∧ every_var_inst is_phy_var (FP (FPEqual r d1 d2) :α inst) ∧ max_var_inst (FP (FPEqual r d1 d2) :α inst) < (2 :num) * f' + (2 :num) * k ∧ inst_arg_convention (FP (FPEqual r d1 d2) :α inst) ∧ state_rel ac k f f' s t lens (0 :num) ⇒ ∃(t' :(α, β, γ) stackSem$state). (evaluate (wInst (FP (FPEqual r d1 d2) :α inst) (k,f,f'),t) :α stackSem$result option # (α, β, γ) stackSem$state) = ((NONE :α stackSem$result option),t') ∧ state_rel ac k f f' s' t' lens (0 :num) ∧ LENGTH t'.stack = LENGTH t.stack ∧ t'.stack_space = t.stack_space
fpEqual_proved=T
fpEqual_hypotheses=0
fpMov_typed=∀(lens :num list) (k :num) (f' :num) (f :num) (d2 :num) (d1 :num) (ac :α asm_config) (s :(α, num # β, γ) state) (t :(α, β, γ) stackSem$state) (s' :(α, num # β, γ) state). inst (FP (FPMov d1 d2) :α inst) s = SOME s' ∧ every_var_inst is_phy_var (FP (FPMov d1 d2) :α inst) ∧ max_var_inst (FP (FPMov d1 d2) :α inst) < (2 :num) * f' + (2 :num) * k ∧ inst_arg_convention (FP (FPMov d1 d2) :α inst) ∧ state_rel ac k f f' s t lens (0 :num) ⇒ ∃(t' :(α, β, γ) stackSem$state). (evaluate (wInst (FP (FPMov d1 d2) :α inst) (k,f,f'),t) :α stackSem$result option # (α, β, γ) stackSem$state) = ((NONE :α stackSem$result option),t') ∧ state_rel ac k f f' s' t' lens (0 :num) ∧ LENGTH t'.stack = LENGTH t.stack ∧ t'.stack_space = t.stack_space
fpMov_proved=T
fpMov_hypotheses=0
fpAbs_typed=∀(lens :num list) (k :num) (f' :num) (f :num) (d2 :num) (d1 :num) (ac :α asm_config) (s :(α, num # β, γ) state) (t :(α, β, γ) stackSem$state) (s' :(α, num # β, γ) state). inst (FP (FPAbs d1 d2) :α inst) s = SOME s' ∧ every_var_inst is_phy_var (FP (FPAbs d1 d2) :α inst) ∧ max_var_inst (FP (FPAbs d1 d2) :α inst) < (2 :num) * f' + (2 :num) * k ∧ inst_arg_convention (FP (FPAbs d1 d2) :α inst) ∧ state_rel ac k f f' s t lens (0 :num) ⇒ ∃(t' :(α, β, γ) stackSem$state). (evaluate (wInst (FP (FPAbs d1 d2) :α inst) (k,f,f'),t) :α stackSem$result option # (α, β, γ) stackSem$state) = ((NONE :α stackSem$result option),t') ∧ state_rel ac k f f' s' t' lens (0 :num) ∧ LENGTH t'.stack = LENGTH t.stack ∧ t'.stack_space = t.stack_space
fpAbs_proved=T
fpAbs_hypotheses=0
fpNeg_typed=∀(lens :num list) (k :num) (f' :num) (f :num) (d2 :num) (d1 :num) (ac :α asm_config) (s :(α, num # β, γ) state) (t :(α, β, γ) stackSem$state) (s' :(α, num # β, γ) state). inst (FP (FPNeg d1 d2) :α inst) s = SOME s' ∧ every_var_inst is_phy_var (FP (FPNeg d1 d2) :α inst) ∧ max_var_inst (FP (FPNeg d1 d2) :α inst) < (2 :num) * f' + (2 :num) * k ∧ inst_arg_convention (FP (FPNeg d1 d2) :α inst) ∧ state_rel ac k f f' s t lens (0 :num) ⇒ ∃(t' :(α, β, γ) stackSem$state). (evaluate (wInst (FP (FPNeg d1 d2) :α inst) (k,f,f'),t) :α stackSem$result option # (α, β, γ) stackSem$state) = ((NONE :α stackSem$result option),t') ∧ state_rel ac k f f' s' t' lens (0 :num) ∧ LENGTH t'.stack = LENGTH t.stack ∧ t'.stack_space = t.stack_space
fpNeg_proved=T
fpNeg_hypotheses=0
fpSqrt_typed=∀(lens :num list) (k :num) (f' :num) (f :num) (d2 :num) (d1 :num) (ac :α asm_config) (s :(α, num # β, γ) state) (t :(α, β, γ) stackSem$state) (s' :(α, num # β, γ) state). inst (FP (FPSqrt d1 d2) :α inst) s = SOME s' ∧ every_var_inst is_phy_var (FP (FPSqrt d1 d2) :α inst) ∧ max_var_inst (FP (FPSqrt d1 d2) :α inst) < (2 :num) * f' + (2 :num) * k ∧ inst_arg_convention (FP (FPSqrt d1 d2) :α inst) ∧ state_rel ac k f f' s t lens (0 :num) ⇒ ∃(t' :(α, β, γ) stackSem$state). (evaluate (wInst (FP (FPSqrt d1 d2) :α inst) (k,f,f'),t) :α stackSem$result option # (α, β, γ) stackSem$state) = ((NONE :α stackSem$result option),t') ∧ state_rel ac k f f' s' t' lens (0 :num) ∧ LENGTH t'.stack = LENGTH t.stack ∧ t'.stack_space = t.stack_space
fpSqrt_proved=T
fpSqrt_hypotheses=0
fpAdd_typed=∀(lens :num list) (k :num) (f' :num) (f :num) (d3 :num) (d2 :num) (d1 :num) (ac :α asm_config) (s :(α, num # β, γ) state) (t :(α, β, γ) stackSem$state) (s' :(α, num # β, γ) state). inst (FP (FPAdd d1 d2 d3) :α inst) s = SOME s' ∧ every_var_inst is_phy_var (FP (FPAdd d1 d2 d3) :α inst) ∧ max_var_inst (FP (FPAdd d1 d2 d3) :α inst) < (2 :num) * f' + (2 :num) * k ∧ inst_arg_convention (FP (FPAdd d1 d2 d3) :α inst) ∧ state_rel ac k f f' s t lens (0 :num) ⇒ ∃(t' :(α, β, γ) stackSem$state). (evaluate (wInst (FP (FPAdd d1 d2 d3) :α inst) (k,f,f'),t) :α stackSem$result option # (α, β, γ) stackSem$state) = ((NONE :α stackSem$result option),t') ∧ state_rel ac k f f' s' t' lens (0 :num) ∧ LENGTH t'.stack = LENGTH t.stack ∧ t'.stack_space = t.stack_space
fpAdd_proved=T
fpAdd_hypotheses=0
fpSub_typed=∀(lens :num list) (k :num) (f' :num) (f :num) (d3 :num) (d2 :num) (d1 :num) (ac :α asm_config) (s :(α, num # β, γ) state) (t :(α, β, γ) stackSem$state) (s' :(α, num # β, γ) state). inst (FP (FPSub d1 d2 d3) :α inst) s = SOME s' ∧ every_var_inst is_phy_var (FP (FPSub d1 d2 d3) :α inst) ∧ max_var_inst (FP (FPSub d1 d2 d3) :α inst) < (2 :num) * f' + (2 :num) * k ∧ inst_arg_convention (FP (FPSub d1 d2 d3) :α inst) ∧ state_rel ac k f f' s t lens (0 :num) ⇒ ∃(t' :(α, β, γ) stackSem$state). (evaluate (wInst (FP (FPSub d1 d2 d3) :α inst) (k,f,f'),t) :α stackSem$result option # (α, β, γ) stackSem$state) = ((NONE :α stackSem$result option),t') ∧ state_rel ac k f f' s' t' lens (0 :num) ∧ LENGTH t'.stack = LENGTH t.stack ∧ t'.stack_space = t.stack_space
fpSub_proved=T
fpSub_hypotheses=0
fpMul_typed=∀(lens :num list) (k :num) (f' :num) (f :num) (d3 :num) (d2 :num) (d1 :num) (ac :α asm_config) (s :(α, num # β, γ) state) (t :(α, β, γ) stackSem$state) (s' :(α, num # β, γ) state). inst (FP (FPMul d1 d2 d3) :α inst) s = SOME s' ∧ every_var_inst is_phy_var (FP (FPMul d1 d2 d3) :α inst) ∧ max_var_inst (FP (FPMul d1 d2 d3) :α inst) < (2 :num) * f' + (2 :num) * k ∧ inst_arg_convention (FP (FPMul d1 d2 d3) :α inst) ∧ state_rel ac k f f' s t lens (0 :num) ⇒ ∃(t' :(α, β, γ) stackSem$state). (evaluate (wInst (FP (FPMul d1 d2 d3) :α inst) (k,f,f'),t) :α stackSem$result option # (α, β, γ) stackSem$state) = ((NONE :α stackSem$result option),t') ∧ state_rel ac k f f' s' t' lens (0 :num) ∧ LENGTH t'.stack = LENGTH t.stack ∧ t'.stack_space = t.stack_space
fpMul_proved=T
fpMul_hypotheses=0
fpDiv_typed=∀(lens :num list) (k :num) (f' :num) (f :num) (d3 :num) (d2 :num) (d1 :num) (ac :α asm_config) (s :(α, num # β, γ) state) (t :(α, β, γ) stackSem$state) (s' :(α, num # β, γ) state). inst (FP (FPDiv d1 d2 d3) :α inst) s = SOME s' ∧ every_var_inst is_phy_var (FP (FPDiv d1 d2 d3) :α inst) ∧ max_var_inst (FP (FPDiv d1 d2 d3) :α inst) < (2 :num) * f' + (2 :num) * k ∧ inst_arg_convention (FP (FPDiv d1 d2 d3) :α inst) ∧ state_rel ac k f f' s t lens (0 :num) ⇒ ∃(t' :(α, β, γ) stackSem$state). (evaluate (wInst (FP (FPDiv d1 d2 d3) :α inst) (k,f,f'),t) :α stackSem$result option # (α, β, γ) stackSem$state) = ((NONE :α stackSem$result option),t') ∧ state_rel ac k f f' s' t' lens (0 :num) ∧ LENGTH t'.stack = LENGTH t.stack ∧ t'.stack_space = t.stack_space
fpDiv_proved=T
fpDiv_hypotheses=0
fpFma_typed=∀(lens :num list) (k :num) (f' :num) (f :num) (d3 :num) (d2 :num) (d1 :num) (ac :α asm_config) (s :(α, num # β, γ) state) (t :(α, β, γ) stackSem$state) (s' :(α, num # β, γ) state). inst (FP (FPFma d1 d2 d3) :α inst) s = SOME s' ∧ every_var_inst is_phy_var (FP (FPFma d1 d2 d3) :α inst) ∧ max_var_inst (FP (FPFma d1 d2 d3) :α inst) < (2 :num) * f' + (2 :num) * k ∧ inst_arg_convention (FP (FPFma d1 d2 d3) :α inst) ∧ state_rel ac k f f' s t lens (0 :num) ⇒ ∃(t' :(α, β, γ) stackSem$state). (evaluate (wInst (FP (FPFma d1 d2 d3) :α inst) (k,f,f'),t) :α stackSem$result option # (α, β, γ) stackSem$state) = ((NONE :α stackSem$result option),t') ∧ state_rel ac k f f' s' t' lens (0 :num) ∧ LENGTH t'.stack = LENGTH t.stack ∧ t'.stack_space = t.stack_space
fpFma_proved=T
fpFma_hypotheses=0
fpMovToReg_typed=∀(r2 :num) (r1 :num) (lens :num list) (k :num) (f' :num) (f :num) (d :num) (ac :α asm_config) (s :(α, num # β, γ) state) (t :(α, β, γ) stackSem$state) (s' :(α, num # β, γ) state). inst (FP (FPMovToReg r1 r2 d) :α inst) s = SOME s' ∧ every_var_inst is_phy_var (FP (FPMovToReg r1 r2 d) :α inst) ∧ max_var_inst (FP (FPMovToReg r1 r2 d) :α inst) < (2 :num) * f' + (2 :num) * k ∧ inst_arg_convention (FP (FPMovToReg r1 r2 d) :α inst) ∧ state_rel ac k f f' s t lens (0 :num) ⇒ ∃(t' :(α, β, γ) stackSem$state). (evaluate (wInst (FP (FPMovToReg r1 r2 d) :α inst) (k,f,f'),t) :α stackSem$result option # (α, β, γ) stackSem$state) = ((NONE :α stackSem$result option),t') ∧ state_rel ac k f f' s' t' lens (0 :num) ∧ LENGTH t'.stack = LENGTH t.stack ∧ t'.stack_space = t.stack_space
fpMovToReg_proved=T
fpMovToReg_hypotheses=0
fpMovFromReg_typed=∀(r2 :num) (r1 :num) (lens :num list) (k :num) (f' :num) (f :num) (d :num) (ac :α asm_config) (s :(α, num # β, γ) state) (t :(α, β, γ) stackSem$state) (s' :(α, num # β, γ) state). inst (FP (FPMovFromReg d r1 r2) :α inst) s = SOME s' ∧ every_var_inst is_phy_var (FP (FPMovFromReg d r1 r2) :α inst) ∧ max_var_inst (FP (FPMovFromReg d r1 r2) :α inst) < (2 :num) * f' + (2 :num) * k ∧ inst_arg_convention (FP (FPMovFromReg d r1 r2) :α inst) ∧ state_rel ac k f f' s t lens (0 :num) ⇒ ∃(t' :(α, β, γ) stackSem$state). (evaluate (wInst (FP (FPMovFromReg d r1 r2) :α inst) (k,f,f'),t) :α stackSem$result option # (α, β, γ) stackSem$state) = ((NONE :α stackSem$result option),t') ∧ state_rel ac k f f' s' t' lens (0 :num) ∧ LENGTH t'.stack = LENGTH t.stack ∧ t'.stack_space = t.stack_space
fpMovFromReg_proved=T
fpMovFromReg_hypotheses=0
