word_gc_fun_assum_has_fp_ops_statement=word_gc_fun_assum (conf with <|has_fp_ops := b1; has_fp_tern := b2|>) s ⇔ word_gc_fun_assum conf s
word_gc_fun_assum_has_fp_ops_statement_typed=word_gc_fun_assum ((conf :config) with <|has_fp_ops := (b1 :bool); has_fp_tern := (b2 :bool)|>) (s :store_name |-> α word_loc) ⇔ word_gc_fun_assum conf s
word_gc_fun_assum_has_fp_ops_statement_types=(s :store_name |-> α word_loc)::store_name |-> α word_loc;(conf :config)::config;(b2 :bool)::bool;(b1 :bool)::bool;
word_gc_move_has_fp_ops_statement=∀x. word_gc_move (conf with <|has_fp_ops := b1; has_fp_tern := b2|>) x = word_gc_move conf x
word_gc_move_has_fp_ops_statement_typed=∀(x :α word_loc # α word # α word # α word # (α word -> α word_loc) # (α word -> bool)). word_gc_move ((conf :config) with <|has_fp_ops := (b1 :bool); has_fp_tern := (b2 :bool)|>) x = word_gc_move conf x
word_gc_move_has_fp_ops_statement_types=(x :α word_loc # α word # α word # α word # (α word -> α word_loc) # (α word -> bool))::α word_loc # α word # α word # α word # (α word -> α word_loc) # (α word -> bool);(conf :config)::config;(b2 :bool)::bool;(b1 :bool)::bool;
word_gen_gc_move_has_fp_ops_statement=∀x. word_gen_gc_move (conf with <|has_fp_ops := b1; has_fp_tern := b2|>) x = word_gen_gc_move conf x
word_gen_gc_move_has_fp_ops_statement_typed=∀(x :α word_loc # α word # α word # α word # α word # α word # (α word -> α word_loc) # (α word -> bool)). word_gen_gc_move ((conf :config) with <|has_fp_ops := (b1 :bool); has_fp_tern := (b2 :bool)|>) x = word_gen_gc_move conf x
word_gen_gc_move_has_fp_ops_statement_types=(x :α word_loc # α word # α word # α word # α word # α word # (α word -> α word_loc) # (α word -> bool))::α word_loc # α word # α word # α word # α word # α word # (α word -> α word_loc) # (α word -> bool);(conf :config)::config;(b2 :bool)::bool;(b1 :bool)::bool;
word_gen_gc_partial_move_has_fp_ops_statement=∀x. word_gen_gc_partial_move (conf with <|has_fp_ops := b1; has_fp_tern := b2|>) x = word_gen_gc_partial_move conf x
word_gen_gc_partial_move_has_fp_ops_statement_typed=∀(x :α word_loc # α word # α word # α word # (α word -> α word_loc) # (α word -> bool) # α word # α word). word_gen_gc_partial_move ((conf :config) with <|has_fp_ops := (b1 :bool); has_fp_tern := (b2 :bool)|>) x = word_gen_gc_partial_move conf x
word_gen_gc_partial_move_has_fp_ops_statement_types=(x :α word_loc # α word # α word # α word # (α word -> α word_loc) # (α word -> bool) # α word # α word)::α word_loc # α word # α word # α word # (α word -> α word_loc) # (α word -> bool) # α word # α word;(conf :config)::config;(b2 :bool)::bool;(b1 :bool)::bool;
word_gc_move_list_has_fp_ops_statement=∀conf x. word_gc_move_list (conf with <|has_fp_ops := b1; has_fp_tern := b2|>) x = word_gc_move_list conf x
word_gc_move_list_has_fp_ops_statement_typed=∀(conf :config) (x :α word # α word # α word # α word # α word # (α word -> α word_loc) # (α word -> bool)). word_gc_move_list (conf with <|has_fp_ops := (b1 :bool); has_fp_tern := (b2 :bool)|>) x = word_gc_move_list conf x
word_gc_move_list_has_fp_ops_statement_types=(conf :config)::config;(x :α word # α word # α word # α word # α word # (α word -> α word_loc) # (α word -> bool))::α word # α word # α word # α word # α word # (α word -> α word_loc) # (α word -> bool);(b2 :bool)::bool;(b1 :bool)::bool;
word_gen_gc_move_list_has_fp_ops_statement=∀conf x. word_gen_gc_move_list (conf with <|has_fp_ops := b1; has_fp_tern := b2|>) x = word_gen_gc_move_list conf x
word_gen_gc_move_list_has_fp_ops_statement_typed=∀(conf :config) (x :α word # α word # α word # α word # α word # α word # α word # (α word -> α word_loc) # (α word -> bool)). word_gen_gc_move_list (conf with <|has_fp_ops := (b1 :bool); has_fp_tern := (b2 :bool)|>) x = word_gen_gc_move_list conf x
word_gen_gc_move_list_has_fp_ops_statement_types=(conf :config)::config;(x :α word # α word # α word # α word # α word # α word # α word # (α word -> α word_loc) # (α word -> bool))::α word # α word # α word # α word # α word # α word # α word # (α word -> α word_loc) # (α word -> bool);(b2 :bool)::bool;(b1 :bool)::bool;
word_gen_gc_partial_move_list_has_fp_ops_statement=∀conf x. word_gen_gc_partial_move_list (conf with <|has_fp_ops := b1; has_fp_tern := b2|>) x = word_gen_gc_partial_move_list conf x
word_gen_gc_partial_move_list_has_fp_ops_statement_typed=∀(conf :config) (x :α word # α word # α word # α word # α word # (α word -> α word_loc) # (α word -> bool) # α word # α word). word_gen_gc_partial_move_list (conf with <|has_fp_ops := (b1 :bool); has_fp_tern := (b2 :bool)|>) x = word_gen_gc_partial_move_list conf x
word_gen_gc_partial_move_list_has_fp_ops_statement_types=(conf :config)::config;(x :α word # α word # α word # α word # α word # (α word -> α word_loc) # (α word -> bool) # α word # α word)::α word # α word # α word # α word # α word # (α word -> α word_loc) # (α word -> bool) # α word # α word;(b2 :bool)::bool;(b1 :bool)::bool;
word_gc_move_roots_has_fp_ops_statement=∀conf x. word_gc_move_roots (conf with <|has_fp_ops := b1; has_fp_tern := b2|>) x = word_gc_move_roots conf x
word_gc_move_roots_has_fp_ops_statement_typed=∀(conf :config) (x :α word_loc list # α word # α word # α word # (α word -> α word_loc) # (α word -> bool)). word_gc_move_roots (conf with <|has_fp_ops := (b1 :bool); has_fp_tern := (b2 :bool)|>) x = word_gc_move_roots conf x
word_gc_move_roots_has_fp_ops_statement_types=(conf :config)::config;(x :α word_loc list # α word # α word # α word # (α word -> α word_loc) # (α word -> bool))::α word_loc list # α word # α word # α word # (α word -> α word_loc) # (α word -> bool);(b2 :bool)::bool;(b1 :bool)::bool;
word_gen_gc_move_roots_has_fp_ops_statement=∀conf x. word_gen_gc_move_roots (conf with <|has_fp_ops := b1; has_fp_tern := b2|>) x = word_gen_gc_move_roots conf x
word_gen_gc_move_roots_has_fp_ops_statement_typed=∀(conf :config) (x :α word_loc list # α word # α word # α word # α word # α word # (α word -> α word_loc) # (α word -> bool)). word_gen_gc_move_roots (conf with <|has_fp_ops := (b1 :bool); has_fp_tern := (b2 :bool)|>) x = word_gen_gc_move_roots conf x
word_gen_gc_move_roots_has_fp_ops_statement_types=(conf :config)::config;(x :α word_loc list # α word # α word # α word # α word # α word # (α word -> α word_loc) # (α word -> bool))::α word_loc list # α word # α word # α word # α word # α word # (α word -> α word_loc) # (α word -> bool);(b2 :bool)::bool;(b1 :bool)::bool;
word_gen_gc_partial_move_roots_has_fp_ops_statement=∀conf x. word_gen_gc_partial_move_roots (conf with <|has_fp_ops := b1; has_fp_tern := b2|>) x = word_gen_gc_partial_move_roots conf x
word_gen_gc_partial_move_roots_has_fp_ops_statement_typed=∀(conf :config) (x :α word_loc list # α word # α word # α word # (α word -> α word_loc) # (α word -> bool) # α word # α word). word_gen_gc_partial_move_roots (conf with <|has_fp_ops := (b1 :bool); has_fp_tern := (b2 :bool)|>) x = word_gen_gc_partial_move_roots conf x
word_gen_gc_partial_move_roots_has_fp_ops_statement_types=(conf :config)::config;(x :α word_loc list # α word # α word # α word # (α word -> α word_loc) # (α word -> bool) # α word # α word)::α word_loc list # α word # α word # α word # (α word -> α word_loc) # (α word -> bool) # α word # α word;(b2 :bool)::bool;(b1 :bool)::bool;
word_gc_move_loop_has_fp_ops_statement=∀n conf x. word_gc_move_loop n (conf with <|has_fp_ops := b1; has_fp_tern := b2|>) x = word_gc_move_loop n conf x
word_gc_move_loop_has_fp_ops_statement_typed=∀(n :num) (conf :config) (x :α word # α word # α word # α word # (α word -> α word_loc) # (α word -> bool) # bool). word_gc_move_loop n (conf with <|has_fp_ops := (b1 :bool); has_fp_tern := (b2 :bool)|>) x = word_gc_move_loop n conf x
word_gc_move_loop_has_fp_ops_statement_types=(n :num)::num;(conf :config)::config;(x :α word # α word # α word # α word # (α word -> α word_loc) # (α word -> bool) # bool)::α word # α word # α word # α word # (α word -> α word_loc) # (α word -> bool) # bool;(b2 :bool)::bool;(b1 :bool)::bool;
word_gen_gc_partial_move_data_has_fp_ops_statement=∀n conf x. word_gen_gc_partial_move_data (conf with <|has_fp_ops := b1; has_fp_tern := b2|>) n x = word_gen_gc_partial_move_data conf n x
word_gen_gc_partial_move_data_has_fp_ops_statement_typed=∀(n :num) (conf :config) (x :α word # α word # α word # α word # (α word -> α word_loc) # (α word -> bool) # α word # α word). word_gen_gc_partial_move_data (conf with <|has_fp_ops := (b1 :bool); has_fp_tern := (b2 :bool)|>) n x = word_gen_gc_partial_move_data conf n x
word_gen_gc_partial_move_data_has_fp_ops_statement_types=(n :num)::num;(conf :config)::config;(x :α word # α word # α word # α word # (α word -> α word_loc) # (α word -> bool) # α word # α word)::α word # α word # α word # α word # (α word -> α word_loc) # (α word -> bool) # α word # α word;(b2 :bool)::bool;(b1 :bool)::bool;
word_gen_gc_move_data_has_fp_ops_statement=∀n conf x. word_gen_gc_move_data (conf with <|has_fp_ops := b1; has_fp_tern := b2|>) n x = word_gen_gc_move_data conf n x
word_gen_gc_move_data_has_fp_ops_statement_typed=∀(n :num) (conf :config) (x :α word # α word # α word # α word # α word # α word # (α word -> α word_loc) # (α word -> bool)). word_gen_gc_move_data (conf with <|has_fp_ops := (b1 :bool); has_fp_tern := (b2 :bool)|>) n x = word_gen_gc_move_data conf n x
word_gen_gc_move_data_has_fp_ops_statement_types=(n :num)::num;(conf :config)::config;(x :α word # α word # α word # α word # α word # α word # (α word -> α word_loc) # (α word -> bool))::α word # α word # α word # α word # α word # α word # (α word -> α word_loc) # (α word -> bool);(b2 :bool)::bool;(b1 :bool)::bool;
word_gen_gc_move_refs_has_fp_ops_statement=∀n conf x. word_gen_gc_move_refs (conf with <|has_fp_ops := b1; has_fp_tern := b2|>) n x = word_gen_gc_move_refs conf n x
word_gen_gc_move_refs_has_fp_ops_statement_typed=∀(n :num) (conf :config) (x :α word # α word # α word # α word # α word # α word # α word # (α word -> α word_loc) # (α word -> bool)). word_gen_gc_move_refs (conf with <|has_fp_ops := (b1 :bool); has_fp_tern := (b2 :bool)|>) n x = word_gen_gc_move_refs conf n x
word_gen_gc_move_refs_has_fp_ops_statement_types=(n :num)::num;(conf :config)::config;(x :α word # α word # α word # α word # α word # α word # α word # (α word -> α word_loc) # (α word -> bool))::α word # α word # α word # α word # α word # α word # α word # (α word -> α word_loc) # (α word -> bool);(b2 :bool)::bool;(b1 :bool)::bool;
word_gen_gc_partial_move_ref_list_has_fp_ops_statement=∀n conf x. word_gen_gc_partial_move_ref_list n (conf with <|has_fp_ops := b1; has_fp_tern := b2|>) x = word_gen_gc_partial_move_ref_list n conf x
word_gen_gc_partial_move_ref_list_has_fp_ops_statement_typed=∀(n :num) (conf :config) (x :α word # α word # α word # α word # (α word -> α word_loc) # (α word -> bool) # bool # α word # α word # α word). word_gen_gc_partial_move_ref_list n (conf with <|has_fp_ops := (b1 :bool); has_fp_tern := (b2 :bool)|>) x = word_gen_gc_partial_move_ref_list n conf x
word_gen_gc_partial_move_ref_list_has_fp_ops_statement_types=(n :num)::num;(conf :config)::config;(x :α word # α word # α word # α word # (α word -> α word_loc) # (α word -> bool) # bool # α word # α word # α word)::α word # α word # α word # α word # (α word -> α word_loc) # (α word -> bool) # bool # α word # α word # α word;(b2 :bool)::bool;(b1 :bool)::bool;
word_gen_gc_move_loop_has_fp_ops_statement=∀n conf x. word_gen_gc_move_loop (conf with <|has_fp_ops := b1; has_fp_tern := b2|>) n x = word_gen_gc_move_loop conf n x
word_gen_gc_move_loop_has_fp_ops_statement_typed=∀(n :num) (conf :config) (x :α word # α word # α word # α word # α word # α word # α word # (α word -> α word_loc) # (α word -> bool)). word_gen_gc_move_loop (conf with <|has_fp_ops := (b1 :bool); has_fp_tern := (b2 :bool)|>) n x = word_gen_gc_move_loop conf n x
word_gen_gc_move_loop_has_fp_ops_statement_types=(n :num)::num;(conf :config)::config;(x :α word # α word # α word # α word # α word # α word # α word # (α word -> α word_loc) # (α word -> bool))::α word # α word # α word # α word # α word # α word # α word # (α word -> α word_loc) # (α word -> bool);(b2 :bool)::bool;(b1 :bool)::bool;
word_full_gc_has_fp_ops_statement=∀x. word_full_gc (conf with <|has_fp_ops := b1; has_fp_tern := b2|>) x = word_full_gc conf x
word_full_gc_has_fp_ops_statement_typed=∀(x :α word_loc list # α word # α word # (α word -> α word_loc) # (α word -> bool)). word_full_gc ((conf :config) with <|has_fp_ops := (b1 :bool); has_fp_tern := (b2 :bool)|>) x = word_full_gc conf x
word_full_gc_has_fp_ops_statement_types=(x :α word_loc list # α word # α word # (α word -> α word_loc) # (α word -> bool))::α word_loc list # α word # α word # (α word -> α word_loc) # (α word -> bool);(conf :config)::config;(b2 :bool)::bool;(b1 :bool)::bool;
word_gen_gc_partial_full_has_fp_ops_statement=∀x. word_gen_gc_partial_full (conf with <|has_fp_ops := b1; has_fp_tern := b2|>) x = word_gen_gc_partial_full conf x
word_gen_gc_partial_full_has_fp_ops_statement_typed=∀(x :α word_loc list # α word # α word # α word # (α word -> α word_loc) # (α word -> bool) # α word # α word). word_gen_gc_partial_full ((conf :config) with <|has_fp_ops := (b1 :bool); has_fp_tern := (b2 :bool)|>) x = word_gen_gc_partial_full conf x
word_gen_gc_partial_full_has_fp_ops_statement_types=(x :α word_loc list # α word # α word # α word # (α word -> α word_loc) # (α word -> bool) # α word # α word)::α word_loc list # α word # α word # α word # (α word -> α word_loc) # (α word -> bool) # α word # α word;(conf :config)::config;(b2 :bool)::bool;(b1 :bool)::bool;
word_gen_gc_has_fp_ops_statement=∀x. word_gen_gc (conf with <|has_fp_ops := b1; has_fp_tern := b2|>) x = word_gen_gc conf x
word_gen_gc_has_fp_ops_statement_typed=∀(x :α word_loc list # α word # α word # α word # (α word -> α word_loc) # (α word -> bool)). word_gen_gc ((conf :config) with <|has_fp_ops := (b1 :bool); has_fp_tern := (b2 :bool)|>) x = word_gen_gc conf x
word_gen_gc_has_fp_ops_statement_types=(x :α word_loc list # α word # α word # α word # (α word -> α word_loc) # (α word -> bool))::α word_loc list # α word # α word # α word # (α word -> α word_loc) # (α word -> bool);(conf :config)::config;(b2 :bool)::bool;(b1 :bool)::bool;
glob_real_has_fp_ops_statement=glob_real (conf with <|has_fp_ops := b1; has_fp_tern := b2|>) x y = glob_real conf x y
glob_real_has_fp_ops_statement_typed=glob_real ((conf :config) with <|has_fp_ops := (b1 :bool); has_fp_tern := (b2 :bool)|>) (x :α word) (y :α word_loc) = glob_real conf x y
glob_real_has_fp_ops_statement_types=(y :α word_loc)::α word_loc;(x :α word)::α word;(conf :config)::config;(b2 :bool)::bool;(b1 :bool)::bool;
word_gc_fun_has_fp_ops_statement=word_gc_fun (conf with <|has_fp_ops := b1; has_fp_tern := b2|>) = word_gc_fun conf
word_gc_fun_has_fp_ops_statement_typed=(word_gc_fun ((conf :config) with <|has_fp_ops := (b1 :bool); has_fp_tern := (b2 :bool)|>) :α word_loc list # (α word -> α word_loc) # (α word -> bool) # (store_name |-> α word_loc) -> (α word_loc list # (α word -> α word_loc) # (store_name |-> α word_loc)) option) = (word_gc_fun conf :α word_loc list # (α word -> α word_loc) # (α word -> bool) # (store_name |-> α word_loc) -> (α word_loc list # (α word -> α word_loc) # (store_name |-> α word_loc)) option)
word_gc_fun_has_fp_ops_statement_types=(conf :config)::config;(b2 :bool)::bool;(b1 :bool)::bool;
