arithmetic_source_type=:knowledge -> α inst -> knowledge # α prog
arithmetic_source_definition=⊢ word_cseInst (data :knowledge) (Skip :α inst) = (data,(Inst (Skip :α inst) :α prog)) ∧ word_cseInst data (Const (r :num) (w :α word) :α inst) = (let (data :knowledge) = invalidate_data data r in if EVEN r then (data,(Inst (Const r w :α inst) :α prog)) else add_to_data_const data r w) ∧ word_cseInst data (Arith (a' :α arith) :α inst) = (let (r :num) = firstRegOfArith a'; (data :knowledge) = invalidate_regs data (arithWrites a'); (a'' :α arith) = canonicalArith data a'; (rds :num list) = arithReads a'' in if can_mem_arith a'' ∧ ¬MEM r rds then add_to_data (register_reads data rds) r (Arith a'' :α inst) (Arith a' :α inst) else (data,(Inst (Arith a' :α inst) :α prog))) ∧ word_cseInst data (Mem (op :memop) r (Addr (a :num) (ofs :α word))) = (if is_store op then (data with loads_mem := (empty :(num list, num) balanced_map),(Inst (Mem op r (Addr a ofs)) :α prog)) else (let (data :knowledge) = invalidate_data data r in if EVEN r ∨ EVEN a ∨ a = r then (data,(Inst (Mem op r (Addr a ofs)) :α prog)) else (let (a'' :num) = canonicalRegs' r data a in add_to_load_aux (register_read data a'') r (loadToNumList op a'' ofs) (Inst (Mem op r (Addr a ofs)) :α prog)))) ∧ word_cseInst data (FP (fp :fp) :α inst) = (invalidate_regs data (fpWrites fp),(Inst (FP fp :α inst) :α prog))
arithmetic_inst_caller_clause=∀(data :knowledge) (i :α inst). word_cse data (Inst i :α prog) = (let ((data' :knowledge),(p :α prog)) = word_cseInst data i in (data',p))
arithmetic_wf_definition=⊢ ∀(data :knowledge). wf_data (:α) data ⇔ (∀(r :num) (v :num). (lookup r data.to_canonical :num option) = SOME v ⇒ (lookup v data.to_canonical :num option) = SOME v ∧ ODD r ∧ ODD v) ∧ (∀(r :num) (v :num). (lookup r data.to_latest :num option) = SOME v ⇒ r ∈ (domain data.to_canonical :num -> bool) ∧ v ∈ (domain data.to_canonical :num -> bool)) ∧ (∀(k :num list) (v :num). (lookup listCmp k data.instrs_mem :num option) = SOME v ⇒ (lookup v data.to_canonical :num option) = SOME v) ∧ (∀(a :α arith) (v :num). (lookup listCmp (instToNumList (Arith a :α inst)) data.instrs_mem :num option) = SOME v ⇒ in_names_set a data.to_canonical ∧ can_mem_arith a) ∧ (∀(op :binop) (src :num) (v :num). (lookup listCmp (OpCurrHeapToNumList op src) data.instrs_mem :num option) = SOME v ⇒ (lookup src data.to_canonical :num option) = SOME src) ∧ (∀(x :store_name) (v :num). ALOOKUP data.gets_mem x = SOME v ⇒ (lookup v data.to_canonical :num option) = SOME v) ∧ ALL_DISTINCT (MAP (FST :store_name # num -> store_name) data.gets_mem) ∧ invariant listCmp data.instrs_mem ∧ (∀(k :num list) (v :num). (lookup listCmp k data.loads_mem :num option) = SOME v ⇒ (lookup v data.to_canonical :num option) = SOME v) ∧ (∀(op :memop) (a :num) (ofs :α word) (v :num). (lookup listCmp (loadToNumList op a ofs) data.loads_mem :num option) = SOME v ⇒ (lookup a data.to_canonical :num option) = SOME a) ∧ invariant listCmp data.loads_mem
arithmetic_0=([SOME 7; SOME 3; SOME 5; SOME 9; NONE],[SOME 5; SOME 7; SOME 9; NONE],[SOME 3; NONE],[SOME 7; SOME 3; SOME 3],[SOME 3],1,[25; 35; 109; 33; 105],[7],[9; 5])
arithmetic_1=([SOME 3; SOME 3; SOME 5; SOME 9; NONE],[SOME 7; NONE; SOME 9; NONE],[SOME 3; NONE],[SOME 3; SOME 3; NONE],[SOME 3],0,[0],[7],[5])
arithmetic_2=([NONE; SOME 3; SOME 5; SOME 9; NONE],[SOME 5; NONE; SOME 9; NONE],[SOME 3; NONE],[NONE; SOME 3; SOME 3],[SOME 3],1,[25; 35; 109; 33; 105],[2],[9; 5])
arithmetic_3=([NONE; NONE; NONE; NONE; NONE],[NONE; NONE; NONE; NONE],[NONE; NONE],[NONE; NONE; NONE],[NONE],1,[25; 35; 109; 33; 105],[9],[9; 5])
arithmetic_4=([SOME 3; SOME 3; SOME 5; SOME 3; NONE],[SOME 7; NONE; SOME 9; NONE],[SOME 3; NONE],[SOME 3; SOME 3; NONE],[SOME 3],0,[0],[7],[5])
arithmetic_5=([SOME 7; SOME 3; SOME 5; SOME 3; NONE],[SOME 5; SOME 7; SOME 9; NONE],[SOME 3; NONE],[SOME 7; SOME 3; SOME 3],[SOME 3],1,[25; 35; 109; 33; 105],[7],[9; 5])
arithmetic_6=([SOME 7; SOME 3; SOME 5; SOME 9; NONE],[SOME 5; SOME 7; SOME 9; NONE],[SOME 3; NONE],[SOME 7; SOME 3; SOME 3],[SOME 3],1,[25; 36; 109; 34; 1],[7],[9])
arithmetic_7=([SOME 3; SOME 3; SOME 5; SOME 9; NONE],[SOME 7; NONE; SOME 9; NONE],[SOME 3; NONE],[SOME 3; SOME 3; NONE],[SOME 3],0,[0],[7],[5])
arithmetic_8=([NONE; SOME 3; SOME 5; SOME 9; NONE],[SOME 5; NONE; SOME 9; NONE],[SOME 3; NONE],[NONE; SOME 3; SOME 3],[SOME 3],1,[25; 36; 109; 34; 1],[2],[9])
arithmetic_9=([NONE; NONE; NONE; NONE; NONE],[NONE; NONE; NONE; NONE],[NONE; NONE],[NONE; NONE; NONE],[NONE],1,[25; 36; 109; 34; 1],[9],[9])
arithmetic_10=([SOME 3; SOME 3; SOME 5; SOME 3; NONE],[SOME 7; NONE; SOME 9; NONE],[SOME 3; NONE],[SOME 3; SOME 3; NONE],[SOME 3],0,[0],[7],[5])
arithmetic_11=([SOME 7; SOME 3; SOME 5; SOME 3; NONE],[SOME 5; SOME 7; SOME 9; NONE],[SOME 3; NONE],[SOME 7; SOME 3; SOME 3],[SOME 3],1,[25; 36; 109; 34; 1],[7],[9])
arithmetic_12=([NONE; SOME 3; SOME 5; SOME 9; NONE],[SOME 5; NONE; SOME 9; NONE],[SOME 3; NONE],[NONE; SOME 3; SOME 3],[SOME 3],1,[28; 40; 109; 33; 105],[7],[9; 5])
arithmetic_13=([NONE; SOME 3; SOME 5; SOME 9; NONE],[SOME 5; NONE; SOME 9; NONE],[SOME 3; NONE],[NONE; SOME 3; SOME 3],[SOME 3],1,[28; 40; 109; 33; 105],[7],[9; 5])
arithmetic_14=([NONE; SOME 3; SOME 5; SOME 9; NONE],[SOME 5; NONE; SOME 9; NONE],[SOME 3; NONE],[NONE; SOME 3; SOME 3],[SOME 3],1,[28; 40; 109; 33; 105],[2],[9; 5])
arithmetic_15=([NONE; NONE; NONE; NONE; NONE],[NONE; NONE; NONE; NONE],[NONE; NONE],[NONE; NONE; NONE],[NONE],1,[28; 40; 109; 33; 105],[9],[9; 5])
arithmetic_16=([NONE; SOME 3; SOME 5; SOME 3; NONE],[SOME 5; NONE; SOME 9; NONE],[SOME 3; NONE],[NONE; SOME 3; SOME 3],[SOME 3],1,[28; 40; 109; 33; 105],[7],[9; 5])
arithmetic_17=([NONE; SOME 3; SOME 5; SOME 3; NONE],[SOME 5; NONE; SOME 9; NONE],[SOME 3; NONE],[NONE; SOME 3; SOME 3],[SOME 3],1,[28; 40; 109; 33; 105],[7],[9; 5])
arithmetic_18=([SOME 7; SOME 3; SOME 5; SOME 9; NONE],[SOME 5; SOME 7; SOME 9; NONE],[SOME 3; NONE],[SOME 7; SOME 3; SOME 3],[SOME 3],1,[28; 41; 109; 34; 1],[7],[9])
arithmetic_19=([SOME 3; SOME 3; SOME 5; SOME 9; NONE],[SOME 7; NONE; SOME 9; NONE],[SOME 3; NONE],[SOME 3; SOME 3; NONE],[SOME 3],0,[0],[7],[5])
arithmetic_20=([NONE; SOME 3; SOME 5; SOME 9; NONE],[SOME 5; NONE; SOME 9; NONE],[SOME 3; NONE],[NONE; SOME 3; SOME 3],[SOME 3],1,[28; 41; 109; 34; 1],[2],[9])
arithmetic_21=([NONE; NONE; NONE; NONE; NONE],[NONE; NONE; NONE; NONE],[NONE; NONE],[NONE; NONE; NONE],[NONE],1,[28; 41; 109; 34; 1],[9],[9])
arithmetic_22=([SOME 3; SOME 3; SOME 5; SOME 3; NONE],[SOME 7; NONE; SOME 9; NONE],[SOME 3; NONE],[SOME 3; SOME 3; NONE],[SOME 3],0,[0],[7],[5])
arithmetic_23=([SOME 7; SOME 3; SOME 5; SOME 3; NONE],[SOME 5; SOME 7; SOME 9; NONE],[SOME 3; NONE],[SOME 7; SOME 3; SOME 3],[SOME 3],1,[28; 41; 109; 34; 1],[7],[9])
arithmetic_24=([SOME 7; SOME 3; SOME 5; SOME 9; NONE],[SOME 5; SOME 7; SOME 9; NONE],[SOME 3; NONE],[SOME 7; SOME 3; SOME 3],[SOME 3],1,[29; 109; 105],[7],[9; 5])
arithmetic_25=([SOME 3; SOME 3; SOME 5; SOME 9; NONE],[SOME 7; NONE; SOME 9; NONE],[SOME 3; NONE],[SOME 3; SOME 3; NONE],[SOME 3],0,[0],[7],[5])
arithmetic_26=([NONE; SOME 3; SOME 5; SOME 9; NONE],[SOME 5; NONE; SOME 9; NONE],[SOME 3; NONE],[NONE; SOME 3; SOME 3],[SOME 3],1,[29; 109; 105],[2],[9; 5])
arithmetic_27=([NONE; NONE; NONE; NONE; NONE],[NONE; NONE; NONE; NONE],[NONE; NONE],[NONE; NONE; NONE],[NONE],1,[29; 109; 105],[9],[9; 5])
arithmetic_28=([SOME 3; SOME 3; SOME 5; SOME 3; NONE],[SOME 7; NONE; SOME 9; NONE],[SOME 3; NONE],[SOME 3; SOME 3; NONE],[SOME 3],0,[0],[7],[5])
arithmetic_29=([SOME 7; SOME 3; SOME 5; SOME 3; NONE],[SOME 5; SOME 7; SOME 9; NONE],[SOME 3; NONE],[SOME 7; SOME 3; SOME 3],[SOME 3],1,[29; 109; 105],[7],[9; 5])
arithmetic_30=([NONE; SOME 3; SOME 5; SOME 9; NONE],[SOME 5; NONE; SOME 9; NONE],[SOME 3; NONE],[NONE; SOME 3; SOME 3],[SOME 3],1,[26; 109; 105],[7; 11],[9; 5])
arithmetic_31=([NONE; SOME 3; SOME 5; SOME 9; NONE],[SOME 5; NONE; SOME 9; NONE],[SOME 3; NONE],[NONE; SOME 3; SOME 3],[SOME 3],1,[26; 109; 105],[7; 11],[9; 5])
arithmetic_32=([NONE; SOME 3; SOME 5; SOME 9; NONE],[SOME 5; NONE; SOME 9; NONE],[SOME 3; NONE],[NONE; SOME 3; SOME 3],[SOME 3],1,[26; 109; 105],[2; 11],[9; 5])
arithmetic_33=([NONE; NONE; NONE; NONE; NONE],[NONE; NONE; NONE; NONE],[NONE; NONE],[NONE; NONE; NONE],[NONE],1,[26; 109; 105],[9; 11],[9; 5])
arithmetic_34=([NONE; SOME 3; SOME 5; SOME 3; NONE],[SOME 5; NONE; SOME 9; NONE],[SOME 3; NONE],[NONE; SOME 3; SOME 3],[SOME 3],1,[26; 109; 105],[7; 11],[9; 5])
arithmetic_35=([NONE; SOME 3; SOME 5; SOME 3; NONE],[SOME 5; NONE; SOME 9; NONE],[SOME 3; NONE],[NONE; SOME 3; SOME 3],[SOME 3],1,[26; 109; 105],[7; 11],[9; 5])
arithmetic_36=([NONE; SOME 3; SOME 5; SOME 9; NONE],[SOME 5; NONE; SOME 9; NONE],[SOME 3; NONE],[NONE; SOME 3; SOME 3],[SOME 3],1,[27; 109; 105; 103],[7; 11],[9; 5; 3])
arithmetic_37=([NONE; SOME 3; SOME 5; SOME 9; NONE],[SOME 5; NONE; SOME 9; NONE],[SOME 3; NONE],[NONE; SOME 3; SOME 3],[SOME 3],1,[27; 109; 105; 103],[7; 11],[9; 5; 3])
arithmetic_38=([NONE; SOME 3; SOME 5; SOME 9; NONE],[SOME 5; NONE; SOME 9; NONE],[SOME 3; NONE],[NONE; SOME 3; SOME 3],[SOME 3],1,[27; 109; 105; 103],[2; 11],[9; 5; 3])
arithmetic_39=([NONE; NONE; NONE; NONE; NONE],[NONE; NONE; NONE; NONE],[NONE; NONE],[NONE; NONE; NONE],[NONE],1,[27; 109; 105; 103],[9; 11],[9; 5; 3])
arithmetic_40=([NONE; SOME 3; SOME 5; SOME 3; NONE],[SOME 5; NONE; SOME 9; NONE],[SOME 3; NONE],[NONE; SOME 3; SOME 3],[SOME 3],1,[27; 109; 105; 103],[7; 11],[9; 5; 3])
arithmetic_41=([NONE; SOME 3; SOME 5; SOME 3; NONE],[SOME 5; NONE; SOME 9; NONE],[SOME 3; NONE],[NONE; SOME 3; SOME 3],[SOME 3],1,[27; 109; 105; 103],[7; 11],[9; 5; 3])
arithmetic_42=([NONE; SOME 3; SOME 5; SOME 9; NONE],[SOME 5; NONE; SOME 9; NONE],[SOME 3; NONE],[NONE; SOME 3; SOME 3],[SOME 3],1,[30; 109; 105],[7; 11],[9; 5; 11])
arithmetic_43=([NONE; SOME 3; SOME 5; SOME 9; NONE],[SOME 5; NONE; SOME 9; NONE],[SOME 3; NONE],[NONE; SOME 3; SOME 3],[SOME 3],1,[30; 109; 105],[7; 11],[9; 5; 11])
arithmetic_44=([NONE; SOME 3; SOME 5; SOME 9; NONE],[SOME 5; NONE; SOME 9; NONE],[SOME 3; NONE],[NONE; SOME 3; SOME 3],[SOME 3],1,[30; 109; 105],[2; 11],[9; 5; 11])
arithmetic_45=([NONE; NONE; NONE; NONE; NONE],[NONE; NONE; NONE; NONE],[NONE; NONE],[NONE; NONE; NONE],[NONE],1,[30; 109; 105],[9; 11],[9; 5; 11])
arithmetic_46=([NONE; SOME 3; SOME 5; SOME 3; NONE],[SOME 5; NONE; SOME 9; NONE],[SOME 3; NONE],[NONE; SOME 3; SOME 3],[SOME 3],1,[30; 109; 105],[7; 11],[9; 5; 11])
arithmetic_47=([NONE; SOME 3; SOME 5; SOME 3; NONE],[SOME 5; NONE; SOME 9; NONE],[SOME 3; NONE],[NONE; SOME 3; SOME 3],[SOME 3],1,[30; 109; 105],[7; 11],[9; 5; 11])
arithmetic_48=([NONE; SOME 3; SOME 5; SOME 9; NONE],[SOME 5; NONE; SOME 9; NONE],[SOME 3; NONE],[NONE; SOME 3; SOME 3],[SOME 3],1,[31; 109; 105],[7; 11],[9; 5])
arithmetic_49=([NONE; SOME 3; SOME 5; SOME 9; NONE],[SOME 5; NONE; SOME 9; NONE],[SOME 3; NONE],[NONE; SOME 3; SOME 3],[SOME 3],1,[31; 109; 105],[7; 11],[9; 5])
arithmetic_50=([NONE; SOME 3; SOME 5; SOME 9; NONE],[SOME 5; NONE; SOME 9; NONE],[SOME 3; NONE],[NONE; SOME 3; SOME 3],[SOME 3],1,[31; 109; 105],[2; 11],[9; 5])
arithmetic_51=([NONE; NONE; NONE; NONE; NONE],[NONE; NONE; NONE; NONE],[NONE; NONE],[NONE; NONE; NONE],[NONE],1,[31; 109; 105],[9; 11],[9; 5])
arithmetic_52=([NONE; SOME 3; SOME 5; SOME 3; NONE],[SOME 5; NONE; SOME 9; NONE],[SOME 3; NONE],[NONE; SOME 3; SOME 3],[SOME 3],1,[31; 109; 105],[7; 11],[9; 5])
arithmetic_53=([NONE; SOME 3; SOME 5; SOME 3; NONE],[SOME 5; NONE; SOME 9; NONE],[SOME 3; NONE],[NONE; SOME 3; SOME 3],[SOME 3],1,[31; 109; 105],[7; 11],[9; 5])
arithmetic_54=([NONE; SOME 3; SOME 5; SOME 9; NONE],[SOME 5; NONE; SOME 9; NONE],[SOME 3; NONE],[NONE; SOME 3; SOME 3],[SOME 3],1,[32; 109; 105],[7; 11],[9; 5])
arithmetic_55=([NONE; SOME 3; SOME 5; SOME 9; NONE],[SOME 5; NONE; SOME 9; NONE],[SOME 3; NONE],[NONE; SOME 3; SOME 3],[SOME 3],1,[32; 109; 105],[7; 11],[9; 5])
arithmetic_56=([NONE; SOME 3; SOME 5; SOME 9; NONE],[SOME 5; NONE; SOME 9; NONE],[SOME 3; NONE],[NONE; SOME 3; SOME 3],[SOME 3],1,[32; 109; 105],[2; 11],[9; 5])
arithmetic_57=([NONE; NONE; NONE; NONE; NONE],[NONE; NONE; NONE; NONE],[NONE; NONE],[NONE; NONE; NONE],[NONE],1,[32; 109; 105],[9; 11],[9; 5])
arithmetic_58=([NONE; SOME 3; SOME 5; SOME 3; NONE],[SOME 5; NONE; SOME 9; NONE],[SOME 3; NONE],[NONE; SOME 3; SOME 3],[SOME 3],1,[32; 109; 105],[7; 11],[9; 5])
arithmetic_59=([NONE; SOME 3; SOME 5; SOME 3; NONE],[SOME 5; NONE; SOME 9; NONE],[SOME 3; NONE],[NONE; SOME 3; SOME 3],[SOME 3],1,[32; 109; 105],[7; 11],[9; 5])
arithmetic_60=([SOME 7; SOME 3; SOME 5; SOME 9; NONE],[SOME 5; SOME 7; SOME 9; NONE],[SOME 3; NONE],[SOME 7; SOME 3; SOME 3],[SOME 3],1,[25; 35; 109; 33; 105],[7],[9; 5])
arithmetic_61=([SOME 3; SOME 3; SOME 5; SOME 9; NONE],[SOME 7; NONE; SOME 9; NONE],[SOME 3; NONE],[SOME 3; SOME 3; NONE],[SOME 3],0,[0],[7],[5])
arithmetic_62=([NONE; SOME 3; SOME 5; SOME 9; NONE],[SOME 5; NONE; SOME 9; NONE],[SOME 3; NONE],[NONE; SOME 3; SOME 3],[SOME 3],1,[25; 35; 109; 33; 105],[2],[9; 5])
arithmetic_63=([NONE; NONE; NONE; NONE; NONE],[NONE; NONE; NONE; NONE],[NONE; NONE],[NONE; NONE; NONE],[NONE],1,[25; 35; 109; 33; 105],[9],[9; 5])
arithmetic_64=([SOME 3; SOME 3; SOME 5; SOME 3; NONE],[SOME 7; NONE; SOME 9; NONE],[SOME 3; NONE],[SOME 3; SOME 3; NONE],[SOME 3],0,[0],[7],[5])
arithmetic_65=([SOME 7; SOME 3; SOME 5; SOME 3; NONE],[SOME 5; SOME 7; SOME 9; NONE],[SOME 3; NONE],[SOME 7; SOME 3; SOME 3],[SOME 3],1,[25; 35; 109; 33; 105],[7],[9; 5])
arithmetic_66=([SOME 7; SOME 3; SOME 5; SOME 9; NONE],[SOME 5; SOME 7; SOME 9; NONE],[SOME 3; NONE],[SOME 7; SOME 3; SOME 3],[SOME 3],1,[25; 36; 109; 34; 255],[7],[9])
arithmetic_67=([SOME 3; SOME 3; SOME 5; SOME 9; NONE],[SOME 7; NONE; SOME 9; NONE],[SOME 3; NONE],[SOME 3; SOME 3; NONE],[SOME 3],0,[0],[7],[5])
arithmetic_68=([NONE; SOME 3; SOME 5; SOME 9; NONE],[SOME 5; NONE; SOME 9; NONE],[SOME 3; NONE],[NONE; SOME 3; SOME 3],[SOME 3],1,[25; 36; 109; 34; 255],[2],[9])
arithmetic_69=([NONE; NONE; NONE; NONE; NONE],[NONE; NONE; NONE; NONE],[NONE; NONE],[NONE; NONE; NONE],[NONE],1,[25; 36; 109; 34; 255],[9],[9])
arithmetic_70=([SOME 3; SOME 3; SOME 5; SOME 3; NONE],[SOME 7; NONE; SOME 9; NONE],[SOME 3; NONE],[SOME 3; SOME 3; NONE],[SOME 3],0,[0],[7],[5])
arithmetic_71=([SOME 7; SOME 3; SOME 5; SOME 3; NONE],[SOME 5; SOME 7; SOME 9; NONE],[SOME 3; NONE],[SOME 7; SOME 3; SOME 3],[SOME 3],1,[25; 36; 109; 34; 255],[7],[9])
arithmetic_72=([NONE; SOME 3; SOME 5; SOME 9; NONE],[SOME 5; NONE; SOME 9; NONE],[SOME 3; NONE],[NONE; SOME 3; SOME 3],[SOME 3],1,[28; 40; 109; 33; 105],[7],[9; 5])
arithmetic_73=([NONE; SOME 3; SOME 5; SOME 9; NONE],[SOME 5; NONE; SOME 9; NONE],[SOME 3; NONE],[NONE; SOME 3; SOME 3],[SOME 3],1,[28; 40; 109; 33; 105],[7],[9; 5])
arithmetic_74=([NONE; SOME 3; SOME 5; SOME 9; NONE],[SOME 5; NONE; SOME 9; NONE],[SOME 3; NONE],[NONE; SOME 3; SOME 3],[SOME 3],1,[28; 40; 109; 33; 105],[2],[9; 5])
arithmetic_75=([NONE; NONE; NONE; NONE; NONE],[NONE; NONE; NONE; NONE],[NONE; NONE],[NONE; NONE; NONE],[NONE],1,[28; 40; 109; 33; 105],[9],[9; 5])
arithmetic_76=([NONE; SOME 3; SOME 5; SOME 3; NONE],[SOME 5; NONE; SOME 9; NONE],[SOME 3; NONE],[NONE; SOME 3; SOME 3],[SOME 3],1,[28; 40; 109; 33; 105],[7],[9; 5])
arithmetic_77=([NONE; SOME 3; SOME 5; SOME 3; NONE],[SOME 5; NONE; SOME 9; NONE],[SOME 3; NONE],[NONE; SOME 3; SOME 3],[SOME 3],1,[28; 40; 109; 33; 105],[7],[9; 5])
arithmetic_78=([SOME 7; SOME 3; SOME 5; SOME 9; NONE],[SOME 5; SOME 7; SOME 9; NONE],[SOME 3; NONE],[SOME 7; SOME 3; SOME 3],[SOME 3],1,[28; 41; 109; 34; 255],[7],[9])
arithmetic_79=([SOME 3; SOME 3; SOME 5; SOME 9; NONE],[SOME 7; NONE; SOME 9; NONE],[SOME 3; NONE],[SOME 3; SOME 3; NONE],[SOME 3],0,[0],[7],[5])
arithmetic_80=([NONE; SOME 3; SOME 5; SOME 9; NONE],[SOME 5; NONE; SOME 9; NONE],[SOME 3; NONE],[NONE; SOME 3; SOME 3],[SOME 3],1,[28; 41; 109; 34; 255],[2],[9])
arithmetic_81=([NONE; NONE; NONE; NONE; NONE],[NONE; NONE; NONE; NONE],[NONE; NONE],[NONE; NONE; NONE],[NONE],1,[28; 41; 109; 34; 255],[9],[9])
arithmetic_82=([SOME 3; SOME 3; SOME 5; SOME 3; NONE],[SOME 7; NONE; SOME 9; NONE],[SOME 3; NONE],[SOME 3; SOME 3; NONE],[SOME 3],0,[0],[7],[5])
arithmetic_83=([SOME 7; SOME 3; SOME 5; SOME 3; NONE],[SOME 5; SOME 7; SOME 9; NONE],[SOME 3; NONE],[SOME 7; SOME 3; SOME 3],[SOME 3],1,[28; 41; 109; 34; 255],[7],[9])
arithmetic_84=([SOME 7; SOME 3; SOME 5; SOME 9; NONE],[SOME 5; SOME 7; SOME 9; NONE],[SOME 3; NONE],[SOME 7; SOME 3; SOME 3],[SOME 3],1,[29; 109; 105],[7],[9; 5])
arithmetic_85=([SOME 3; SOME 3; SOME 5; SOME 9; NONE],[SOME 7; NONE; SOME 9; NONE],[SOME 3; NONE],[SOME 3; SOME 3; NONE],[SOME 3],0,[0],[7],[5])
arithmetic_86=([NONE; SOME 3; SOME 5; SOME 9; NONE],[SOME 5; NONE; SOME 9; NONE],[SOME 3; NONE],[NONE; SOME 3; SOME 3],[SOME 3],1,[29; 109; 105],[2],[9; 5])
arithmetic_87=([NONE; NONE; NONE; NONE; NONE],[NONE; NONE; NONE; NONE],[NONE; NONE],[NONE; NONE; NONE],[NONE],1,[29; 109; 105],[9],[9; 5])
arithmetic_88=([SOME 3; SOME 3; SOME 5; SOME 3; NONE],[SOME 7; NONE; SOME 9; NONE],[SOME 3; NONE],[SOME 3; SOME 3; NONE],[SOME 3],0,[0],[7],[5])
arithmetic_89=([SOME 7; SOME 3; SOME 5; SOME 3; NONE],[SOME 5; SOME 7; SOME 9; NONE],[SOME 3; NONE],[SOME 7; SOME 3; SOME 3],[SOME 3],1,[29; 109; 105],[7],[9; 5])
arithmetic_90=([NONE; SOME 3; SOME 5; SOME 9; NONE],[SOME 5; NONE; SOME 9; NONE],[SOME 3; NONE],[NONE; SOME 3; SOME 3],[SOME 3],1,[26; 109; 105],[7; 11],[9; 5])
arithmetic_91=([NONE; SOME 3; SOME 5; SOME 9; NONE],[SOME 5; NONE; SOME 9; NONE],[SOME 3; NONE],[NONE; SOME 3; SOME 3],[SOME 3],1,[26; 109; 105],[7; 11],[9; 5])
arithmetic_92=([NONE; SOME 3; SOME 5; SOME 9; NONE],[SOME 5; NONE; SOME 9; NONE],[SOME 3; NONE],[NONE; SOME 3; SOME 3],[SOME 3],1,[26; 109; 105],[2; 11],[9; 5])
arithmetic_93=([NONE; NONE; NONE; NONE; NONE],[NONE; NONE; NONE; NONE],[NONE; NONE],[NONE; NONE; NONE],[NONE],1,[26; 109; 105],[9; 11],[9; 5])
arithmetic_94=([NONE; SOME 3; SOME 5; SOME 3; NONE],[SOME 5; NONE; SOME 9; NONE],[SOME 3; NONE],[NONE; SOME 3; SOME 3],[SOME 3],1,[26; 109; 105],[7; 11],[9; 5])
arithmetic_95=([NONE; SOME 3; SOME 5; SOME 3; NONE],[SOME 5; NONE; SOME 9; NONE],[SOME 3; NONE],[NONE; SOME 3; SOME 3],[SOME 3],1,[26; 109; 105],[7; 11],[9; 5])
arithmetic_96=([NONE; SOME 3; SOME 5; SOME 9; NONE],[SOME 5; NONE; SOME 9; NONE],[SOME 3; NONE],[NONE; SOME 3; SOME 3],[SOME 3],1,[27; 109; 105; 103],[7; 11],[9; 5; 3])
arithmetic_97=([NONE; SOME 3; SOME 5; SOME 9; NONE],[SOME 5; NONE; SOME 9; NONE],[SOME 3; NONE],[NONE; SOME 3; SOME 3],[SOME 3],1,[27; 109; 105; 103],[7; 11],[9; 5; 3])
arithmetic_98=([NONE; SOME 3; SOME 5; SOME 9; NONE],[SOME 5; NONE; SOME 9; NONE],[SOME 3; NONE],[NONE; SOME 3; SOME 3],[SOME 3],1,[27; 109; 105; 103],[2; 11],[9; 5; 3])
arithmetic_99=([NONE; NONE; NONE; NONE; NONE],[NONE; NONE; NONE; NONE],[NONE; NONE],[NONE; NONE; NONE],[NONE],1,[27; 109; 105; 103],[9; 11],[9; 5; 3])
arithmetic_100=([NONE; SOME 3; SOME 5; SOME 3; NONE],[SOME 5; NONE; SOME 9; NONE],[SOME 3; NONE],[NONE; SOME 3; SOME 3],[SOME 3],1,[27; 109; 105; 103],[7; 11],[9; 5; 3])
arithmetic_101=([NONE; SOME 3; SOME 5; SOME 3; NONE],[SOME 5; NONE; SOME 9; NONE],[SOME 3; NONE],[NONE; SOME 3; SOME 3],[SOME 3],1,[27; 109; 105; 103],[7; 11],[9; 5; 3])
arithmetic_102=([NONE; SOME 3; SOME 5; SOME 9; NONE],[SOME 5; NONE; SOME 9; NONE],[SOME 3; NONE],[NONE; SOME 3; SOME 3],[SOME 3],1,[30; 109; 105],[7; 11],[9; 5; 11])
arithmetic_103=([NONE; SOME 3; SOME 5; SOME 9; NONE],[SOME 5; NONE; SOME 9; NONE],[SOME 3; NONE],[NONE; SOME 3; SOME 3],[SOME 3],1,[30; 109; 105],[7; 11],[9; 5; 11])
arithmetic_104=([NONE; SOME 3; SOME 5; SOME 9; NONE],[SOME 5; NONE; SOME 9; NONE],[SOME 3; NONE],[NONE; SOME 3; SOME 3],[SOME 3],1,[30; 109; 105],[2; 11],[9; 5; 11])
arithmetic_105=([NONE; NONE; NONE; NONE; NONE],[NONE; NONE; NONE; NONE],[NONE; NONE],[NONE; NONE; NONE],[NONE],1,[30; 109; 105],[9; 11],[9; 5; 11])
arithmetic_106=([NONE; SOME 3; SOME 5; SOME 3; NONE],[SOME 5; NONE; SOME 9; NONE],[SOME 3; NONE],[NONE; SOME 3; SOME 3],[SOME 3],1,[30; 109; 105],[7; 11],[9; 5; 11])
arithmetic_107=([NONE; SOME 3; SOME 5; SOME 3; NONE],[SOME 5; NONE; SOME 9; NONE],[SOME 3; NONE],[NONE; SOME 3; SOME 3],[SOME 3],1,[30; 109; 105],[7; 11],[9; 5; 11])
arithmetic_108=([NONE; SOME 3; SOME 5; SOME 9; NONE],[SOME 5; NONE; SOME 9; NONE],[SOME 3; NONE],[NONE; SOME 3; SOME 3],[SOME 3],1,[31; 109; 105],[7; 11],[9; 5])
arithmetic_109=([NONE; SOME 3; SOME 5; SOME 9; NONE],[SOME 5; NONE; SOME 9; NONE],[SOME 3; NONE],[NONE; SOME 3; SOME 3],[SOME 3],1,[31; 109; 105],[7; 11],[9; 5])
arithmetic_110=([NONE; SOME 3; SOME 5; SOME 9; NONE],[SOME 5; NONE; SOME 9; NONE],[SOME 3; NONE],[NONE; SOME 3; SOME 3],[SOME 3],1,[31; 109; 105],[2; 11],[9; 5])
arithmetic_111=([NONE; NONE; NONE; NONE; NONE],[NONE; NONE; NONE; NONE],[NONE; NONE],[NONE; NONE; NONE],[NONE],1,[31; 109; 105],[9; 11],[9; 5])
arithmetic_112=([NONE; SOME 3; SOME 5; SOME 3; NONE],[SOME 5; NONE; SOME 9; NONE],[SOME 3; NONE],[NONE; SOME 3; SOME 3],[SOME 3],1,[31; 109; 105],[7; 11],[9; 5])
arithmetic_113=([NONE; SOME 3; SOME 5; SOME 3; NONE],[SOME 5; NONE; SOME 9; NONE],[SOME 3; NONE],[NONE; SOME 3; SOME 3],[SOME 3],1,[31; 109; 105],[7; 11],[9; 5])
arithmetic_114=([NONE; SOME 3; SOME 5; SOME 9; NONE],[SOME 5; NONE; SOME 9; NONE],[SOME 3; NONE],[NONE; SOME 3; SOME 3],[SOME 3],1,[32; 109; 105],[7; 11],[9; 5])
arithmetic_115=([NONE; SOME 3; SOME 5; SOME 9; NONE],[SOME 5; NONE; SOME 9; NONE],[SOME 3; NONE],[NONE; SOME 3; SOME 3],[SOME 3],1,[32; 109; 105],[7; 11],[9; 5])
arithmetic_116=([NONE; SOME 3; SOME 5; SOME 9; NONE],[SOME 5; NONE; SOME 9; NONE],[SOME 3; NONE],[NONE; SOME 3; SOME 3],[SOME 3],1,[32; 109; 105],[2; 11],[9; 5])
arithmetic_117=([NONE; NONE; NONE; NONE; NONE],[NONE; NONE; NONE; NONE],[NONE; NONE],[NONE; NONE; NONE],[NONE],1,[32; 109; 105],[9; 11],[9; 5])
arithmetic_118=([NONE; SOME 3; SOME 5; SOME 3; NONE],[SOME 5; NONE; SOME 9; NONE],[SOME 3; NONE],[NONE; SOME 3; SOME 3],[SOME 3],1,[32; 109; 105],[7; 11],[9; 5])
arithmetic_119=([NONE; SOME 3; SOME 5; SOME 3; NONE],[SOME 5; NONE; SOME 9; NONE],[SOME 3; NONE],[NONE; SOME 3; SOME 3],[SOME 3],1,[32; 109; 105],[7; 11],[9; 5])
arithmetic_120=([SOME 7; SOME 3; SOME 5; SOME 9; NONE],[SOME 5; SOME 7; SOME 9; NONE],[SOME 3; NONE],[SOME 7; SOME 3; SOME 3],[SOME 3],1,[25; 35; 109; 33; 105],[7],[9; 5])
arithmetic_121=([SOME 3; SOME 3; SOME 5; SOME 9; NONE],[SOME 7; NONE; SOME 9; NONE],[SOME 3; NONE],[SOME 3; SOME 3; NONE],[SOME 3],0,[0],[7],[5])
arithmetic_122=([NONE; SOME 3; SOME 5; SOME 9; NONE],[SOME 5; NONE; SOME 9; NONE],[SOME 3; NONE],[NONE; SOME 3; SOME 3],[SOME 3],1,[25; 35; 109; 33; 105],[2],[9; 5])
arithmetic_123=([NONE; NONE; NONE; NONE; NONE],[NONE; NONE; NONE; NONE],[NONE; NONE],[NONE; NONE; NONE],[NONE],1,[25; 35; 109; 33; 105],[9],[9; 5])
arithmetic_124=([SOME 3; SOME 3; SOME 5; SOME 3; NONE],[SOME 7; NONE; SOME 9; NONE],[SOME 3; NONE],[SOME 3; SOME 3; NONE],[SOME 3],0,[0],[7],[5])
arithmetic_125=([SOME 7; SOME 3; SOME 5; SOME 3; NONE],[SOME 5; SOME 7; SOME 9; NONE],[SOME 3; NONE],[SOME 7; SOME 3; SOME 3],[SOME 3],1,[25; 35; 109; 33; 105],[7],[9; 5])
arithmetic_126=([SOME 7; SOME 3; SOME 5; SOME 9; NONE],[SOME 5; SOME 7; SOME 9; NONE],[SOME 3; NONE],[SOME 7; SOME 3; SOME 3],[SOME 3],1,[25; 36; 109; 34; 18446744073709551615],[7],[9])
arithmetic_127=([SOME 3; SOME 3; SOME 5; SOME 9; NONE],[SOME 7; NONE; SOME 9; NONE],[SOME 3; NONE],[SOME 3; SOME 3; NONE],[SOME 3],0,[0],[7],[5])
arithmetic_128=([NONE; SOME 3; SOME 5; SOME 9; NONE],[SOME 5; NONE; SOME 9; NONE],[SOME 3; NONE],[NONE; SOME 3; SOME 3],[SOME 3],1,[25; 36; 109; 34; 18446744073709551615],[2],[9])
arithmetic_129=([NONE; NONE; NONE; NONE; NONE],[NONE; NONE; NONE; NONE],[NONE; NONE],[NONE; NONE; NONE],[NONE],1,[25; 36; 109; 34; 18446744073709551615],[9],[9])
arithmetic_130=([SOME 3; SOME 3; SOME 5; SOME 3; NONE],[SOME 7; NONE; SOME 9; NONE],[SOME 3; NONE],[SOME 3; SOME 3; NONE],[SOME 3],0,[0],[7],[5])
arithmetic_131=([SOME 7; SOME 3; SOME 5; SOME 3; NONE],[SOME 5; SOME 7; SOME 9; NONE],[SOME 3; NONE],[SOME 7; SOME 3; SOME 3],[SOME 3],1,[25; 36; 109; 34; 18446744073709551615],[7],[9])
arithmetic_132=([NONE; SOME 3; SOME 5; SOME 9; NONE],[SOME 5; NONE; SOME 9; NONE],[SOME 3; NONE],[NONE; SOME 3; SOME 3],[SOME 3],1,[28; 40; 109; 33; 105],[7],[9; 5])
arithmetic_133=([NONE; SOME 3; SOME 5; SOME 9; NONE],[SOME 5; NONE; SOME 9; NONE],[SOME 3; NONE],[NONE; SOME 3; SOME 3],[SOME 3],1,[28; 40; 109; 33; 105],[7],[9; 5])
arithmetic_134=([NONE; SOME 3; SOME 5; SOME 9; NONE],[SOME 5; NONE; SOME 9; NONE],[SOME 3; NONE],[NONE; SOME 3; SOME 3],[SOME 3],1,[28; 40; 109; 33; 105],[2],[9; 5])
arithmetic_135=([NONE; NONE; NONE; NONE; NONE],[NONE; NONE; NONE; NONE],[NONE; NONE],[NONE; NONE; NONE],[NONE],1,[28; 40; 109; 33; 105],[9],[9; 5])
arithmetic_136=([NONE; SOME 3; SOME 5; SOME 3; NONE],[SOME 5; NONE; SOME 9; NONE],[SOME 3; NONE],[NONE; SOME 3; SOME 3],[SOME 3],1,[28; 40; 109; 33; 105],[7],[9; 5])
arithmetic_137=([NONE; SOME 3; SOME 5; SOME 3; NONE],[SOME 5; NONE; SOME 9; NONE],[SOME 3; NONE],[NONE; SOME 3; SOME 3],[SOME 3],1,[28; 40; 109; 33; 105],[7],[9; 5])
arithmetic_138=([SOME 7; SOME 3; SOME 5; SOME 9; NONE],[SOME 5; SOME 7; SOME 9; NONE],[SOME 3; NONE],[SOME 7; SOME 3; SOME 3],[SOME 3],1,[28; 41; 109; 34; 18446744073709551615],[7],[9])
arithmetic_139=([SOME 3; SOME 3; SOME 5; SOME 9; NONE],[SOME 7; NONE; SOME 9; NONE],[SOME 3; NONE],[SOME 3; SOME 3; NONE],[SOME 3],0,[0],[7],[5])
arithmetic_140=([NONE; SOME 3; SOME 5; SOME 9; NONE],[SOME 5; NONE; SOME 9; NONE],[SOME 3; NONE],[NONE; SOME 3; SOME 3],[SOME 3],1,[28; 41; 109; 34; 18446744073709551615],[2],[9])
arithmetic_141=([NONE; NONE; NONE; NONE; NONE],[NONE; NONE; NONE; NONE],[NONE; NONE],[NONE; NONE; NONE],[NONE],1,[28; 41; 109; 34; 18446744073709551615],[9],[9])
arithmetic_142=([SOME 3; SOME 3; SOME 5; SOME 3; NONE],[SOME 7; NONE; SOME 9; NONE],[SOME 3; NONE],[SOME 3; SOME 3; NONE],[SOME 3],0,[0],[7],[5])
arithmetic_143=([SOME 7; SOME 3; SOME 5; SOME 3; NONE],[SOME 5; SOME 7; SOME 9; NONE],[SOME 3; NONE],[SOME 7; SOME 3; SOME 3],[SOME 3],1,[28; 41; 109; 34; 18446744073709551615],[7],[9])
arithmetic_144=([SOME 7; SOME 3; SOME 5; SOME 9; NONE],[SOME 5; SOME 7; SOME 9; NONE],[SOME 3; NONE],[SOME 7; SOME 3; SOME 3],[SOME 3],1,[29; 109; 105],[7],[9; 5])
arithmetic_145=([SOME 3; SOME 3; SOME 5; SOME 9; NONE],[SOME 7; NONE; SOME 9; NONE],[SOME 3; NONE],[SOME 3; SOME 3; NONE],[SOME 3],0,[0],[7],[5])
arithmetic_146=([NONE; SOME 3; SOME 5; SOME 9; NONE],[SOME 5; NONE; SOME 9; NONE],[SOME 3; NONE],[NONE; SOME 3; SOME 3],[SOME 3],1,[29; 109; 105],[2],[9; 5])
arithmetic_147=([NONE; NONE; NONE; NONE; NONE],[NONE; NONE; NONE; NONE],[NONE; NONE],[NONE; NONE; NONE],[NONE],1,[29; 109; 105],[9],[9; 5])
arithmetic_148=([SOME 3; SOME 3; SOME 5; SOME 3; NONE],[SOME 7; NONE; SOME 9; NONE],[SOME 3; NONE],[SOME 3; SOME 3; NONE],[SOME 3],0,[0],[7],[5])
arithmetic_149=([SOME 7; SOME 3; SOME 5; SOME 3; NONE],[SOME 5; SOME 7; SOME 9; NONE],[SOME 3; NONE],[SOME 7; SOME 3; SOME 3],[SOME 3],1,[29; 109; 105],[7],[9; 5])
arithmetic_150=([NONE; SOME 3; SOME 5; SOME 9; NONE],[SOME 5; NONE; SOME 9; NONE],[SOME 3; NONE],[NONE; SOME 3; SOME 3],[SOME 3],1,[26; 109; 105],[7; 11],[9; 5])
arithmetic_151=([NONE; SOME 3; SOME 5; SOME 9; NONE],[SOME 5; NONE; SOME 9; NONE],[SOME 3; NONE],[NONE; SOME 3; SOME 3],[SOME 3],1,[26; 109; 105],[7; 11],[9; 5])
arithmetic_152=([NONE; SOME 3; SOME 5; SOME 9; NONE],[SOME 5; NONE; SOME 9; NONE],[SOME 3; NONE],[NONE; SOME 3; SOME 3],[SOME 3],1,[26; 109; 105],[2; 11],[9; 5])
arithmetic_153=([NONE; NONE; NONE; NONE; NONE],[NONE; NONE; NONE; NONE],[NONE; NONE],[NONE; NONE; NONE],[NONE],1,[26; 109; 105],[9; 11],[9; 5])
arithmetic_154=([NONE; SOME 3; SOME 5; SOME 3; NONE],[SOME 5; NONE; SOME 9; NONE],[SOME 3; NONE],[NONE; SOME 3; SOME 3],[SOME 3],1,[26; 109; 105],[7; 11],[9; 5])
arithmetic_155=([NONE; SOME 3; SOME 5; SOME 3; NONE],[SOME 5; NONE; SOME 9; NONE],[SOME 3; NONE],[NONE; SOME 3; SOME 3],[SOME 3],1,[26; 109; 105],[7; 11],[9; 5])
arithmetic_156=([NONE; SOME 3; SOME 5; SOME 9; NONE],[SOME 5; NONE; SOME 9; NONE],[SOME 3; NONE],[NONE; SOME 3; SOME 3],[SOME 3],1,[27; 109; 105; 103],[7; 11],[9; 5; 3])
arithmetic_157=([NONE; SOME 3; SOME 5; SOME 9; NONE],[SOME 5; NONE; SOME 9; NONE],[SOME 3; NONE],[NONE; SOME 3; SOME 3],[SOME 3],1,[27; 109; 105; 103],[7; 11],[9; 5; 3])
arithmetic_158=([NONE; SOME 3; SOME 5; SOME 9; NONE],[SOME 5; NONE; SOME 9; NONE],[SOME 3; NONE],[NONE; SOME 3; SOME 3],[SOME 3],1,[27; 109; 105; 103],[2; 11],[9; 5; 3])
arithmetic_159=([NONE; NONE; NONE; NONE; NONE],[NONE; NONE; NONE; NONE],[NONE; NONE],[NONE; NONE; NONE],[NONE],1,[27; 109; 105; 103],[9; 11],[9; 5; 3])
arithmetic_160=([NONE; SOME 3; SOME 5; SOME 3; NONE],[SOME 5; NONE; SOME 9; NONE],[SOME 3; NONE],[NONE; SOME 3; SOME 3],[SOME 3],1,[27; 109; 105; 103],[7; 11],[9; 5; 3])
arithmetic_161=([NONE; SOME 3; SOME 5; SOME 3; NONE],[SOME 5; NONE; SOME 9; NONE],[SOME 3; NONE],[NONE; SOME 3; SOME 3],[SOME 3],1,[27; 109; 105; 103],[7; 11],[9; 5; 3])
arithmetic_162=([NONE; SOME 3; SOME 5; SOME 9; NONE],[SOME 5; NONE; SOME 9; NONE],[SOME 3; NONE],[NONE; SOME 3; SOME 3],[SOME 3],1,[30; 109; 105],[7; 11],[9; 5; 11])
arithmetic_163=([NONE; SOME 3; SOME 5; SOME 9; NONE],[SOME 5; NONE; SOME 9; NONE],[SOME 3; NONE],[NONE; SOME 3; SOME 3],[SOME 3],1,[30; 109; 105],[7; 11],[9; 5; 11])
arithmetic_164=([NONE; SOME 3; SOME 5; SOME 9; NONE],[SOME 5; NONE; SOME 9; NONE],[SOME 3; NONE],[NONE; SOME 3; SOME 3],[SOME 3],1,[30; 109; 105],[2; 11],[9; 5; 11])
arithmetic_165=([NONE; NONE; NONE; NONE; NONE],[NONE; NONE; NONE; NONE],[NONE; NONE],[NONE; NONE; NONE],[NONE],1,[30; 109; 105],[9; 11],[9; 5; 11])
arithmetic_166=([NONE; SOME 3; SOME 5; SOME 3; NONE],[SOME 5; NONE; SOME 9; NONE],[SOME 3; NONE],[NONE; SOME 3; SOME 3],[SOME 3],1,[30; 109; 105],[7; 11],[9; 5; 11])
arithmetic_167=([NONE; SOME 3; SOME 5; SOME 3; NONE],[SOME 5; NONE; SOME 9; NONE],[SOME 3; NONE],[NONE; SOME 3; SOME 3],[SOME 3],1,[30; 109; 105],[7; 11],[9; 5; 11])
arithmetic_168=([NONE; SOME 3; SOME 5; SOME 9; NONE],[SOME 5; NONE; SOME 9; NONE],[SOME 3; NONE],[NONE; SOME 3; SOME 3],[SOME 3],1,[31; 109; 105],[7; 11],[9; 5])
arithmetic_169=([NONE; SOME 3; SOME 5; SOME 9; NONE],[SOME 5; NONE; SOME 9; NONE],[SOME 3; NONE],[NONE; SOME 3; SOME 3],[SOME 3],1,[31; 109; 105],[7; 11],[9; 5])
arithmetic_170=([NONE; SOME 3; SOME 5; SOME 9; NONE],[SOME 5; NONE; SOME 9; NONE],[SOME 3; NONE],[NONE; SOME 3; SOME 3],[SOME 3],1,[31; 109; 105],[2; 11],[9; 5])
arithmetic_171=([NONE; NONE; NONE; NONE; NONE],[NONE; NONE; NONE; NONE],[NONE; NONE],[NONE; NONE; NONE],[NONE],1,[31; 109; 105],[9; 11],[9; 5])
arithmetic_172=([NONE; SOME 3; SOME 5; SOME 3; NONE],[SOME 5; NONE; SOME 9; NONE],[SOME 3; NONE],[NONE; SOME 3; SOME 3],[SOME 3],1,[31; 109; 105],[7; 11],[9; 5])
arithmetic_173=([NONE; SOME 3; SOME 5; SOME 3; NONE],[SOME 5; NONE; SOME 9; NONE],[SOME 3; NONE],[NONE; SOME 3; SOME 3],[SOME 3],1,[31; 109; 105],[7; 11],[9; 5])
arithmetic_174=([NONE; SOME 3; SOME 5; SOME 9; NONE],[SOME 5; NONE; SOME 9; NONE],[SOME 3; NONE],[NONE; SOME 3; SOME 3],[SOME 3],1,[32; 109; 105],[7; 11],[9; 5])
arithmetic_175=([NONE; SOME 3; SOME 5; SOME 9; NONE],[SOME 5; NONE; SOME 9; NONE],[SOME 3; NONE],[NONE; SOME 3; SOME 3],[SOME 3],1,[32; 109; 105],[7; 11],[9; 5])
arithmetic_176=([NONE; SOME 3; SOME 5; SOME 9; NONE],[SOME 5; NONE; SOME 9; NONE],[SOME 3; NONE],[NONE; SOME 3; SOME 3],[SOME 3],1,[32; 109; 105],[2; 11],[9; 5])
arithmetic_177=([NONE; NONE; NONE; NONE; NONE],[NONE; NONE; NONE; NONE],[NONE; NONE],[NONE; NONE; NONE],[NONE],1,[32; 109; 105],[9; 11],[9; 5])
arithmetic_178=([NONE; SOME 3; SOME 5; SOME 3; NONE],[SOME 5; NONE; SOME 9; NONE],[SOME 3; NONE],[NONE; SOME 3; SOME 3],[SOME 3],1,[32; 109; 105],[7; 11],[9; 5])
arithmetic_179=([NONE; SOME 3; SOME 5; SOME 3; NONE],[SOME 5; NONE; SOME 9; NONE],[SOME 3; NONE],[NONE; SOME 3; SOME 3],[SOME 3],1,[32; 109; 105],[7; 11],[9; 5])
arithmetic_180=([SOME 7; SOME 3; SOME 5; SOME 9; NONE],[SOME 5; SOME 7; SOME 9; NONE],[SOME 3; NONE],[SOME 7; SOME 3; SOME 3],[SOME 3],1,[25; 35; 109; 33; 105],[7],[9; 5])
arithmetic_181=([SOME 3; SOME 3; SOME 5; SOME 9; NONE],[SOME 7; NONE; SOME 9; NONE],[SOME 3; NONE],[SOME 3; SOME 3; NONE],[SOME 3],0,[0],[7],[5])
arithmetic_182=([NONE; SOME 3; SOME 5; SOME 9; NONE],[SOME 5; NONE; SOME 9; NONE],[SOME 3; NONE],[NONE; SOME 3; SOME 3],[SOME 3],1,[25; 35; 109; 33; 105],[2],[9; 5])
arithmetic_183=([NONE; NONE; NONE; NONE; NONE],[NONE; NONE; NONE; NONE],[NONE; NONE],[NONE; NONE; NONE],[NONE],1,[25; 35; 109; 33; 105],[9],[9; 5])
arithmetic_184=([SOME 3; SOME 3; SOME 5; SOME 3; NONE],[SOME 7; NONE; SOME 9; NONE],[SOME 3; NONE],[SOME 3; SOME 3; NONE],[SOME 3],0,[0],[7],[5])
arithmetic_185=([SOME 7; SOME 3; SOME 5; SOME 3; NONE],[SOME 5; SOME 7; SOME 9; NONE],[SOME 3; NONE],[SOME 7; SOME 3; SOME 3],[SOME 3],1,[25; 35; 109; 33; 105],[7],[9; 5])
arithmetic_186=([SOME 7; SOME 3; SOME 5; SOME 9; NONE],[SOME 5; SOME 7; SOME 9; NONE],[SOME 3; NONE],[SOME 7; SOME 3; SOME 3],[SOME 3],1,[25; 36; 109; 34; 1208925819614629174706175],[7],[9])
arithmetic_187=([SOME 3; SOME 3; SOME 5; SOME 9; NONE],[SOME 7; NONE; SOME 9; NONE],[SOME 3; NONE],[SOME 3; SOME 3; NONE],[SOME 3],0,[0],[7],[5])
arithmetic_188=([NONE; SOME 3; SOME 5; SOME 9; NONE],[SOME 5; NONE; SOME 9; NONE],[SOME 3; NONE],[NONE; SOME 3; SOME 3],[SOME 3],1,[25; 36; 109; 34; 1208925819614629174706175],[2],[9])
arithmetic_189=([NONE; NONE; NONE; NONE; NONE],[NONE; NONE; NONE; NONE],[NONE; NONE],[NONE; NONE; NONE],[NONE],1,[25; 36; 109; 34; 1208925819614629174706175],[9],[9])
arithmetic_190=([SOME 3; SOME 3; SOME 5; SOME 3; NONE],[SOME 7; NONE; SOME 9; NONE],[SOME 3; NONE],[SOME 3; SOME 3; NONE],[SOME 3],0,[0],[7],[5])
arithmetic_191=([SOME 7; SOME 3; SOME 5; SOME 3; NONE],[SOME 5; SOME 7; SOME 9; NONE],[SOME 3; NONE],[SOME 7; SOME 3; SOME 3],[SOME 3],1,[25; 36; 109; 34; 1208925819614629174706175],[7],[9])
arithmetic_192=([NONE; SOME 3; SOME 5; SOME 9; NONE],[SOME 5; NONE; SOME 9; NONE],[SOME 3; NONE],[NONE; SOME 3; SOME 3],[SOME 3],1,[28; 40; 109; 33; 105],[7],[9; 5])
arithmetic_193=([NONE; SOME 3; SOME 5; SOME 9; NONE],[SOME 5; NONE; SOME 9; NONE],[SOME 3; NONE],[NONE; SOME 3; SOME 3],[SOME 3],1,[28; 40; 109; 33; 105],[7],[9; 5])
arithmetic_194=([NONE; SOME 3; SOME 5; SOME 9; NONE],[SOME 5; NONE; SOME 9; NONE],[SOME 3; NONE],[NONE; SOME 3; SOME 3],[SOME 3],1,[28; 40; 109; 33; 105],[2],[9; 5])
arithmetic_195=([NONE; NONE; NONE; NONE; NONE],[NONE; NONE; NONE; NONE],[NONE; NONE],[NONE; NONE; NONE],[NONE],1,[28; 40; 109; 33; 105],[9],[9; 5])
arithmetic_196=([NONE; SOME 3; SOME 5; SOME 3; NONE],[SOME 5; NONE; SOME 9; NONE],[SOME 3; NONE],[NONE; SOME 3; SOME 3],[SOME 3],1,[28; 40; 109; 33; 105],[7],[9; 5])
arithmetic_197=([NONE; SOME 3; SOME 5; SOME 3; NONE],[SOME 5; NONE; SOME 9; NONE],[SOME 3; NONE],[NONE; SOME 3; SOME 3],[SOME 3],1,[28; 40; 109; 33; 105],[7],[9; 5])
arithmetic_198=([SOME 7; SOME 3; SOME 5; SOME 9; NONE],[SOME 5; SOME 7; SOME 9; NONE],[SOME 3; NONE],[SOME 7; SOME 3; SOME 3],[SOME 3],1,[28; 41; 109; 34; 1208925819614629174706175],[7],[9])
arithmetic_199=([SOME 3; SOME 3; SOME 5; SOME 9; NONE],[SOME 7; NONE; SOME 9; NONE],[SOME 3; NONE],[SOME 3; SOME 3; NONE],[SOME 3],0,[0],[7],[5])
arithmetic_200=([NONE; SOME 3; SOME 5; SOME 9; NONE],[SOME 5; NONE; SOME 9; NONE],[SOME 3; NONE],[NONE; SOME 3; SOME 3],[SOME 3],1,[28; 41; 109; 34; 1208925819614629174706175],[2],[9])
arithmetic_201=([NONE; NONE; NONE; NONE; NONE],[NONE; NONE; NONE; NONE],[NONE; NONE],[NONE; NONE; NONE],[NONE],1,[28; 41; 109; 34; 1208925819614629174706175],[9],[9])
arithmetic_202=([SOME 3; SOME 3; SOME 5; SOME 3; NONE],[SOME 7; NONE; SOME 9; NONE],[SOME 3; NONE],[SOME 3; SOME 3; NONE],[SOME 3],0,[0],[7],[5])
arithmetic_203=([SOME 7; SOME 3; SOME 5; SOME 3; NONE],[SOME 5; SOME 7; SOME 9; NONE],[SOME 3; NONE],[SOME 7; SOME 3; SOME 3],[SOME 3],1,[28; 41; 109; 34; 1208925819614629174706175],[7],[9])
arithmetic_204=([SOME 7; SOME 3; SOME 5; SOME 9; NONE],[SOME 5; SOME 7; SOME 9; NONE],[SOME 3; NONE],[SOME 7; SOME 3; SOME 3],[SOME 3],1,[29; 109; 105],[7],[9; 5])
arithmetic_205=([SOME 3; SOME 3; SOME 5; SOME 9; NONE],[SOME 7; NONE; SOME 9; NONE],[SOME 3; NONE],[SOME 3; SOME 3; NONE],[SOME 3],0,[0],[7],[5])
arithmetic_206=([NONE; SOME 3; SOME 5; SOME 9; NONE],[SOME 5; NONE; SOME 9; NONE],[SOME 3; NONE],[NONE; SOME 3; SOME 3],[SOME 3],1,[29; 109; 105],[2],[9; 5])
arithmetic_207=([NONE; NONE; NONE; NONE; NONE],[NONE; NONE; NONE; NONE],[NONE; NONE],[NONE; NONE; NONE],[NONE],1,[29; 109; 105],[9],[9; 5])
arithmetic_208=([SOME 3; SOME 3; SOME 5; SOME 3; NONE],[SOME 7; NONE; SOME 9; NONE],[SOME 3; NONE],[SOME 3; SOME 3; NONE],[SOME 3],0,[0],[7],[5])
arithmetic_209=([SOME 7; SOME 3; SOME 5; SOME 3; NONE],[SOME 5; SOME 7; SOME 9; NONE],[SOME 3; NONE],[SOME 7; SOME 3; SOME 3],[SOME 3],1,[29; 109; 105],[7],[9; 5])
arithmetic_210=([NONE; SOME 3; SOME 5; SOME 9; NONE],[SOME 5; NONE; SOME 9; NONE],[SOME 3; NONE],[NONE; SOME 3; SOME 3],[SOME 3],1,[26; 109; 105],[7; 11],[9; 5])
arithmetic_211=([NONE; SOME 3; SOME 5; SOME 9; NONE],[SOME 5; NONE; SOME 9; NONE],[SOME 3; NONE],[NONE; SOME 3; SOME 3],[SOME 3],1,[26; 109; 105],[7; 11],[9; 5])
arithmetic_212=([NONE; SOME 3; SOME 5; SOME 9; NONE],[SOME 5; NONE; SOME 9; NONE],[SOME 3; NONE],[NONE; SOME 3; SOME 3],[SOME 3],1,[26; 109; 105],[2; 11],[9; 5])
arithmetic_213=([NONE; NONE; NONE; NONE; NONE],[NONE; NONE; NONE; NONE],[NONE; NONE],[NONE; NONE; NONE],[NONE],1,[26; 109; 105],[9; 11],[9; 5])
arithmetic_214=([NONE; SOME 3; SOME 5; SOME 3; NONE],[SOME 5; NONE; SOME 9; NONE],[SOME 3; NONE],[NONE; SOME 3; SOME 3],[SOME 3],1,[26; 109; 105],[7; 11],[9; 5])
arithmetic_215=([NONE; SOME 3; SOME 5; SOME 3; NONE],[SOME 5; NONE; SOME 9; NONE],[SOME 3; NONE],[NONE; SOME 3; SOME 3],[SOME 3],1,[26; 109; 105],[7; 11],[9; 5])
arithmetic_216=([NONE; SOME 3; SOME 5; SOME 9; NONE],[SOME 5; NONE; SOME 9; NONE],[SOME 3; NONE],[NONE; SOME 3; SOME 3],[SOME 3],1,[27; 109; 105; 103],[7; 11],[9; 5; 3])
arithmetic_217=([NONE; SOME 3; SOME 5; SOME 9; NONE],[SOME 5; NONE; SOME 9; NONE],[SOME 3; NONE],[NONE; SOME 3; SOME 3],[SOME 3],1,[27; 109; 105; 103],[7; 11],[9; 5; 3])
arithmetic_218=([NONE; SOME 3; SOME 5; SOME 9; NONE],[SOME 5; NONE; SOME 9; NONE],[SOME 3; NONE],[NONE; SOME 3; SOME 3],[SOME 3],1,[27; 109; 105; 103],[2; 11],[9; 5; 3])
arithmetic_219=([NONE; NONE; NONE; NONE; NONE],[NONE; NONE; NONE; NONE],[NONE; NONE],[NONE; NONE; NONE],[NONE],1,[27; 109; 105; 103],[9; 11],[9; 5; 3])
arithmetic_220=([NONE; SOME 3; SOME 5; SOME 3; NONE],[SOME 5; NONE; SOME 9; NONE],[SOME 3; NONE],[NONE; SOME 3; SOME 3],[SOME 3],1,[27; 109; 105; 103],[7; 11],[9; 5; 3])
arithmetic_221=([NONE; SOME 3; SOME 5; SOME 3; NONE],[SOME 5; NONE; SOME 9; NONE],[SOME 3; NONE],[NONE; SOME 3; SOME 3],[SOME 3],1,[27; 109; 105; 103],[7; 11],[9; 5; 3])
arithmetic_222=([NONE; SOME 3; SOME 5; SOME 9; NONE],[SOME 5; NONE; SOME 9; NONE],[SOME 3; NONE],[NONE; SOME 3; SOME 3],[SOME 3],1,[30; 109; 105],[7; 11],[9; 5; 11])
arithmetic_223=([NONE; SOME 3; SOME 5; SOME 9; NONE],[SOME 5; NONE; SOME 9; NONE],[SOME 3; NONE],[NONE; SOME 3; SOME 3],[SOME 3],1,[30; 109; 105],[7; 11],[9; 5; 11])
arithmetic_224=([NONE; SOME 3; SOME 5; SOME 9; NONE],[SOME 5; NONE; SOME 9; NONE],[SOME 3; NONE],[NONE; SOME 3; SOME 3],[SOME 3],1,[30; 109; 105],[2; 11],[9; 5; 11])
arithmetic_225=([NONE; NONE; NONE; NONE; NONE],[NONE; NONE; NONE; NONE],[NONE; NONE],[NONE; NONE; NONE],[NONE],1,[30; 109; 105],[9; 11],[9; 5; 11])
arithmetic_226=([NONE; SOME 3; SOME 5; SOME 3; NONE],[SOME 5; NONE; SOME 9; NONE],[SOME 3; NONE],[NONE; SOME 3; SOME 3],[SOME 3],1,[30; 109; 105],[7; 11],[9; 5; 11])
arithmetic_227=([NONE; SOME 3; SOME 5; SOME 3; NONE],[SOME 5; NONE; SOME 9; NONE],[SOME 3; NONE],[NONE; SOME 3; SOME 3],[SOME 3],1,[30; 109; 105],[7; 11],[9; 5; 11])
arithmetic_228=([NONE; SOME 3; SOME 5; SOME 9; NONE],[SOME 5; NONE; SOME 9; NONE],[SOME 3; NONE],[NONE; SOME 3; SOME 3],[SOME 3],1,[31; 109; 105],[7; 11],[9; 5])
arithmetic_229=([NONE; SOME 3; SOME 5; SOME 9; NONE],[SOME 5; NONE; SOME 9; NONE],[SOME 3; NONE],[NONE; SOME 3; SOME 3],[SOME 3],1,[31; 109; 105],[7; 11],[9; 5])
arithmetic_230=([NONE; SOME 3; SOME 5; SOME 9; NONE],[SOME 5; NONE; SOME 9; NONE],[SOME 3; NONE],[NONE; SOME 3; SOME 3],[SOME 3],1,[31; 109; 105],[2; 11],[9; 5])
arithmetic_231=([NONE; NONE; NONE; NONE; NONE],[NONE; NONE; NONE; NONE],[NONE; NONE],[NONE; NONE; NONE],[NONE],1,[31; 109; 105],[9; 11],[9; 5])
arithmetic_232=([NONE; SOME 3; SOME 5; SOME 3; NONE],[SOME 5; NONE; SOME 9; NONE],[SOME 3; NONE],[NONE; SOME 3; SOME 3],[SOME 3],1,[31; 109; 105],[7; 11],[9; 5])
arithmetic_233=([NONE; SOME 3; SOME 5; SOME 3; NONE],[SOME 5; NONE; SOME 9; NONE],[SOME 3; NONE],[NONE; SOME 3; SOME 3],[SOME 3],1,[31; 109; 105],[7; 11],[9; 5])
arithmetic_234=([NONE; SOME 3; SOME 5; SOME 9; NONE],[SOME 5; NONE; SOME 9; NONE],[SOME 3; NONE],[NONE; SOME 3; SOME 3],[SOME 3],1,[32; 109; 105],[7; 11],[9; 5])
arithmetic_235=([NONE; SOME 3; SOME 5; SOME 9; NONE],[SOME 5; NONE; SOME 9; NONE],[SOME 3; NONE],[NONE; SOME 3; SOME 3],[SOME 3],1,[32; 109; 105],[7; 11],[9; 5])
arithmetic_236=([NONE; SOME 3; SOME 5; SOME 9; NONE],[SOME 5; NONE; SOME 9; NONE],[SOME 3; NONE],[NONE; SOME 3; SOME 3],[SOME 3],1,[32; 109; 105],[2; 11],[9; 5])
arithmetic_237=([NONE; NONE; NONE; NONE; NONE],[NONE; NONE; NONE; NONE],[NONE; NONE],[NONE; NONE; NONE],[NONE],1,[32; 109; 105],[9; 11],[9; 5])
arithmetic_238=([NONE; SOME 3; SOME 5; SOME 3; NONE],[SOME 5; NONE; SOME 9; NONE],[SOME 3; NONE],[NONE; SOME 3; SOME 3],[SOME 3],1,[32; 109; 105],[7; 11],[9; 5])
arithmetic_239=([NONE; SOME 3; SOME 5; SOME 3; NONE],[SOME 5; NONE; SOME 9; NONE],[SOME 3; NONE],[NONE; SOME 3; SOME 3],[SOME 3],1,[32; 109; 105],[7; 11],[9; 5])
