gc_ptr_to_addr=1144w
gc_update_addr=1287w
gc_decode_length=3w
gc_is_ref_header_8=T
gc_is_ref_header_c=F
gc_memcpy=(216w,Word 100w,Word 108w,Word 216w,T)
gc_memcpy_dom=F
gc_move_loc=(Loc 3 0,7w,2000w,T)
gc_move_loc_nonzero=(Loc 3 4,7w,2000w,F)
gc_move_small=(Word 4w,7w,2000w,T)
gc_move_copy=(Word 1793w,9w,2016w,Word 28w,Word 0x1000000000002w,Word 1016w,T)
gc_move_fwd=(Word 4097w,7w,2000w,Word 64w,T)
gc_gen_move_copy=(Word 1793w,9w,2016w,50w,3000w,Word 28w,Word 0x1000000000002w,T)
gc_gen_move_ref=(Word 12289w,7w,2000w,48w,2984w,Word 192w,Word 0x100000000000Aw,Word 1016w,T)
gc_partial_move_outside=(Word 257w,7w,2000w,T)
gc_partial_move_inside=(Word 1793w,9w,2016w,Word 28w,T)
gc_move_roots=([Word 4w; Loc 1 0; Word 1793w],9w,2016w,T)
gc_move_list=(516w,9w,2016w,Word 1793w,Word 4w,T)
gc_glob_real=Word 1016w
gc_glob_real_loc=Loc 2 3
gc_new_trig_small=80w
gc_new_trig_big=100w
gc_new_trig_aligned=200w
gc_new_trig_unaligned=1000w
gc_is_gc_const_even=T
gc_is_gc_const_odd=F
gc_is_gc_word_const_loc=T
gc_is_gc_word_const_odd=F
gc_refs_to_addresses_empty=[]
gc_refs_to_addresses_basic=[Pointer 0 1000w; Data 2000w]
gc_refs_to_addresses_skip=[Data 3000w]
